SoftReset, 1138622 us
DDR V1.18 f366f69a7d typ 23/07/17-15:48:58
In
LP4/4x derate en, other dram:1x trefi
SRX
ddrconfig:0
LP4 MR14:0x4d
LPDDR4, 324MHz
BW=32 Col=10 Bk=8 CS0 Row=16 CS=1 Die BW=16 Size=2048MB
tdqss: cs0 dqs0: 24ps, dqs1: -72ps, dqs2: -48ps, dqs3: -144ps, 

change to: 324MHz
clk skew:0x62

change to: 528MHz
clk skew:0x58

change to: 780MHz
clk skew:0x58

change to: 1560MHz(final freq)
PHY drv:clk:38,ca:38,DQ:30,odt:60
vrefinner:16%, vrefout:29%
dram drv:40,odt:80
vref_ca:00000068
clk skew:0x1c
cs 0:
the read training result:
DQS0:0x36, DQS1:0x38, DQS2:0x3c, DQS3:0x34, 
min  : 0xf  0xf 0x12  0xe  0x3  0x4  0x9  0x5 , 0xd  0x9  0x4  0x3  0xe  0xb  0xf  0xa ,
      0x15 0x14  0xf  0xd  0x5  0x2  0x5  0x6 , 0xc  0x9  0x9  0x1  0xd  0xe  0xc  0xf ,
mid  :0x2a 0x2a 0x2d 0x29 0x1c 0x20 0x23 0x20 ,0x28 0x25 0x1e 0x21 0x29 0x27 0x28 0x26 ,
      0x31 0x30 0x2b 0x2a 0x21 0x1f 0x20 0x23 ,0x28 0x25 0x23 0x1d 0x29 0x2a 0x28 0x2c ,
max  :0x45 0x46 0x49 0x45 0x36 0x3d 0x3d 0x3b ,0x43 0x42 0x39 0x3f 0x44 0x44 0x42 0x42 ,
      0x4d 0x4c 0x48 0x48 0x3d 0x3d 0x3b 0x40 ,0x44 0x42 0x3d 0x39 0x46 0x46 0x44 0x49 ,
range:0x36 0x37 0x37 0x37 0x33 0x39 0x34 0x36 ,0x36 0x39 0x35 0x3c 0x36 0x39 0x33 0x38 ,
      0x38 0x38 0x39 0x3b 0x38 0x3b 0x36 0x3a ,0x38 0x39 0x34 0x38 0x39 0x38 0x38 0x3a ,
the write training result:
DQS0:0x20, DQS1:0xe, DQS2:0x13, DQS3:0x0, 
min  :0x6d 0x72 0x73 0x70 0x62 0x65 0x6a 0x69 0x6a ,0x54 0x55 0x4f 0x51 0x5a 0x5a 0x5a 0x58 0x55 ,
      0x60 0x60 0x5b 0x5c 0x54 0x52 0x54 0x56 0x59 ,0x4c 0x4b 0x48 0x45 0x51 0x52 0x4d 0x53 0x49 ,
mid  :0x88 0x8c 0x8d 0x8a 0x79 0x7c 0x83 0x81 0x82 ,0x70 0x6f 0x68 0x6b 0x73 0x71 0x73 0x71 0x6e ,
      0x7c 0x7b 0x74 0x76 0x6c 0x6a 0x6c 0x6f 0x71 ,0x67 0x64 0x60 0x5f 0x69 0x6c 0x67 0x6d 0x63 ,
max  :0xa3 0xa6 0xa7 0xa5 0x91 0x93 0x9c 0x99 0x9b ,0x8d 0x8a 0x82 0x85 0x8c 0x89 0x8c 0x8b 0x88 ,
      0x98 0x97 0x8e 0x90 0x84 0x82 0x84 0x88 0x8a ,0x82 0x7d 0x79 0x79 0x82 0x86 0x82 0x88 0x7d ,
range:0x36 0x34 0x34 0x35 0x2f 0x2e 0x32 0x30 0x31 ,0x39 0x35 0x33 0x34 0x32 0x2f 0x32 0x33 0x33 ,
      0x38 0x37 0x33 0x34 0x30 0x30 0x30 0x32 0x31 ,0x36 0x32 0x31 0x34 0x31 0x34 0x35 0x35 0x34 ,
CA Training result:
cs:0 min  :0x47 0x45 0x3b 0x37 0x3e 0x35 0x40 ,0x49 0x42 0x3f 0x38 0x3c 0x36 0x42 ,
cs:0 mid  :0x84 0x84 0x78 0x77 0x7a 0x74 0x6e ,0x85 0x82 0x7b 0x77 0x78 0x76 0x70 ,
cs:0 max  :0xc1 0xc4 0xb5 0xb7 0xb7 0xb4 0x9d ,0xc2 0xc3 0xb7 0xb7 0xb5 0xb6 0x9e ,
cs:0 range:0x7a 0x7f 0x7a 0x80 0x79 0x7f 0x5d ,0x79 0x81 0x78 0x7f 0x79 0x80 0x5c ,
out
U-Boot SPL board init
U-Boot SPL 2017.09-gaaca6ffec1-211203 #zzz (Dec 03 2021 - 18:42:16)
unknown raw ID phN
unrecognized JEDEC id bytes: 00, 00, 00
Trying to boot from MMC2
MMC error: The cmd index is 1, ret is -110
Card did not respond to voltage select!
mmc_init: -95, time 10
spl: mmc init failed with error: -95
Trying to boot from MMC1
SPL: A/B-slot: _a, successful: 0, tries-remain: 7
Trying fit image at 0x4000 sector
## Verified-boot: 0
## Checking atf-1 0x00040000 ... sha256(0d5225a4ab...) + OK
## Checking uboot 0x00a00000 ... sha256(5061765162...) + OK
## Checking fdt 0x00b41840 ... sha256(036cca5880...) + OK
## Checking atf-2 0xfdcc1000 ... sha256(3e94d16e6a...) + OK
## Checking atf-3 0x0006b000 ... sha256(fde0ef262b...) + OK
## Checking atf-4 0xfdcce000 ... sha256(c9eb312bf2...) + OK
## Checking atf-5 0xfdcd0000 ... sha256(befba422b8...) + OK
## Checking atf-6 0x00069000 ... sha256(6ede7a3b44...) + OK
## Checking optee 0x08400000 ... sha256(4fcbcd3870...) + OK
Jumping to U-Boot(0x00a00000) via ARM Trusted Firmware(0x00040000)
Total: 237.322 ms

INFO:    Preloader serial: 2
NOTICE:  BL31: v2.3():v2.3-607-gbf602aff1:cl
NOTICE:  BL31: Built : 10:16:03, Jun  5 2023
INFO:    GICv3 without legacy support detected.
INFO:    ARM GICv3 driver initialized in EL3
INFO:    pmu v1 is valid 220114
INFO:    dfs DDR fsp_param[0].freq_mhz= 1560MHz
INFO:    dfs DDR fsp_param[1].freq_mhz= 324MHz
INFO:    dfs DDR fsp_param[2].freq_mhz= 528MHz
INFO:    dfs DDR fsp_param[3].freq_mhz= 780MHz
INFO:    Using opteed sec cpu_context!
INFO:    boot cpu mask: 0
INFO:    BL31: Initializing runtime services
INFO:    BL31: Initializing BL32
I/TC: 
I/TC: OP-TEE version: 3.13.0-723-gdcfdd61d0 #hisping.lin (gcc version 10.2.1 20201103 (GNU Toolchain for the A-profile Architecture 10.2-2020.11 (arm-10.16))) #2 Wed Jun  7 09:43:57 CST 2023 aarch64
I/TC: Primary CPU initializing
I/TC: Primary CPU switching to normal world boot
INFO:    BL31: Preparing for EL3 exit to normal world
INFO:    Entry point address = 0xa00000
INFO:    SPSR = 0x3c9


U-Boot 2017.09-230719 #wxt (Jul 24 2023 - 09:54:11 +0800)

Model: Rockchip RK3568 Evaluation Board
MPIDR: 0x81000000
PreSerial: 2, raw, 0xfe660000
DRAM:  2 GiB
Sysmem: init
Relocation Offset: 7d21e000
Relocation fdt: 7b9f8528 - 7b9fece8
CR: M/C/I
Using default environment

DM: v1
dwmmc@fe2b0000: 1, dwmmc@fe2c0000: 2, sdhci@fe310000: 0
Bootdev(atags): mmc 0
MMC0: HS200, 200Mhz
PartType: EFI
boot mode: normal
RESC: 'boot', blk@0x00013150
resource: sha256+
FIT: no signed, no conf required
DTB: rk-kernel.dtb
HASH(c): OK
I2c0 speed: 100000Hz
vsel-gpios- not found! Error: -2
vdd_cpu init 900000 uV
PMIC:  RK8090 (on=0x10, off=0x00)
vdd_logic init 900000 uV
vdd_gpu init 900000 uV
vdd_npu init 900000 uV
io-domain: OK
INFO:    ddr dmc_fsp already initialized in loader.
Could not find baseparameter partition
Model: Rockchip RK3568 EVB1 DDR4 V10 Board
MPIDR: 0x81000000
Rockchip UBOOT DRM driver version: v1.0.1
VOP have 2 active VP
vp0 have layer nr:3[1 3 5 ], primary plane: 5
vp1 have layer nr:3[0 2 4 ], primary plane: 4
vp2 have layer nr:0[], primary plane: 0
Using display timing dts
dsi@fe060000:  detailed mode clock 132000 kHz, flags[a]
    H: 1080 1095 1097 1127
    V: 1920 1935 1937 1952
bus_format: 100e
VOP update mode to: 1080x1920p60, type: MIPI0 for VP1
VP1 set crtc_clock to 132000KHz
VOP VP1 enable Smart0[654x270->654x270@213x825] fmt[2] addr[0x7df04000]
final DSI-Link bandwidth: 876 Mbps x 4
edp@fe0c0000 disconnected
xfer: num: 2, addr: 0x50
xfer: num: 2, addr: 0x50
Could not find baseparameter partition
hdmi@fe0a0000:  detailed mode clock 148500 kHz, flags[5]
    H: 1920 2008 2052 2200
    V: 1080 1084 1089 1125
bus_format: 2025
VOP update mode to: 1920x1080p60, type: HDMI0 for VP0
VP0 set crtc_clock to 148000KHz
VOP VP0 enable Smart1[654x270->654x270@633x405] fmt[2] addr[0x7df04000]
CEA mode used vic=16
final pixclk = 148000000 tmdsclk = 148000000
PHY powered down in 0 iterations
PHY PLL locked 1 iterations
PHY powered down in 0 iterations
PHY PLL locked 1 iterations
CLK: (sync kernel. arm: enter 816000 KHz, init 816000 KHz, kernel 0N/A)
  apll 1104000 KHz
  dpll 780000 KHz
  gpll 1188000 KHz
  cpll 1000000 KHz
  npll 1200000 KHz
  vpll 660000 KHz
  hpll 148000 KHz
  ppll 200000 KHz
  armclk 1104000 KHz
  aclk_bus 150000 KHz
  pclk_bus 100000 KHz
  aclk_top_high 500000 KHz
  aclk_top_low 400000 KHz
  hclk_top 150000 KHz
  pclk_top 100000 KHz
  aclk_perimid 300000 KHz
  hclk_perimid 150000 KHz
  pclk_pmu 100000 KHz
Net:   eth1: ethernet@fe010000, eth0: ethernet@fe2a0000
Hit key to stop autoboot('CTRL+C'):  0 
ANDROID: reboot reason: "(none)"
optee api revision: 2.0
TEEC: Waring: Could not find security partition
Not AVB images, AVB skip
No valid android hdr
Android image load failed
Android boot failed, error -1.
## Booting FIT Image at 0x7a1cd500 with size 0x0162a000
Fdt Ramdisk skip relocation
## Loading kernel from FIT Image at 7a1cd500 ...
   Using 'conf' configuration
## Verified-boot: 0
   Trying 'kernel' kernel subimage
     Description:  unavailable
     Type:         Kernel Image
     Compression:  uncompressed
     Data Start:   0x7a1f0300
     Data Size:    23097352 Bytes = 22 MiB
     Architecture: AArch64
     OS:           Linux
     Load Address: 0x00280000
     Entry Point:  0x00280000
     Hash algo:    sha256
     Hash value:   516ceaec924f50e31e21d6483691227179f2965bdf5ca48e502a17e439a444e4
   Verifying Hash Integrity ... sha256+ OK
## Loading fdt from FIT Image at 7a1cd500 ...
   Using 'conf' configuration
   Trying 'fdt' fdt subimage
     Description:  unavailable
     Type:         Flat Device Tree
     Compression:  uncompressed
     Data Start:   0x7a1cdd00
     Data Size:    140594 Bytes = 137.3 KiB
     Architecture: AArch64
     Load Address: 0x08300000
     Hash algo:    sha256
     Hash value:   8c529fd309844a8c1cd892b258f49609773daccb08acc314e5a69f934f3eab13
   Verifying Hash Integrity ... sha256+ OK
   Loading fdt from 0x08300000 to 0x08300000
   Booting using the fdt blob at 0x08300000
   Loading Kernel Image from 0x7a1f0300 to 0x00280000 ... OK
   kernel loaded at 0x00280000, end = 0x01887008
   Using Device Tree in place at 0000000008300000, end 0000000008325531
vp1 adjust cursor plane from 0 to 1
vp0, plane_mask:0x2a, primary-id:5, curser-id:1
vp1 adjust cursor plane from 1 to 0
vp1, plane_mask:0x15, primary-id:4, curser-id:0
vp2, plane_mask:0x0, primary-id:0, curser-id:-1
WARNING: could not set reg FDT_ERR_BADOFFSET.
## reserved-memory:
  drm-logo@00000000: addr=7df00000 size=b8000
  drm-cubic-lut@00000000: addr=7ff00000 size=8000
  ramoops@110000: addr=110000 size=f0000
Adding bank: 0x00200000 - 0x08400000 (size: 0x08200000)
Adding bank: 0x09400000 - 0x80000000 (size: 0x76c00000)
Total: 1108.782/1150.748 ms

Starting kernel ...

[    0.000000] Booting Linux on physical CPU 0x0000000000 [0x412fd050]
[    0.000000] Linux version 4.19.232 (wxt@ubuntu-191) (gcc version 10.3.1 20210621 (GNU Toolchain for the A-profile Architecture 10.3-2021.07 (arm-10.29)), GNU ld (GNU Toolchain for the A-profile Architecture 10.3-2021.07 (arm-10.29)) 2.36.1.20210621) #26 SMP Sun Jul 23 11:22:22 CST 2023
[    0.000000] Machine model: Rockchip RK3568 EVB1 DDR4 V10 Board
[    0.000000] earlycon: uart8250 at MMIO32 0x00000000fe660000 (options '')
[    0.000000] bootconsole [uart8250] enabled
[    0.000000] cma: Reserved 16 MiB at 0x000000007ec00000
[    0.000000] psci: probing for conduit method from DT.
[    0.000000] psci: PSCIv1.1 detected in firmware.
[    0.000000] psci: Using standard PSCI v0.2 function IDs
[    0.000000] psci: Trusted OS migration not required
[    0.000000] psci: SMC Calling Convention v1.2
[    0.000000] percpu: Embedded 23 pages/cpu s54440 r8192 d31576 u94208
[    0.000000] Detected VIPT I-cache on CPU0
[    0.000000] CPU features: detected: Virtualization Host Extensions
[    0.000000] CPU features: detected: Speculative Store Bypassing Safe (SSBS)
[    0.000000] Built 1 zonelists, mobility grouping on.  Total pages: 511496
[    0.000000] Kernel command line: storagemedia=emmc androidboot.storagemedia=emmc androidboot.mode=normal  androidboot.verifiedbootstate=orange rw rootwait earlycon=uart8250,mmio32,0xfe660000 console=ttyFIQ0 root=PARTUUID=614e0000-0000
[    0.000000] Dentry cache hash table entries: 262144 (order: 9, 2097152 bytes)
[    0.000000] Inode-cache hash table entries: 131072 (order: 8, 1048576 bytes)
[    0.000000] mem auto-init: stack:off, heap alloc:off, heap free:off
[    0.000000] Memory: 2000368K/2078720K available (13822K kernel code, 2140K rwdata, 4920K rodata, 1600K init, 520K bss, 61968K reserved, 16384K cma-reserved)
[    0.000000] SLUB: HWalign=64, Order=0-3, MinObjects=0, CPUs=4, Nodes=1
[    0.000000] ftrace: allocating 50465 entries in 198 pages
[    0.000000] rcu: Hierarchical RCU implementation.
[    0.000000] rcu: 	RCU event tracing is enabled.
[    0.000000] rcu: 	RCU restricting CPUs from NR_CPUS=8 to nr_cpu_ids=4.
[    0.000000] rcu: Adjusting geometry for rcu_fanout_leaf=16, nr_cpu_ids=4
[    0.000000] NR_IRQS: 64, nr_irqs: 64, preallocated irqs: 0
[    0.000000] GICv3: GIC: Using split EOI/Deactivate mode
[    0.000000] GICv3: Distributor has no Range Selector support
[    0.000000] GICv3: no VLPI support, no direct LPI support
[    0.000000] ITS [mem 0xfd440000-0xfd45ffff]
[    0.000000] ITS@0x00000000fd440000: allocated 8192 Devices @7e4f0000 (indirect, esz 8, psz 64K, shr 0)
[    0.000000] ITS@0x00000000fd440000: allocated 32768 Interrupt Collections @7e500000 (flat, esz 2, psz 64K, shr 0)
[    0.000000] ITS: using cache flushing for cmd queue
[    0.000000] GIC: using LPI property table @0x000000007e510000
[    0.000000] GICv3: CPU0: found redistributor 0 region 0:0x00000000fd460000
[    0.000000] CPU0: using LPI pending table @0x000000007e520000
[    0.000000] GIC: using cache flushing for LPI property table
[    0.000000] random: random: get_random_bytes called from start_kernel+0x358/0x4e0 with crng_init=0
[    0.000000] arch_timer: cp15 timer(s) running at 24.00MHz (phys).
[    0.000000] clocksource: arch_sys_counter: mask: 0xffffffffffffff max_cycles: 0x588fe9dc0, max_idle_ns: 440795202592 ns
[    0.000004] sched_clock: 56 bits at 24MHz, resolution 41ns, wraps every 4398046511097ns
[    0.001807] Console: colour dummy device 80x25
[    0.002260] Calibrating delay loop (skipped), value calculated using timer frequency.. 48.00 BogoMIPS (lpj=80000)
[    0.003229] pid_max: default: 32768 minimum: 301
[    0.003790] Mount-cache hash table entries: 4096 (order: 3, 32768 bytes)
[    0.004431] Mountpoint-cache hash table entries: 4096 (order: 3, 32768 bytes)
[    0.006416] ASID allocator initialised with 32768 entries
[    0.007044] rcu: Hierarchical SRCU implementation.
[    0.009532] Platform MSI: interrupt-controller@fd440000 domain created
[    0.010512] PCI/MSI: /interrupt-controller@fd400000/interrupt-controller@fd440000 domain created
[    0.012103] smp: Bringing up secondary CPUs ...
I/TC: Secondary CPU 1 initializing
I/TC: Secondary CPU 1 switching to normal world boot
I/TC: Secondary CPU 2 initializing
I/TC: Secondary CPU 2 switching to normal world boot
I/TC: Secondary CPU 3 initializing
I/TC: Secondary CPU 3 switching to normal world boot
[    0.013768] Detected VIPT I-cache on CPU1
[    0.013799] GICv3: CPU1: found redistributor 100 region 0:0x00000000fd480000
[    0.013841] CPU1: using LPI pending table @0x000000007e6b0000
[    0.013887] CPU1: Booted secondary processor 0x0000000100 [0x412fd050]
[    0.015202] Detected VIPT I-cache on CPU2
[    0.015226] GICv3: CPU2: found redistributor 200 region 0:0x00000000fd4a0000
[    0.015273] CPU2: using LPI pending table @0x000000007e700000
[    0.015310] CPU2: Booted secondary processor 0x0000000200 [0x412fd050]
[    0.016587] Detected VIPT I-cache on CPU3
[    0.016610] GICv3: CPU3: found redistributor 300 region 0:0x00000000fd4c0000
[    0.016652] CPU3: using LPI pending table @0x000000007e720000
[    0.016686] CPU3: Booted secondary processor 0x0000000300 [0x412fd050]
[    0.016782] smp: Brought up 1 node, 4 CPUs
[    0.023761] SMP: Total of 4 processors activated.
[    0.024207] CPU features: detected: GIC system register CPU interface
[    0.024813] CPU features: detected: Privileged Access Never
[    0.025337] CPU features: detected: LSE atomic instructions
[    0.025860] CPU features: detected: User Access Override
[    0.026377] CPU features: detected: 32-bit EL0 Support
[    0.026862] CPU features: detected: RAS Extension Support
[    0.027502] CPU: All CPU(s) started at EL2
[    0.027909] alternatives: patching kernel code
[    0.033112] devtmpfs: initialized
[    0.052811] Registered cp15_barrier emulation handler
[    0.053303] Registered setend emulation handler
[    0.054018] clocksource: jiffies: mask: 0xffffffff max_cycles: 0xffffffff, max_idle_ns: 6370867519511994 ns
[    0.054945] futex hash table entries: 1024 (order: 4, 65536 bytes)
[    0.056096] pinctrl core: initialized pinctrl subsystem
[    0.057409] NET: Registered protocol family 16
[    0.060906] cpuidle: using governor menu
[    0.061305] Registered FIQ tty driver
[    0.062071] hw-breakpoint: found 6 breakpoint and 4 watchpoint registers.
[    0.064082] DMA: preallocated 256 KiB pool for atomic allocations
[    0.067209] ramoops: dmesg-0	0x20000@0x0000000000110000
[    0.067721] ramoops: console	0x80000@0x0000000000130000
[    0.068220] ramoops: pmsg	0x50000@0x00000000001b0000
[    0.069019] console [pstore-1] enabled
[    0.069376] pstore: Registered ramoops as persistent store backend
[    0.069960] ramoops: attached 0xf0000@0x110000, ecc: 0/0
[    0.098187] rockchip-gpio fdd60000.gpio: probed gpio0 (fdd60000.gpio)
[    0.099287] rockchip-gpio fe740000.gpio: probed gpio1 (fe740000.gpio)
[    0.100365] rockchip-gpio fe750000.gpio: probed gpio2 (fe750000.gpio)
[    0.101470] rockchip-gpio fe760000.gpio: probed gpio3 (fe760000.gpio)
[    0.102541] rockchip-gpio fe770000.gpio: probed gpio4 (fe770000.gpio)
[    0.103228] rockchip-pinctrl pinctrl: probed pinctrl
[    0.113827] cryptd: max_cpu_qlen set to 1000
[[    0.115627] console [ttyFIQ0] enabled
    0.115627] console [ttyFIQ0] enabled
[    0.116330] bootconsole [uart8250] disabled
[    0.116330] bootconsole [uart8250] disabled
[    0.116913] Registered fiq debugger ttyFIQ0
[    0.117693] vcc3v3_sys: supplied by dc_12v
[    0.118009] vcc5v0_sys: supplied by dc_12v
[    0.118317] vcc5v0_usb: supplied by dc_12v
[    0.118727] vcc5v0_host: supplied by vcc5v0_usb
[    0.119228] vcc5v0_otg: supplied by vcc5v0_usb
[    0.119447] vcc3v3_lcd0_n: supplied by vcc3v3_sys
[    0.119827] vcc3v3_lcd1_n: supplied by vcc3v3_sys
[    0.120148] vcc2v5-sys: supplied by vcc3v3_sys
[    0.120486] vcc3v3_vga: supplied by vcc3v3_sys
[    0.120808] pcie30_avdd0v9: supplied by vcc3v3_sys
[    0.121137] pcie30_avdd1v8: supplied by vcc3v3_sys
[    0.121586] vcc3v3_pcie: supplied by dc_12v
[    0.121773] vcc3v3_bu: supplied by vcc5v0_sys
[    0.123207] rk_iommu fde4b000.iommu: version = 2
[    0.123699] rk_iommu fdea0800.iommu: version = 2
[    0.124036] rk_iommu fded0480.iommu: version = 2
[    0.124423] rk_iommu fdee0800.iommu: version = 2
[    0.124754] rk_iommu fdef0800.iommu: version = 2
[    0.125074] rk_iommu fdf40f00.iommu: version = 2
[    0.125450] rk_iommu fdf80800.iommu: version = 2
[    0.125774] rk_iommu fdff1a00.iommu: version = 2
[    0.126081] rk_iommu fe043e00.iommu: version = 2
[    0.126913] SCSI subsystem initialized
[    0.127150] usbcore: registered new interface driver usbfs
[    0.127203] usbcore: registered new interface driver hub
[    0.127250] usbcore: registered new device driver usb
[    0.127327] media: Linux media interface: v0.10
[    0.127372] videodev: Linux video capture interface: v2.00
[    0.127442] pps_core: LinuxPPS API ver. 1 registered
[    0.127452] pps_core: Software ver. 5.3.6 - Copyright 2005-2007 Rodolfo Giometti <giometti@linux.it>
[    0.127471] PTP clock support registered
[    0.127752] arm-scmi firmware:scmi: SCMI Protocol v2.0 'rockchip:' Firmware version 0x0
[    0.129969] Advanced Linux Sound Architecture Driver Initialized.
[    0.130407] Bluetooth: Core ver 2.22
[    0.130445] NET: Registered protocol family 31
[    0.130454] Bluetooth: HCI device and connection manager initialized
[    0.130469] Bluetooth: HCI socket layer initialized
[    0.130480] Bluetooth: L2CAP socket layer initialized
[    0.130512] Bluetooth: SCO socket layer initialized
[    0.132605] rockchip-cpuinfo cpuinfo: SoC		: 35683000
[    0.132619] rockchip-cpuinfo cpuinfo: Serial		: 92c78ea0124d526e
[    0.133481] clocksource: Switched to clocksource arch_sys_counter
[    0.203164] thermal thermal_zone1: power_allocator: sustainable_power will be estimated
[    0.203513] NET: Registered protocol family 2
[    0.203683] IP idents hash table entries: 32768 (order: 6, 262144 bytes)
[    0.204706] tcp_listen_portaddr_hash hash table entries: 1024 (order: 3, 40960 bytes)
[    0.204754] TCP established hash table entries: 16384 (order: 5, 131072 bytes)
[    0.204849] TCP bind hash table entries: 16384 (order: 7, 524288 bytes)
[    0.205225] TCP: Hash tables configured (established 16384 bind 16384)
[    0.205384] UDP hash table entries: 1024 (order: 4, 98304 bytes)
[    0.205477] UDP-Lite hash table entries: 1024 (order: 4, 98304 bytes)
[    0.205718] NET: Registered protocol family 1
[    0.206264] RPC: Registered named UNIX socket transport module.
[    0.206275] RPC: Registered udp transport module.
[    0.206282] RPC: Registered tcp transport module.
[    0.206289] RPC: Registered tcp NFSv4.1 backchannel transport module.
[    0.208608] hw perfevents: enabled with armv8_pmuv3 PMU driver, 7 counters available
[    0.210526] Initialise system trusted keyrings
[    0.210700] workingset: timestamp_bits=61 max_order=19 bucket_order=0
[    0.216432] squashfs: version 4.0 (2009/01/31) Phillip Lougher
[    0.217284] NFS: Registering the id_resolver key type
[    0.217323] Key type id_resolver registered
[    0.217333] Key type id_legacy registered
[    0.217369] ntfs: driver 2.1.32 [Flags: R/O].
[    0.217561] jffs2: version 2.2. (NAND) © 2001-2006 Red Hat, Inc.
[    0.217756] fuse init (API version 7.27)
[    0.218083] SGI XFS with security attributes, no debug enabled
[    0.220344] NET: Registered protocol family 38
[    0.220383] Key type asymmetric registered
[    0.220393] Asymmetric key parser 'x509' registered
[    0.220434] Block layer SCSI generic (bsg) driver version 0.4 loaded (major 242)
[    0.220445] io scheduler noop registered
[    0.220453] io scheduler deadline registered
[    0.220562] io scheduler cfq registered (default)
[    0.220573] io scheduler mq-deadline registered
[    0.220581] io scheduler kyber registered
[    0.221557] rockchip-csi2-dphy csi2-dphy0: csi2 dphy0 probe successfully!
[    0.221708] rockchip-csi2-dphy-hw fe870000.csi2-dphy-hw: csi2 dphy hw probe successfully!
[    0.223760] phy phy-fe8a0000.usb2-phy.0: Linked as a consumer to regulator.5
[    0.224016] phy phy-fe8a0000.usb2-phy.1: Linked as a consumer to regulator.6
[    0.225243] extcon extcon1: failed to create extcon usb2-phy link
[    0.225372] phy phy-fe8b0000.usb2-phy.2: Linked as a consumer to regulator.5
[    0.225517] phy phy-fe8b0000.usb2-phy.3: Linked as a consumer to regulator.5
[    0.225629] phy phy-fe8b0000.usb2-phy.3: No vbus specified for otg port
[    0.234125] rk-pcie 3c0800000.pcie: invalid prsnt-gpios property in node
[    0.234241] rk-pcie 3c0800000.pcie: Linked as a consumer to regulator.13
[    0.234634] pwm-backlight backlight: backlight supply power not found, using dummy regulator
[    0.234714] pwm-backlight backlight: Linked as a consumer to regulator.0
[    0.234958] pwm-backlight backlight1: backlight1 supply power not found, using dummy regulator
[    0.235011] pwm-backlight backlight1: Linked as a consumer to regulator.0
[    0.235240] mpp_service mpp-srv: eaed5000bc68 author: Yandong Lin 2023-07-20 video: rockchip: mpp: stop vepu2 before reset
[    0.235252] mpp_service mpp-srv: probe start
[    0.236694] iommu: Adding device fdf40000.rkvenc to group 5
[    0.236725] mpp_rkvenc fdf40000.rkvenc: Linked as a consumer to fdf40f00.iommu
[    0.236966] mpp_rkvenc fdf40000.rkvenc: probing start
[    0.237284] mpp_rkvenc fdf40000.rkvenc: venc regulator not ready, retry
[    0.237296] rkvenc_init:1213: failed to add venc devfreq
[    0.238580] iommu: Adding device fdea0400.vdpu to group 1
[    0.238609] mpp_vdpu2 fdea0400.vdpu: Linked as a consumer to fdea0800.iommu
[    0.238765] mpp_vdpu2 fdea0400.vdpu: probe device
[    0.239218] mpp_vdpu2 fdea0400.vdpu: probing finish
[    0.239759] iommu: Adding device fdee0000.vepu to group 3
[    0.239786] mpp_vepu2 fdee0000.vepu: Linked as a consumer to fdee0800.iommu
[    0.239947] rochchip_p3phy_init: lock failed 0x6890000, check input refclk and power supply
[    0.239964] mpp_vepu2 fdee0000.vepu: probe device
[    0.239971] phy phy-fe8c0000.phy.9: phy init failed --> -110
[    0.239978] rk-pcie 3c0800000.pcie: fail to init phy, err -110
[    0.239982] rk-pcie 3c0800000.pcie: phy init failed
[    0.240106] rk-pcie 3c0800000.pcie: Dropping the link to regulator.13
[    0.240488] mpp_vepu2 fdee0000.vepu: probing finish
[    0.241065] iommu: Adding device fdef0000.iep to group 4
[    0.241093] mpp-iep2 fdef0000.iep: Linked as a consumer to fdef0800.iommu
[    0.241237] mpp-iep2 fdef0000.iep: probe device
[    0.241566] mpp-iep2 fdef0000.iep: allocate roi buffer failed
[    0.241761] mpp-iep2 fdef0000.iep: probing finish
[    0.242274] iommu: Adding device fded0000.jpegd to group 2
[    0.242301] mpp_jpgdec fded0000.jpegd: Linked as a consumer to fded0480.iommu
[    0.242429] mpp_jpgdec fded0000.jpegd: probe device
[    0.242834] mpp_jpgdec fded0000.jpegd: probing finish
[    0.243356] iommu: Adding device fdf80200.rkvdec to group 6
[    0.243385] mpp_rkvdec2 fdf80200.rkvdec: Linked as a consumer to fdf80800.iommu
[    0.243634] mpp_rkvdec2 fdf80200.rkvdec: probing start
[    0.243671] mpp_rkvdec2 fdf80200.rkvdec: 16 task capacity link mode detected
[    0.243975] mpp_rkvdec2 fdf80200.rkvdec: shared_niu_a is not found!
[    0.243987] rkvdec2_init:952: No niu aclk reset resource define
[    0.243999] mpp_rkvdec2 fdf80200.rkvdec: shared_niu_h is not found!
[    0.244006] rkvdec2_init:955: No niu hclk reset resource define
[    0.244060] mpp_rkvdec2 fdf80200.rkvdec: vdec regulator not ready, retry
[    0.244069] rkvdec2_init:969: failed to add vdec devfreq
[    0.244266] mpp_rkvdec2 fdf80200.rkvdec: probe sub driver failed
[    0.245174] mpp_service mpp-srv: probe success
[    0.249693] dma-pl330 fe530000.dmac: Loaded driver for PL330 DMAC-241330
[    0.249714] dma-pl330 fe530000.dmac: 	DBUFF-128x8bytes Num_Chans-8 Num_Peri-32 Num_Events-16
[    0.251885] dma-pl330 fe550000.dmac: Loaded driver for PL330 DMAC-241330
[    0.251903] dma-pl330 fe550000.dmac: 	DBUFF-128x8bytes Num_Chans-8 Num_Peri-32 Num_Events-16
[    0.253381] rockchip-system-monitor rockchip-system-monitor: system monitor probe
[    0.254354] Serial: 8250/16550 driver, 10 ports, IRQ sharing disabled
[    0.255208] fe6c0000.serial: ttyS8 at MMIO 0xfe6c0000 (irq = 69, base_baud = 1500000) is a 16550A
[    0.257740] random: fast init done
[    0.258131] iommu: Adding device fe040000.vop to group 8
[    0.258162] rockchip-vop2 fe040000.vop: Linked as a consumer to fe043e00.iommu
[    0.258279] random: crng init done
[    0.263345] rockchip-drm display-subsystem: Linked as a consumer to fe040000.vop
[    0.263992] rockchip-drm display-subsystem: Linked as a consumer to fe0c0000.edp
[    0.264525] rockchip-drm display-subsystem: Linked as a consumer to fe0a0000.hdmi
[    0.264953] rockchip-drm display-subsystem: Linked as a consumer to fe060000.dsi
[    0.266404] rockchip-drm display-subsystem: defer getting devfreq
[    0.266664] rockchip-vop2 fe040000.vop: [drm:vop2_bind] vp0 assign plane mask: 0x2a, primary plane phy id: 5
[    0.266684] rockchip-vop2 fe040000.vop: [drm:vop2_bind] vp1 assign plane mask: 0x15, primary plane phy id: 4
[    0.266700] rockchip-vop2 fe040000.vop: [drm:vop2_bind] vp2 assign plane mask: 0x0, primary plane phy id: -1
[    0.266789] [drm] unsupported AFBC format[3432564e]
[    0.266890] rockchip-vop2 fe040000.vop: [drm:vop2_bind] Cluster1-win0 as cursor plane for vp0
[    0.267012] rockchip-vop2 fe040000.vop: [drm:vop2_bind] Cluster0-win0 as cursor plane for vp1
[    0.267092] [drm] failed to init overlay plane Cluster0-win1, ret:-13
[    0.267102] [drm] failed to init overlay plane Cluster1-win1, ret:-13
[    0.267242] rockchip-drm display-subsystem: bound fe040000.vop (ops 0xffffff8008ee12c0)
[    0.268067] rockchip-drm display-subsystem: bound fe0c0000.edp (ops 0xffffff8008ee86e0)
[    0.268316] dwhdmi-rockchip fe0a0000.hdmi: Detected HDMI TX controller v2.11a with HDCP (DWC HDMI 2.0 TX PHY)
[    0.268782] dwhdmi-rockchip fe0a0000.hdmi: registered DesignWare HDMI I2C bus driver
[    0.269380] rockchip-drm display-subsystem: bound fe0a0000.hdmi (ops 0xffffff8008ee9818)
[    0.269425] dw-mipi-dsi fe060000.dsi: [drm:dw_mipi_dsi_bind] *ERROR* Failed to find panel or bridge: -517
[    0.275358] panel-simple-dsi fe060000.dsi.0: Linked as a consumer to regulator.7
[    0.275415] panel-simple-dsi fe060000.dsi.0: fe060000.dsi.0 supply vsp not found, using dummy regulator
[    0.275466] panel-simple-dsi fe060000.dsi.0: Linked as a consumer to regulator.0
[    0.275503] panel-simple-dsi fe060000.dsi.0: fe060000.dsi.0 supply vsn not found, using dummy regulator
[    0.276868] mali fde60000.gpu: Kernel DDK version g7p1-01bet0
[    0.276995] mali fde60000.gpu: Device initialization Deferred
[    0.277095] cacheinfo: Unable to detect cache hierarchy for CPU 0
[    0.277778] brd: module loaded
[    0.284451] loop: module loaded
[    0.284885] zram: Added device: zram0
[    0.285004] lkdtm: No crash points registered, enable through debugfs
[    0.287316] ahci fc800000.sata: forcing port_map 0x0 -> 0x1
[    0.287378] ahci fc800000.sata: AHCI 0001.0300 32 slots 1 ports 6 Gbps 0x1 impl platform mode
[    0.287393] ahci fc800000.sata: flags: ncq sntf pm led clo only pmp fbs pio slum part ccc apst 
[    0.287412] ahci fc800000.sata: port 0 is not capable of FBS
[    0.288331] scsi host0: ahci
[    0.288686] ata1: SATA max UDMA/133 mmio [mem 0xfc800000-0xfc800fff] port 0x100 irq 11
[    0.291829] rk_gmac-dwmac fe010000.ethernet: no regulator found
[    0.291861] rk_gmac-dwmac fe010000.ethernet: clock input or output? (output).
[    0.291873] rk_gmac-dwmac fe010000.ethernet: TX delay(0x4f).
[    0.291883] rk_gmac-dwmac fe010000.ethernet: RX delay(0x26).
[    0.291896] rk_gmac-dwmac fe010000.ethernet: integrated PHY? (no).
[    0.292177] rk_gmac-dwmac fe010000.ethernet: init for RGMII
[    0.292401] rk_gmac-dwmac fe010000.ethernet: User ID: 0x30, Synopsys ID: 0x51
[    0.292416] rk_gmac-dwmac fe010000.ethernet: 	DWMAC4/5
[    0.292427] rk_gmac-dwmac fe010000.ethernet: DMA HW capability register supported
[    0.292436] rk_gmac-dwmac fe010000.ethernet: RX Checksum Offload Engine supported
[    0.292444] rk_gmac-dwmac fe010000.ethernet: TX Checksum insertion supported
[    0.292451] rk_gmac-dwmac fe010000.ethernet: Wake-Up On Lan supported
[    0.292486] rk_gmac-dwmac fe010000.ethernet: TSO supported
[    0.292495] rk_gmac-dwmac fe010000.ethernet: Enable RX Mitigation via HW Watchdog Timer
[    0.292505] rk_gmac-dwmac fe010000.ethernet: TSO feature enabled
[    0.423760] mdio_bus stmmac-1: MDIO device at address 0 is missing.
[    0.425208] rk_gmac-dwmac fe2a0000.ethernet: no regulator found
[    0.425235] rk_gmac-dwmac fe2a0000.ethernet: clock input or output? (output).
[    0.425247] rk_gmac-dwmac fe2a0000.ethernet: TX delay(0x3c).
[    0.425256] rk_gmac-dwmac fe2a0000.ethernet: RX delay(0x2f).
[    0.425270] rk_gmac-dwmac fe2a0000.ethernet: integrated PHY? (no).
[    0.425545] rk_gmac-dwmac fe2a0000.ethernet: init for RGMII
[    0.425802] rk_gmac-dwmac fe2a0000.ethernet: User ID: 0x30, Synopsys ID: 0x51
[    0.425818] rk_gmac-dwmac fe2a0000.ethernet: 	DWMAC4/5
[    0.425830] rk_gmac-dwmac fe2a0000.ethernet: DMA HW capability register supported
[    0.425839] rk_gmac-dwmac fe2a0000.ethernet: RX Checksum Offload Engine supported
[    0.425847] rk_gmac-dwmac fe2a0000.ethernet: TX Checksum insertion supported
[    0.425854] rk_gmac-dwmac fe2a0000.ethernet: Wake-Up On Lan supported
[    0.425888] rk_gmac-dwmac fe2a0000.ethernet: TSO supported
[    0.425897] rk_gmac-dwmac fe2a0000.ethernet: Enable RX Mitigation via HW Watchdog Timer
[    0.425907] rk_gmac-dwmac fe2a0000.ethernet: TSO feature enabled
[    0.559087] usbcore: registered new interface driver rndis_wlan
[    0.559163] usbcore: registered new interface driver rtl8150
[    0.559214] usbcore: registered new interface driver r8152
[    0.559264] usbcore: registered new interface driver asix
[    0.559311] usbcore: registered new interface driver ax88179_178a
[    0.559355] usbcore: registered new interface driver cdc_ether
[    0.559397] usbcore: registered new interface driver rndis_host
[    0.559454] usbcore: registered new interface driver cdc_ncm
[    0.559495] usbcore: registered new interface driver cdc_mbim
[    0.560739] dwc3 fcc00000.dwc3: Failed to get clk 'ref': -2
[    0.566288] dwc3 fd000000.dwc3: Failed to get clk 'ref': -2
[    0.572141] ehci_hcd: USB 2.0 'Enhanced' Host Controller (EHCI) Driver
[    0.572177] ehci-pci: EHCI PCI platform driver
[    0.572253] ehci-platform: EHCI generic platform driver
[    0.574524] ehci-platform fd800000.usb: EHCI Host Controller
[    0.574736] ehci-platform fd800000.usb: new USB bus registered, assigned bus number 1
[    0.575085] ehci-platform fd800000.usb: irq 12, io mem 0xfd800000
[    0.586847] ehci-platform fd800000.usb: USB 2.0 started, EHCI 1.00
[    0.587080] usb usb1: New USB device found, idVendor=1d6b, idProduct=0002, bcdDevice= 4.19
[    0.587093] usb usb1: New USB device strings: Mfr=3, Product=2, SerialNumber=1
[    0.587103] usb usb1: Product: EHCI Host Controller
[    0.587111] usb usb1: Manufacturer: Linux 4.19.232 ehci_hcd
[    0.587120] usb usb1: SerialNumber: fd800000.usb
[    0.587588] hub 1-0:1.0: USB hub found
[    0.587634] hub 1-0:1.0: 1 port detected
[    0.590192] ehci-platform fd880000.usb: EHCI Host Controller
[    0.590372] ehci-platform fd880000.usb: new USB bus registered, assigned bus number 2
[    0.590662] ehci-platform fd880000.usb: irq 14, io mem 0xfd880000
[    0.599959] ata1: SATA link down (SStatus 0 SControl 300)
[    0.603513] ehci-platform fd880000.usb: USB 2.0 started, EHCI 1.00
[    0.603749] usb usb2: New USB device found, idVendor=1d6b, idProduct=0002, bcdDevice= 4.19
[    0.603762] usb usb2: New USB device strings: Mfr=3, Product=2, SerialNumber=1
[    0.603771] usb usb2: Product: EHCI Host Controller
[    0.603779] usb usb2: Manufacturer: Linux 4.19.232 ehci_hcd
[    0.603787] usb usb2: SerialNumber: fd880000.usb
[    0.604242] hub 2-0:1.0: USB hub found
[    0.604285] hub 2-0:1.0: 1 port detected
[    0.605040] ohci_hcd: USB 1.1 'Open' Host Controller (OHCI) Driver
[    0.605064] ohci-platform: OHCI generic platform driver
[    0.605302] ohci-platform fd840000.usb: Generic Platform OHCI controller
[    0.605476] ohci-platform fd840000.usb: new USB bus registered, assigned bus number 3
[    0.605794] ohci-platform fd840000.usb: irq 13, io mem 0xfd840000
[    0.664348] usb usb3: New USB device found, idVendor=1d6b, idProduct=0001, bcdDevice= 4.19
[    0.664369] usb usb3: New USB device strings: Mfr=3, Product=2, SerialNumber=1
[    0.664379] usb usb3: Product: Generic Platform OHCI controller
[    0.664387] usb usb3: Manufacturer: Linux 4.19.232 ohci_hcd
[    0.664395] usb usb3: SerialNumber: fd840000.usb
[    0.664830] hub 3-0:1.0: USB hub found
[    0.664876] hub 3-0:1.0: 1 port detected
[    0.665375] ohci-platform fd8c0000.usb: Generic Platform OHCI controller
[    0.665550] ohci-platform fd8c0000.usb: new USB bus registered, assigned bus number 4
[    0.665819] ohci-platform fd8c0000.usb: irq 15, io mem 0xfd8c0000
[    0.724331] usb usb4: New USB device found, idVendor=1d6b, idProduct=0001, bcdDevice= 4.19
[    0.724353] usb usb4: New USB device strings: Mfr=3, Product=2, SerialNumber=1
[    0.724363] usb usb4: Product: Generic Platform OHCI controller
[    0.724371] usb usb4: Manufacturer: Linux 4.19.232 ohci_hcd
[    0.724379] usb usb4: SerialNumber: fd8c0000.usb
[    0.724817] hub 4-0:1.0: USB hub found
[    0.724861] hub 4-0:1.0: 1 port detected
[    0.726489] xhci-hcd xhci-hcd.0.auto: xHCI Host Controller
[    0.726677] xhci-hcd xhci-hcd.0.auto: new USB bus registered, assigned bus number 5
[    0.727299] xhci-hcd xhci-hcd.0.auto: hcc params 0x0220fe64 hci version 0x110 quirks 0x0000011002010010
[    0.727356] xhci-hcd xhci-hcd.0.auto: irq 85, io mem 0xfd000000
[    0.727703] usb usb5: New USB device found, idVendor=1d6b, idProduct=0002, bcdDevice= 4.19
[    0.727716] usb usb5: New USB device strings: Mfr=3, Product=2, SerialNumber=1
[    0.727726] usb usb5: Product: xHCI Host Controller
[    0.727734] usb usb5: Manufacturer: Linux 4.19.232 xhci-hcd
[    0.727742] usb usb5: SerialNumber: xhci-hcd.0.auto
[    0.728207] hub 5-0:1.0: USB hub found
[    0.728252] hub 5-0:1.0: 1 port detected
[    0.728591] xhci-hcd xhci-hcd.0.auto: xHCI Host Controller
[    0.728753] xhci-hcd xhci-hcd.0.auto: new USB bus registered, assigned bus number 6
[    0.728774] xhci-hcd xhci-hcd.0.auto: Host supports USB 3.0 SuperSpeed
[    0.728855] usb usb6: We don't know the algorithms for LPM for this host, disabling LPM.
[    0.728998] usb usb6: New USB device found, idVendor=1d6b, idProduct=0003, bcdDevice= 4.19
[    0.729011] usb usb6: New USB device strings: Mfr=3, Product=2, SerialNumber=1
[    0.729021] usb usb6: Product: xHCI Host Controller
[    0.729029] usb usb6: Manufacturer: Linux 4.19.232 xhci-hcd
[    0.729037] usb usb6: SerialNumber: xhci-hcd.0.auto
[    0.729457] hub 6-0:1.0: USB hub found
[    0.729499] hub 6-0:1.0: 1 port detected
[    0.729992] usbcore: registered new interface driver cdc_acm
[    0.730001] cdc_acm: USB Abstract Control Model driver for USB modems and ISDN adapters
[    0.730054] usbcore: registered new interface driver cdc_wdm
[    0.730349] usbcore: registered new interface driver uas
[    0.730484] usbcore: registered new interface driver usb-storage
[    0.730582] usbcore: registered new interface driver usbserial_generic
[    0.730613] usbserial: USB Serial support registered for generic
[    0.730662] usbcore: registered new interface driver cp210x
[    0.730689] usbserial: USB Serial support registered for cp210x
[    0.730776] usbcore: registered new interface driver ftdi_sio
[    0.730808] usbserial: USB Serial support registered for FTDI USB Serial Device
[    0.731025] usbcore: registered new interface driver keyspan
[    0.731057] usbserial: USB Serial support registered for Keyspan - (without firmware)
[    0.731084] usbserial: USB Serial support registered for Keyspan 1 port adapter
[    0.731110] usbserial: USB Serial support registered for Keyspan 2 port adapter
[    0.731134] usbserial: USB Serial support registered for Keyspan 4 port adapter
[    0.731190] usbcore: registered new interface driver option
[    0.731217] usbserial: USB Serial support registered for GSM modem (1-port)
[    0.731527] usbcore: registered new interface driver oti6858
[    0.731555] usbserial: USB Serial support registered for oti6858
[    0.731605] usbcore: registered new interface driver pl2303
[    0.731637] usbserial: USB Serial support registered for pl2303
[    0.731701] usbcore: registered new interface driver qcserial
[    0.731728] usbserial: USB Serial support registered for Qualcomm USB modem
[    0.731805] usbcore: registered new interface driver sierra
[    0.731832] usbserial: USB Serial support registered for Sierra USB modem
[    0.733345] usbcore: registered new interface driver usbtouchscreen
[    0.733404] cyttsp5_loader_init: Parade TTSP FW Loader Driver (Built TTDA.03.08.874312) rc=0
[    0.733415] cyttsp5_device_access_init: Parade TTSP Device Access Driver (Built TTDA.03.08.874312) rc=0
[    0.733786] .. rk pwm remotectl v2.0 init
[    0.734073] input: fe6e0030.pwm as /devices/platform/fe6e0030.pwm/input/input0
[    0.734437] remotectl-pwm fe6e0030.pwm: pwm version is 0x2130000
[    0.734498] remotectl-pwm fe6e0030.pwm: Controller support pwrkey capture
[    0.735107] i2c /dev entries driver
[    0.736915] fan53555-regulator 0-001c: FAN53555 Option[12] Rev[15] Detected!
[    0.738354] vdd_cpu: supplied by vcc5v0_sys
[    0.743205] rk808 0-0020: chip id: 0x8090
[    0.743252] rk808 0-0020: No cache defaults, reading back from HW
[    0.766955] rk808 0-0020: source: on=0x10, off=0x00
[    0.766982] rk808 0-0020: support dcdc3 fb mode:-22, 63
[    0.766994] rk808 0-0020: support pmic reset mode:0,0
[    0.772760] rk808-regulator rk808-regulator: there is no dvs0 gpio
[    0.772806] rk808-regulator rk808-regulator: there is no dvs1 gpio
[    0.773232] vdd_logic: supplied by vcc3v3_sys
[    0.773999] vdd_gpu: supplied by vcc3v3_sys
[    0.774330] vcc_ddr: supplied by vcc3v3_sys
[    0.774648] vdd_npu: supplied by vcc3v3_sys
[    0.775324] vcc_1v8: supplied by vcc3v3_sys
[    0.775610] vdda0v9_image: supplied by vcc3v3_sys
[    0.776260] vdda_0v9: supplied by vcc3v3_sys
[    0.776563] vdda0v9_pmu: supplied by vcc3v3_sys
[    0.776910] vccio_acodec: supplied by vcc3v3_sys
[    0.777567] vccio_sd: supplied by vcc3v3_sys
[    0.777894] vcc3v3_pmu: supplied by vcc3v3_sys
[    0.778551] vcca_1v8: supplied by vcc3v3_sys
[    0.778852] vcca1v8_pmu: supplied by vcc3v3_sys
[    0.779175] vcca1v8_image: supplied by vcc3v3_sys
[    0.779829] vcc_3v3: supplied by vcc3v3_sys
[    0.780481] vcc3v3_sd: supplied by vcc3v3_sys
[    0.780913] rk817-battery rk817-battery: Failed to find matching dt id
[    0.781160] rk817-charger rk817-charger: Failed to find matching dt id
[    0.784346] input: rk805 pwrkey as /devices/platform/fdd40000.i2c/i2c-0/0-0020/rk805-pwrkey/input/input1
[    0.790529] rk808-rtc rk808-rtc: registered as rtc0
[    0.792265] rk808-rtc rk808-rtc: setting system clock to 2017-08-04 09:04:48 UTC (1501837488)
[    0.794061] <<GTP-INF>>[gt1x_ts_probe:537] GTP Driver Version: V1.4<2015/07/10>
[    0.794088] <<GTP-INF>>[gt1x_ts_probe:538] GTP I2C Address: 0x14
[    0.794177] <<GTP-ERR>>[gt1x_parse_dt:334] vdd_ana not specified, fallback to power-supply
[    0.794259] Goodix-TS-GT1X 1-0014: Linked as a consumer to regulator.7
[    0.794344] <<GTP-INF>>[gt1x_reset_guitar:784] GTP RESET!
[    0.794647] i2c i2c-4: 1 i2c clients have been registered at 0x36
[    0.797737] iommu: Adding device fdff0000.rkisp to group 7
[    0.797769] rkisp_hw fdff0000.rkisp: Linked as a consumer to fdff1a00.iommu
[    0.797954] rkisp_hw fdff0000.rkisp: is_thunderboot: 0
[    0.797968] rkisp_hw fdff0000.rkisp: max input:0x0@0fps
[    0.797995] rkisp_hw fdff0000.rkisp: can't request region for resource [mem 0xfdff0000-0xfdffffff]
[    0.798821] rkisp rkisp-vir0: rkisp driver version: v01.08.00
[    0.799087] rkisp rkisp-vir0: Entity type for entity rkisp-isp-subdev was not initialized!
[    0.799106] rkisp rkisp-vir0: Entity type for entity rkisp-csi-subdev was not initialized!
[    0.801021] usbcore: registered new interface driver uvcvideo
[    0.801033] USB Video Class driver (1.1.1)
[    0.801288] rockchip-iodomain fdc20000.syscon:io-domains: Linked as a consumer to regulator.27
[    0.801327] rockchip-iodomain fdc20000.syscon:io-domains: pmuio1(3300000 uV) supplied by vcc3v3_pmu
[    0.801435] rockchip-iodomain fdc20000.syscon:io-domains: pmuio2(3300000 uV) supplied by vcc3v3_pmu
[    0.801541] rockchip-iodomain fdc20000.syscon:io-domains: Linked as a consumer to regulator.25
[    0.801574] rockchip-iodomain fdc20000.syscon:io-domains: vccio1(3000000 uV) supplied by vccio_acodec
[    0.801697] rockchip-iodomain fdc20000.syscon:io-domains: Linked as a consumer to regulator.26
[    0.801729] rockchip-iodomain fdc20000.syscon:io-domains: vccio3(3300000 uV) supplied by vccio_sd
[    0.801814] rockchip-iodomain fdc20000.syscon:io-domains: Linked as a consumer to regulator.21
[    0.801845] rockchip-iodomain fdc20000.syscon:io-domains: vccio4(1800000 uV) supplied by vcc_1v8
[    0.801943] rockchip-iodomain fdc20000.syscon:io-domains: Linked as a consumer to regulator.31
[    0.801975] rockchip-iodomain fdc20000.syscon:io-domains: vccio5(3300000 uV) supplied by vcc_3v3
[    0.802069] rockchip-iodomain fdc20000.syscon:io-domains: vccio6(1800000 uV) supplied by vcc_1v8
[    0.802172] rockchip-iodomain fdc20000.syscon:io-domains: vccio7(3300000 uV) supplied by vcc_3v3
[    0.805592] rockchip-thermal fe710000.tsadc: tsadc is probed successfully!
[    0.806700] Bluetooth: HCI UART driver ver 2.3
[    0.806715] Bluetooth: HCI UART protocol H4 registered
[    0.806723] Bluetooth: HCI UART protocol ATH3K registered
[    0.806839] usbcore: registered new interface driver bfusb
[    0.806915] usbcore: registered new interface driver btusb
[    0.807214] cpu cpu0: leakage=33
[    0.807264] cpu cpu0: pvtm = 92120, from nvmem
[    0.807282] cpu cpu0: pvtm-volt-sel=3
[    0.808123] cpu cpu0: Linked as a consumer to regulator.16
[    0.808180] cpu cpu0: Dropping the link to regulator.16
[    0.808807] cpu cpu0: Linked as a consumer to regulator.16
[    0.809637] cpu cpu0: avs=0
[    0.809696] energy_model: pd0: hertz/watts ratio non-monotonically decreasing: em_cap_state 2 >= em_cap_state1
[    0.809929] cpu cpu0: l=0 h=2147483647 hyst=5000 l_limit=1800000000 h_limit=0 h_table=0
[    0.813353] cpu cpu0: failed to find power_model node
[    0.815021] sdhci: Secure Digital Host Controller Interface driver
[    0.815033] sdhci: Copyright(c) Pierre Ossman
[    0.815040] Synopsys Designware Multimedia Card Interface Driver
[    0.815915] sdhci-pltfm: SDHCI platform and OF driver helper
[    0.816277] dwmmc_rockchip fe000000.dwmmc: No normal pinctrl state
[    0.816291] dwmmc_rockchip fe000000.dwmmc: No idle pinctrl state
[    0.816344] dwmmc_rockchip fe2b0000.dwmmc: No normal pinctrl state
[    0.816358] dwmmc_rockchip fe2b0000.dwmmc: No idle pinctrl state
[    0.816423] dwmmc_rockchip fe000000.dwmmc: IDMAC supports 32-bit address mode.
[    0.816484] dwmmc_rockchip fe2b0000.dwmmc: IDMAC supports 32-bit address mode.
[    0.817028] dwmmc_rockchip fe000000.dwmmc: Using internal DMA controller.
[    0.817049] dwmmc_rockchip fe000000.dwmmc: Version ID is 270a
[    0.817100] dwmmc_rockchip fe2b0000.dwmmc: Using internal DMA controller.
[    0.817119] dwmmc_rockchip fe2b0000.dwmmc: Version ID is 270a
[    0.817127] dwmmc_rockchip fe000000.dwmmc: DW MMC controller at irq 45,32 bit host data width,256 deep fifo
[    0.817172] dwmmc_rockchip fe2b0000.dwmmc: DW MMC controller at irq 54,32 bit host data width,256 deep fifo
[    0.817313] dwmmc_rockchip fe2b0000.dwmmc: Linked as a consumer to regulator.32
[    0.817346] dwmmc_rockchip fe000000.dwmmc: allocated mmc-pwrseq
[    0.817361] mmc_host mmc3: card is non-removable.
[    0.817423] dwmmc_rockchip fe2b0000.dwmmc: Linked as a consumer to regulator.26
[    0.817822] mmc0: Unknown controller version (5). You may experience problems.
[    0.819002] cryptodev: driver 1.12 loaded.
[    0.819073] hidraw: raw HID events driver (C) Jiri Kosina
[    0.819427] usbcore: registered new interface driver usbhid
[    0.819439] usbhid: USB HID core driver
[    0.820729] rockchip,bus bus-npu: Linked as a consumer to regulator.17
[    0.820754] rockchip,bus bus-npu: Failed to get leakage
[    0.820818] rockchip,bus bus-npu: pvtm = 92120, from nvmem
[    0.820837] rockchip,bus bus-npu: pvtm-volt-sel=2
[    0.821165] rockchip,bus bus-npu: avs=0
[    0.825825] rockchip-saradc fe720000.saradc: Linked as a consumer to regulator.28
[    0.827194] optee: probing for conduit method from DT.
[    0.827224] optee: revision 3.13 (dcfdd61d)
[    0.827802] optee: initialized driver
[    0.827821] rksfc_base v1.1 2016-01-08
[    0.828449] rksfc fe300000.sfc: rksfc_probe clk rate = 99000000
[    0.828536] rkflash_dev_init enter
[    0.828556] sfc nor id: 0 0 0
[    0.828564] rkflash[1] is invalid
[    0.828566] rkflash_dev_init enter
[    0.828587] sfc_nand id: 0 0 0
[    0.828593] rkflash[2] is invalid
[    0.829359] usbcore: registered new interface driver snd-usb-audio
[    0.830644] mmc_host mmc1: Bus speed (slot 0) = 375000Hz (slot req 400000Hz, actual 375000HZ div = 0)
[    0.831917] rk817-codec rk817-codec: DMA mask not set
[    0.839574] rk-multicodecs rk809-sound: Failed to get ADC channel
[    0.839781] rk-multicodecs rk809-sound: ASoC: Property 'rockchip,audio-routing' does not exist or its length is not even
[    0.839795] rk-multicodecs rk809-sound: Audio routing invalid/unspecified
[    0.840205] usb 1-1: new high-speed USB device number 2 using ehci-platform
[    0.843978] rk817-codec rk817-codec: rk817_probe: chip_name:0x80, chip_ver:0x95
[    0.846842] mmc0: SDHCI controller on fe310000.sdhci [fe310000.sdhci] using ADMA
[    0.849528] rk-multicodecs rk809-sound: rk817-hifi <-> fe410000.i2s mapping ok
[    0.850038] input: rockchip-rk809 Headset as /devices/platform/rk809-sound/sound/card0/input2
[    0.851222] Initializing XFRM netlink socket
[    0.851544] NET: Registered protocol family 10
[    0.852207] Segment Routing with IPv6
[    0.852252] NET: Registered protocol family 17
[    0.852267] NET: Registered protocol family 15
[    0.852403] Bluetooth: RFCOMM socket layer initialized
[    0.852428] Bluetooth: RFCOMM ver 1.11
[    0.852440] Bluetooth: HIDP (Human Interface Emulation) ver 1.2
[    0.852448] Bluetooth: HIDP socket layer initialized
[    0.852476] [BT_RFKILL]: Enter rfkill_rk_init
[    0.852482] [WLAN_RFKILL]: Enter rfkill_wlan_init
[    0.852966] [WLAN_RFKILL]: Enter rfkill_wlan_probe
[    0.853007] [WLAN_RFKILL]: wlan_platdata_parse_dt: wifi_chip_type = ap6398s
[    0.853014] [WLAN_RFKILL]: wlan_platdata_parse_dt: enable wifi power control.
[    0.853019] [WLAN_RFKILL]: wlan_platdata_parse_dt: wifi power controled by gpio.
[    0.853050] [WLAN_RFKILL]: wlan_platdata_parse_dt: WIFI,host_wake_irq = 124, flags = 0.
[    0.853059] [WLAN_RFKILL]: wlan_platdata_parse_dt: The ref_wifi_clk not found !
[    0.853065] [WLAN_RFKILL]: rfkill_wlan_probe: init gpio
[    0.853071] [WLAN_RFKILL]: rfkill_set_wifi_bt_power: 1
[    0.853077] [WLAN_RFKILL]: Exit rfkill_wlan_probe
[    0.853629] [BT_RFKILL]: bluetooth_platdata_parse_dt: get property: uart_rts_gpios = 73.
[    0.853654] [BT_RFKILL]: bluetooth_platdata_parse_dt: get property: BT,reset_gpio = 96.
[    0.853666] [BT_RFKILL]: bluetooth_platdata_parse_dt: get property: BT,wake_gpio = 98.
[    0.853678] [BT_RFKILL]: bluetooth_platdata_parse_dt: get property: BT,wake_host_irq = 97.
[    0.853730] [BT_RFKILL]: Request irq for bt wakeup host
[    0.853908] [BT_RFKILL]: ** disable irq
[    0.854008] [BT_RFKILL]: bt_default device registered.
[    0.854111] input: bt-powerkey as /devices/virtual/input/input3
[    0.854342] Key type dns_resolver registered
[    0.854475] flash vendor_init_thread!
[    0.854483] flash vendor storage:20170308 ret = -1
[    0.855117] os04a10 4-0036: driver version: 00.01.05
[    0.855131] os04a10 4-0036:  Get hdr mode failed! no hdr default
[    0.855182] os04a10 4-0036: could not get default pinstate
[    0.855189] os04a10 4-0036: could not get sleep pinstate
[    0.855236] os04a10 4-0036: 4-0036 supply avdd not found, using dummy regulator
[    0.855302] os04a10 4-0036: Linked as a consumer to regulator.0
[    0.855334] os04a10 4-0036: 4-0036 supply dovdd not found, using dummy regulator
[    0.855399] os04a10 4-0036: 4-0036 supply dvdd not found, using dummy regulator
[    0.864380] os04a10 4-0036: Unexpected sensor id(000000), ret(-5)
[    0.864766] ov5695 4-0036-1: driver version: 00.01.04
[    0.864855] ov5695 4-0036-1: 4-0036-1 supply avdd not found, using dummy regulator
[    0.864908] ov5695 4-0036-1: Linked as a consumer to regulator.0
[    0.864939] ov5695 4-0036-1: 4-0036-1 supply dovdd not found, using dummy regulator
[    0.864989] ov5695 4-0036-1: 4-0036-1 supply dvdd not found, using dummy regulator
[    0.865913] ov5695 4-0036-1: Unexpected sensor id(000000), ret(-5)
[    0.866309] gc8034 4-0037: driver version: 00.01.06
[    0.866337] gc8034 4-0037: Failed to get power-gpios, maybe no use
[    0.866397] gc8034 4-0037: 4-0037 supply avdd not found, using dummy regulator
[    0.866434] gc8034 4-0037: Linked as a consumer to regulator.0
[    0.866462] gc8034 4-0037: 4-0037 supply dovdd not found, using dummy regulator
[    0.866513] gc8034 4-0037: 4-0037 supply dvdd not found, using dummy regulator
[    0.866549] gc8034 4-0037: lane_num(4)  pixel_rate(319887360)
[    0.866560] gc8034 4-0037: could not get default pinstate
[    0.866566] gc8034 4-0037: could not get sleep pinstate
[    0.871601] gc8034 4-0037: gc8034 read reg:0xf0 failed !
[    0.871783] gc8034 4-0037: gc8034 read reg:0xf1 failed !
[    0.871791] gc8034 4-0037: Unexpected sensor id(000000), ret(-6)
[    0.872724] Loading compiled-in X.509 certificates
[    0.873232] pstore: Using compression: deflate
[    0.874246] rga: rga2, irq = 23, match scheduler
[    0.874555] rga: rga2 hardware loaded successfully, hw_version:3.2.63318.
[    0.874580] rga: rga2 probe successfully
[    0.874869] rga_iommu: IOMMU binding successfully, default mapping core[0x4]
[    0.875094] rga: Module initialized. v1.2.26
[    0.881479] mmc0: Host Software Queue enabled
[    0.881515] mmc0: new HS200 MMC card at address 0001
[    0.882556] mmcblk0: mmc0:0001 DA2016 14.7 GiB 
[    0.883145] mmcblk0boot0: mmc0:0001 DA2016 partition 1 4.00 MiB
[    0.883829] mmcblk0boot1: mmc0:0001 DA2016 partition 2 4.00 MiB
[    0.884014] mmcblk0rpmb: mmc0:0001 DA2016 partition 3 4.00 MiB, chardev (237:0)
[    0.884478] <<GTP-ERR>>[gt1x_init:2351] Get chip type failed!
[    0.887147]  mmcblk0: p1 p2 p3 p4 p5 p6 p7 p8
[    0.893693] <<GTP-ERR>>[gt1x_read_version:838] Read version failed!(checksum error)
[    0.897198] mpp_rkvenc fdf40000.rkvenc: probing start
[    0.897553] mpp_rkvenc fdf40000.rkvenc: Linked as a consumer to regulator.17
[    0.897572] mpp_rkvenc fdf40000.rkvenc: Failed to get leakage
[    0.897622] mpp_rkvenc fdf40000.rkvenc: pvtm = 92120, from nvmem
[    0.897635] mpp_rkvenc fdf40000.rkvenc: pvtm-volt-sel=2
[    0.897796] mpp_rkvenc fdf40000.rkvenc: avs=0
[    0.897909] mpp_rkvenc fdf40000.rkvenc: failed to find power_model node
[    0.897917] mpp_rkvenc fdf40000.rkvenc: failed to initialize power model
[    0.897923] mpp_rkvenc fdf40000.rkvenc: failed to get dynamic-coefficient
[    0.898332] mpp_rkvenc fdf40000.rkvenc: probing finish
[    0.898635] mpp_rkvdec2 fdf80200.rkvdec: probing start
[    0.898665] mpp_rkvdec2 fdf80200.rkvdec: 16 task capacity link mode detected
[    0.898934] mpp_rkvdec2 fdf80200.rkvdec: shared_niu_a is not found!
[    0.898942] rkvdec2_init:952: No niu aclk reset resource define
[    0.898950] mpp_rkvdec2 fdf80200.rkvdec: shared_niu_h is not found!
[    0.898955] rkvdec2_init:955: No niu hclk reset resource define
[    0.899041] mpp_rkvdec2 fdf80200.rkvdec: Linked as a consumer to regulator.17
[    0.899095] mpp_rkvdec2 fdf80200.rkvdec: leakage=58
[    0.899106] mpp_rkvdec2 fdf80200.rkvdec: leakage-volt-sel=0
[    0.899140] mpp_rkvdec2 fdf80200.rkvdec: pvtm = 92120, from nvmem
[    0.899150] mpp_rkvdec2 fdf80200.rkvdec: pvtm-volt-sel=1
[    0.899310] mpp_rkvdec2 fdf80200.rkvdec: avs=0
[    0.899427] mpp_rkvdec2 fdf80200.rkvdec: failed to find power_model node
[    0.899435] mpp_rkvdec2 fdf80200.rkvdec: failed to initialize power model
[    0.899441] mpp_rkvdec2 fdf80200.rkvdec: failed to get dynamic-coefficient
[    0.899512] mpp_rkvdec2 fdf80200.rkvdec: sram_start 0x00000000fdcc0000
[    0.899520] mpp_rkvdec2 fdf80200.rkvdec: rcb_iova 0x0000000010000000
[    0.899525] mpp_rkvdec2 fdf80200.rkvdec: sram_size 45056
[    0.899531] mpp_rkvdec2 fdf80200.rkvdec: rcb_size 65536
[    0.899538] mpp_rkvdec2 fdf80200.rkvdec: min_width 512
[    0.899599] mpp_rkvdec2 fdf80200.rkvdec: link mode probe finish
[    0.899652] mpp_rkvdec2 fdf80200.rkvdec: probing finish
[    0.903050] rockchip-drm display-subsystem: defer getting devfreq
[    0.903283] rockchip-vop2 fe040000.vop: [drm:vop2_bind] vp0 assign plane mask: 0x2a, primary plane phy id: 5
[    0.903296] rockchip-vop2 fe040000.vop: [drm:vop2_bind] vp1 assign plane mask: 0x15, primary plane phy id: 4
[    0.903307] rockchip-vop2 fe040000.vop: [drm:vop2_bind] vp2 assign plane mask: 0x0, primary plane phy id: -1
[    0.903403] rockchip-vop2 fe040000.vop: [drm:vop2_bind] Cluster1-win0 as cursor plane for vp0
[    0.903510] rockchip-vop2 fe040000.vop: [drm:vop2_bind] Cluster0-win0 as cursor plane for vp1
[    0.903569] [drm] failed to init overlay plane Cluster0-win1, ret:-13
[    0.903577] [drm] failed to init overlay plane Cluster1-win1, ret:-13
[    0.903679] rockchip-drm display-subsystem: bound fe040000.vop (ops 0xffffff8008ee12c0)
[    0.904687] rockchip-drm display-subsystem: bound fe0c0000.edp (ops 0xffffff8008ee86e0)
[    0.904869] dwhdmi-rockchip fe0a0000.hdmi: Detected HDMI TX controller v2.11a with HDCP (DWC HDMI 2.0 TX PHY)
[    0.905397] dwhdmi-rockchip fe0a0000.hdmi: registered DesignWare HDMI I2C bus driver
[    0.906521] input: hdmi_cec_key as /devices/platform/fe0a0000.hdmi/dw-hdmi-cec.4.auto/input/input4
[    0.907150] rockchip-drm display-subsystem: bound fe0a0000.hdmi (ops 0xffffff8008ee9818)
[    0.907196] rockchip-drm display-subsystem: bound fe060000.dsi (ops 0xffffff8008eea500)
[    0.907207] [drm] Supports vblank timestamp caching Rev 2 (21.10.2013).
[    0.907212] [drm] No driver support for vblank timestamp query.
[    0.907702] get_framebuffer_by_node: failed to get logo,offset
[    0.990890] usb 1-1: New USB device found, idVendor=1a40, idProduct=0101, bcdDevice= 1.00
[    0.990922] usb 1-1: New USB device strings: Mfr=0, Product=1, SerialNumber=0
[    0.990932] usb 1-1: Product: USB2.0 HUB
[    0.991693] hub 1-1:1.0: USB hub found
[    0.991880] hub 1-1:1.0: 4 ports detected
[    1.000239] vendor storage:20190527 ret = 0
[    1.008427] <<GTP-ERR>>[gt1x_read_version:838] Read version failed!(checksum error)
[    1.034002] mmc_host mmc3: Bus speed (slot 0) = 375000Hz (slot req 400000Hz, actual 375000HZ div = 0)
[    1.057243] mmc3 mmc_send_io_op_cond err: -110
[    1.121761] <<GTP-ERR>>[gt1x_read_version:838] Read version failed!(checksum error)
[    1.226846] <<GTP-INF>>[gt1x_read_version:859] IC VERSION:GT911_601000(Patch)_0000(Mask)_0F(SensorID)
[    1.226874] <<GTP-INF>>[gt1x_init_panel:604] Config group0 used, length:239
[    1.226884] <<GTP-INF>>[gt1x_init_panel:655] X_MAX=720,Y_MAX=1280,TRIGGER=0x01,WAKEUP_LEVEL=1
[    1.277073] mmc_host mmc3: Bus speed (slot 0) = 375000Hz (slot req 375000Hz, actual 375000HZ div = 0)
[    1.301088] mmc3 mmc_send_io_op_cond err: -110
[    1.370368] usb 1-1.1: new full-speed USB device number 3 using ehci-platform
[    1.455143] input: goodix-ts as /devices/virtual/input/input5
[    1.544378] mmc3 mmc_send_io_op_cond err: -110
[    1.574826] usb 1-1.1: New USB device found, idVendor=04d9, idProduct=a156, bcdDevice= 1.30
[    1.574918] usb 1-1.1: New USB device strings: Mfr=1, Product=2, SerialNumber=0
[    1.574949] usb 1-1.1: Product: USB Gaming Mouse
[    1.574977] usb 1-1.1: Manufacturer: E-Signal
[    1.582457] input: E-Signal USB Gaming Mouse as /devices/platform/fd800000.usb/usb1/1-1/1-1.1/1-1.1:1.0/0003:04D9:A156.0001/input/input6
[    1.637251] hid-generic 0003:04D9:A156.0001: input,hidraw0: USB HID v1.10 Mouse [E-Signal USB Gaming Mouse] on usb-fd800000.usb-1.1/input0
[    1.643454] input: E-Signal USB Gaming Mouse Keyboard as /devices/platform/fd800000.usb/usb1/1-1/1-1.1/1-1.1:1.1/0003:04D9:A156.0002/input/input7
[    1.701368] input: E-Signal USB Gaming Mouse System Control as /devices/platform/fd800000.usb/usb1/1-1/1-1.1/1-1.1:1.1/0003:04D9:A156.0002/input/input8
[    1.702500] input: E-Signal USB Gaming Mouse Consumer Control as /devices/platform/fd800000.usb/usb1/1-1/1-1.1/1-1.1:1.1/0003:04D9:A156.0002/input/input9
[    1.703355] input: E-Signal USB Gaming Mouse as /devices/platform/fd800000.usb/usb1/1-1/1-1.1/1-1.1:1.1/0003:04D9:A156.0002/input/input10
[    1.705006] hid-generic 0003:04D9:A156.0002: input,hiddev96,hidraw1: USB HID v1.10 Keyboard [E-Signal USB Gaming Mouse] on usb-fd800000.usb-1.1/input1
[    1.710972] hid-generic 0003:04D9:A156.0003: hiddev97,hidraw2: USB HID v1.10 Device [E-Signal USB Gaming Mouse] on usb-fd800000.usb-1.1/input2
[    1.766194] phy phy-fe8a0000.usb2-phy.1: charger = USB_CDP_CHARGER
[    1.787919] mmc3 mmc_send_io_op_cond err: -110
[    2.081605] dwhdmi-rockchip fe0a0000.hdmi: ddc read failed
[    2.389992] rockchip-drm display-subsystem: fb0:  frame buffer device
[    2.391739] [drm] Initialized rockchip 2.0.0 20140818 for display-subsystem on minor 0
[    2.392986] mali fde60000.gpu: Kernel DDK version g7p1-01bet0
[    2.393104] input: adc-keys as /devices/platform/adc-keys/input/input11
[    2.393342] mali fde60000.gpu: Linked as a consumer to regulator.18
[    2.393635] mali fde60000.gpu: dev_pm_opp_set_regulators: no regulator (shadercores) found: -19
[    2.393786] mali fde60000.gpu: leakage=8
[    2.393870] mali fde60000.gpu: pvtm = 92120, from nvmem
[    2.393930] mali fde60000.gpu: pvtm-volt-sel=3
[    2.394241] rockchip-dmc dmc: Linked as a consumer to regulator.17
[    2.394360] rockchip-dmc dmc: leakage=58
[    2.394388] rockchip-dmc dmc: leakage-volt-sel=0
[    2.394445] rockchip-dmc dmc: pvtm = 92120, from nvmem
[    2.394470] rockchip-dmc dmc: pvtm-volt-sel=1
[    2.394754] rockchip-dmc dmc: avs=0
[    2.394787] rockchip-dmc dmc: current ATF version 0x102
[    2.394835] mali fde60000.gpu: avs=0
[    2.394874] W : [File] : drivers/gpu/arm/bifrost/platform/rk/mali_kbase_config_rk.c; [Line] : 112; [Func] : kbase_platform_rk_init(); power-off-delay-ms not available.
[    2.395417] mali fde60000.gpu: GPU identified as 0x2 arch 7.4.0 r1p0 status 0
[    2.395562] mali fde60000.gpu: No priority control manager is configured
[    2.395582] mali fde60000.gpu: No memory group manager is configured
[    2.395955] rockchip-dmc dmc: normal_rate = 780000000
[    2.395981] rockchip-dmc dmc: reboot_rate = 1560000000
[    2.395997] rockchip-dmc dmc: suspend_rate = 324000000
[    2.396011] rockchip-dmc dmc: video_4k_rate = 780000000
[    2.396025] rockchip-dmc dmc: video_4k_10b_rate = 780000000
[    2.396038] rockchip-dmc dmc: boost_rate = 1560000000
[    2.396053] rockchip-dmc dmc: fixed_rate(isp|cif0|cif1|dualview) = 1560000000
[    2.396066] rockchip-dmc dmc: performance_rate = 1560000000
[    2.396116] rockchip-dmc dmc: failed to get vop pn to msch rl
[    2.396436] rockchip-dmc dmc: l=0 h=2147483647 hyst=5000 l_limit=0 h_limit=0 h_table=0
[    2.396458] mali fde60000.gpu: l=0 h=2147483647 hyst=5000 l_limit=0 h_limit=0 h_table=0
[    2.396535] rockchip-dmc dmc: could not find power_model node
[    2.397855] mali fde60000.gpu: Probed as mali0
[    2.399623] asoc-simple-card spdif-sound: dit-hifi <-> fe460000.spdif mapping ok
[    2.401566] rk-hdmi-sound hdmi-sound: i2s-hifi <-> fe400000.i2s mapping ok
[    2.404794] iommu: Adding device fde40000.npu to group 0
[    2.404834] RKNPU fde40000.npu: Linked as a consumer to fde4b000.iommu
[    2.405338] RKNPU fde40000.npu: RKNPU: rknpu iommu is enabled, using iommu mode
[    2.405471] RKNPU fde40000.npu: Linked as a consumer to regulator.20
[    2.405526] RKNPU fde40000.npu: can't request region for resource [mem 0xfde40000-0xfde4ffff]
[    2.405929] [drm] Initialized rknpu 0.8.2 20220829 for fde40000.npu on minor 1
[    2.406015] RKNPU fde40000.npu: leakage=4
[    2.406053] RKNPU fde40000.npu: pvtm = 92120, from nvmem
[    2.406067] RKNPU fde40000.npu: pvtm-volt-sel=3
[    2.406539] RKNPU fde40000.npu: avs=0
[    2.407121] RKNPU fde40000.npu: l=0 h=2147483647 hyst=5000 l_limit=0 h_limit=0 h_table=0
[    2.407156] RKNPU fde40000.npu: failed to find power_model node
[    2.407163] RKNPU fde40000.npu: RKNPU: failed to initialize power model
[    2.407169] RKNPU fde40000.npu: RKNPU: failed to get dynamic-coefficient
[    2.408229] cfg80211: Loading compiled-in X.509 certificates for regulatory database
[    2.409340] cfg80211: Loaded X.509 cert 'sforshee: 00b28ddf47aef9cea7'
[    2.409412] platform regulatory.0: Direct firmware load for regulatory.db failed with error -2
[    2.409421] cfg80211: failed to load regulatory.db
[    2.410256] rockchip-pm rockchip-suspend: not set pwm-regulator-config
[    2.410272] rockchip-suspend not set sleep-mode-config for mem-lite
[    2.410278] rockchip-suspend not set wakeup-config for mem-lite
[    2.410285] rockchip-suspend not set sleep-mode-config for mem-ultra
[    2.410290] rockchip-suspend not set wakeup-config for mem-ultra
[    2.411121] I : [File] : drivers/gpu/arm/mali400/mali/linux/mali_kernel_linux.c; [Line] : 414; [Func] : mali_module_init(); svn_rev_string_from_arm of this mali_ko is '', rk_ko_ver is '5', built at '23:14:23', on 'Jul 20 2023'.
[    2.411425] Mali: 
[    2.411426] Mali device driver loaded
[    2.411441] rkisp rkisp-vir0: clear unready subdev num: 3
[    2.411449] rockchip-csi2-dphy0: No link between dphy and sensor
[    2.411835] rockchip-csi2-dphy0: No link between dphy and sensor
[    2.411842] rkisp-vir0: update sensor failed
[    2.412006] ALSA device list:
[    2.412012]   #0: rockchip-rk809
[    2.412016]   #1: ROCKCHIP,SPDIF
[    2.412021]   #2: rockchip,hdmi
[    2.419586] EXT4-fs (mmcblk0p6): mounted filesystem with ordered data mode. Opts: (null)
[    2.419633] VFS: Mounted root (ext4 filesystem) on device 179:6.
[    2.424565] devtmpfs: mounted
[    2.426681] Freeing unused kernel memory: 1600K
[    2.446953] Run /sbin/init as init process
[    2.495730] EXT4-fs (mmcblk0p6): re-mounted. Opts: (null)
[    2.501056] devfreq fde60000.gpu: Couldn't update frequency transition information.
NAME=Buildroot
VERSION=2018.02-rc3-gce1bf8b5-dirty
ID=buildroot
VERSION_ID=2018.02-rc3
PRETTY_NAME="Buildroot 2018.02-rc3"
Starting logging: OK
/usr/bin/modetest
Populating /dev using udev: [    4.011940] udevd[157]: starting version 3.2.7
[    4.018634] udevd[157]: specified group 'kvm' unknown
[    4.030426] udevd[158]: starting eudev-3.2.7
done
Initializing random number generator... done.
Will now mount all partitions in /etc/fstab
Note: Create /.skip_fsck to skip fsck
 - The check might take a while if didn't shutdown properly!
Handling rootfs: /dev/mmcblk0p6 / ext2 rw,noauto 1
Checking /dev/mmcblk0p6(ext2)
[    4.523659] EXT4-fs (mmcblk0p6): re-mounted. Opts: (null)
e2fsck 1.43.9 (8-Feb-2018)
rootfs: clean, 8666/393216 files, 180277/1572864 blocks
[    4.550557] EXT4-fs (mmcblk0p6): re-mounted. Opts: (null)
Handling misc: /dev/mmcblk0p2 /misc emmc defaults 0
Unsupported file system emmc for /dev/mmcblk0p2
Handling oem: /dev/mmcblk0p7 /oem ext2 defaults 2
Checking /dev/mmcblk0p7(ext2)
e2fsck 1.43.9 (8-Feb-2018)
oem: recovering journal
Superblock last mount time (Thu Dec 22 12:00:13 2022,
	now = Fri Aug  4 09:04:52 2017) is in the future.
Fix? yes

Pass 1: Checking inodes, blocks, and sizes
Pass 2: Checking directory structure
Pass 3: Checking directory connectivity
Pass 4: Checking reference counts
Pass 5: Checking group summary information
oem: 19/22784 files (5.3% non-contiguous), 19476/131072 blocks
Mounting /dev/mmcblk0p7(ext2) on /oem 
[    4.798978] EXT4-fs (mmcblk0p7): mounted filesystem with ordered data mode. Opts: (null)
Handling userdata: /dev/mmcblk0p8 /userdata ext2 defaults 2
Checking /dev/mmcblk0p8(ext2)
e2fsck 1.43.9 (8-Feb-2018)
userdata: recovering journal
Superblock last mount time (Thu Dec 22 12:00:13 2022,
	now = Fri Aug  4 09:04:52 2017) is in the future.
Fix? yes

Pass 1: Checking inodes, blocks, and sizes
Pass 2: Checking directory structure
Pass 3: Checking directory connectivity
Pass 4: Checking reference counts
Pass 5: Checking group summary information
userdata: 17/545648 files (0.0% non-contiguous), 59875/2180091 blocks
Mounting /dev/mmcblk0p8(ext2) on /userdata 
[    5.059950] EXT4-fs (mmcblk0p8): mounted filesystem with ordered data mode. Opts: (null)
Log saved to /tmp/mountall.log
Starting system message bus: done
[    5.118296] goodix: version magic '4.19.219 SMP mod_unload aarch64' should be '4.19.232 SMP mod_unload aarch64'
[    5.119112] goodix: version magic '4.19.219 SMP mod_unload aarch64' should be '4.19.232 SMP mod_unload aarch64'
insmod: can't insert '/system/lib/modules/goodix.ko': invalid module format
/etc/init.d/S36load_wifi_modules: line 43: can't create /sys/class/rfkill/rfkill1/state: nonexistent directory
wpa_supplicant.conf init
wpa_supplicant.conf init
[    5.184203] 8723ds: version magic '4.19.219 SMP mod_unload aarch64' should be '4.19.232 SMP mod_unload aarch64'
[    5.194256] 8723ds: version magic '4.19.219 SMP mod_unload aarch64' should be '4.19.232 SMP mod_unload aarch64'
insmod: can't insert '/system/lib/modules/8723ds.ko': invalid module format
Starting network: OK
Starting dhcpcd...
dev: loaded udev
no interfaces have a carrier
forked to background, child pid 583
[    5.317248] rk_gmac-dwmac fe010000.ethernet eth0: Could not attach to PHY
[    5.317274] rk_gmac-dwmac fe010000.ethernet eth0: stmmac_open: Cannot attach to PHY (error: -19)
[    5.318409] Generic PHY stmmac-0:00: attached PHY driver [Generic PHY] (mii_bus:phy_addr=stmmac-0:00, irq=POLL)
[    5.420630] rk_gmac-dwmac fe2a0000.ethernet: Failed to reset the dma
[    5.420657] rk_gmac-dwmac fe2a0000.ethernet eth1: stmmac_hw_setup: DMA engine initialization failed
[    5.420665] rk_gmac-dwmac fe2a0000.ethernet eth1: stmmac_open: Hw setup failed
Starting ntpd: OK
Starting dropbear sshd: OK
Starting launcher: The framebuffer device was opened successfully.
Debug: configfs_init
mkdir: cannot create directory '/sys/kernel/config/usb_gadget/rockchip/functions/uac1.gs0': No such file or directory
[    5.491033] Freeing drm_logo memory: 736K
1080x1080, 32bpp
mkdir: cannot create directory '/sys/kernel/config/usb_gadget/rockchip/functions/uac2.gs0': No such file or directory
[    5.512538] file system registered
The framebuffer device was mapped to memory successfully.
LV_HOR_RES_MAX=1024, LV_VER_RES_MAX=600
mkdir: cannot create directory '/sys/kernel/config/usb_gadget/rockchip/functions/mtp.gs0': No such file or directory
mkdir: cannot create directory '/sys/kernel/config/usb_gadget/rockchip/functions/rndis.gs0': No such file or directory
[    5.538838] Mass Storage Function, version: 2009/09/11
[    5.538900] LUN: removable file: (no medium)
mkdir: cannot create directory '/sys/kernel/config/usb_gadget/rockchip/functions/hid.usb0': No such file or directory
[    5.575868] read descriptors
[    5.575909] read strings
Starting linuxptp daemon: OK
Starting linuxptp system clock synchronization: OK
Starting dnsmasq: OK
Trying to reconnect Wifi
Starting input-event-daemon: input-event-daemon: Start parsing /etc/input-event-daemon.conf...
input-event-daemon: Adding device: /dev/input/event0...
input-event-daemon: Adding device: /dev/input/event1...
input-event-daemon: Adding device: /dev/input/event10...
input-event-daemon: Adding device: /dev/input/event11...
input-event-daemon: Adding device: /dev/input/event2...
input-event-daemon: Adding device: /dev/input/event3...
input-event-daemon: Adding device: /dev/input/event4...
input-event-daemon: Adding device: /dev/input/event5...
input-event-daemon: Adding device: /dev/input/event6...
input-event-daemon: Adding device: /dev/input/event7...
input-event-daemon: Adding device: /dev/input/event8...
input-event-daemon: Adding device: /dev/input/event9...
input-event-daemon: Start listening on 12 devices...
done
[root@RK356X:/kf2]# [    6.881718] dwc3 fcc00000.dwc3: device reset
[    6.947650] android_work: sent uevent USB_STATE=CONNECTED
[    6.950311] configfs-gadget gadget: high-speed config #1: b
[    6.950786] android_work: sent uevent USB_STATE=CONFIGURED
[   33.760442] vcc5v0_otg: disabling
[   33.760529] vcc3v3_lcd1_n: disabling
[   33.760569] vcc3v3_pcie: disabling
