DDR V1.18 f366f69a7d typ 23/07/17-15:48:58
In
LP4/4x derate en, other dram:1x trefi
ddrconfig:0
LP4 MR14:0x4d
LPDDR4, 324MHz
BW=32 Col=10 Bk=8 CS0 Row=16 CS=1 Die BW=16 Size=2048MB
tdqss: cs0 dqs0: 24ps, dqs1: -72ps, dqs2: -48ps, dqs3: -144ps,

change to: 324MHz
clk skew:0x62

change to: 528MHz
clk skew:0x58

change to: 780MHz
clk skew:0x58

change to: 1560MHz(final freq)
PHY drv:clk:38,ca:38,DQ:30,odt:60
vrefinner:16%, vrefout:29%
dram drv:40,odt:80
vref_ca:00000068
clk skew:0x1c
cs 0:
the read training result:
DQS0:0x36, DQS1:0x36, DQS2:0x3c, DQS3:0x34,
min  : 0xf  0xf 0x12  0xe  0x1  0x3  0x9  0x5 , 0xb  0x7  0x3  0x1  0xd  0x9  0xd  0x8 ,
      0x15 0x14 0x10  0xf  0x5  0x2  0x6  0x7 , 0xd  0xa  0x9  0x1  0xd  0xe  0xc  0xf ,
mid  :0x2a 0x2a 0x2e 0x29 0x1c 0x20 0x23 0x20 ,0x26 0x24 0x1d 0x1e 0x27 0x25 0x26 0x24 ,
      0x31 0x30 0x2b 0x2b 0x21 0x1f 0x21 0x23 ,0x28 0x26 0x23 0x1d 0x2a 0x2a 0x28 0x2c ,
max  :0x46 0x46 0x4a 0x45 0x37 0x3d 0x3e 0x3c ,0x42 0x42 0x38 0x3c 0x42 0x42 0x40 0x41 ,
      0x4d 0x4c 0x47 0x47 0x3e 0x3d 0x3c 0x40 ,0x44 0x42 0x3d 0x3a 0x48 0x47 0x45 0x49 ,
range:0x37 0x37 0x38 0x37 0x36 0x3a 0x35 0x37 ,0x37 0x3b 0x35 0x3b 0x35 0x39 0x33 0x39 ,
      0x38 0x38 0x37 0x38 0x39 0x3b 0x36 0x39 ,0x37 0x38 0x34 0x39 0x3b 0x39 0x39 0x3a ,
the write training result:
DQS0:0x20, DQS1:0xe, DQS2:0x13, DQS3:0x0,
min  :0x6d 0x71 0x72 0x70 0x61 0x65 0x6a 0x69 0x69 ,0x54 0x55 0x4f 0x50 0x5a 0x58 0x5a 0x57 0x54 ,
      0x5f 0x60 0x5a 0x5b 0x52 0x50 0x52 0x56 0x58 ,0x4b 0x4b 0x47 0x44 0x51 0x50 0x4d 0x52 0x49 ,
mid  :0x87 0x8b 0x8c 0x8a 0x79 0x7c 0x82 0x81 0x81 ,0x70 0x6f 0x68 0x6a 0x73 0x70 0x73 0x70 0x6e ,
      0x7b 0x7b 0x73 0x74 0x6a 0x68 0x6a 0x6e 0x71 ,0x66 0x63 0x60 0x5d 0x69 0x6a 0x67 0x6c 0x62 ,
max  :0xa2 0xa5 0xa6 0xa4 0x91 0x93 0x9b 0x99 0x9a ,0x8c 0x8a 0x82 0x85 0x8c 0x89 0x8c 0x8a 0x88 ,
      0x97 0x96 0x8d 0x8e 0x82 0x80 0x83 0x87 0x8a ,0x81 0x7c 0x79 0x77 0x82 0x84 0x81 0x87 0x7c ,
range:0x35 0x34 0x34 0x34 0x30 0x2e 0x31 0x30 0x31 ,0x38 0x35 0x33 0x35 0x32 0x31 0x32 0x33 0x34 ,
      0x38 0x36 0x33 0x33 0x30 0x30 0x31 0x31 0x32 ,0x36 0x31 0x32 0x33 0x31 0x34 0x34 0x35 0x33 ,
CA Training result:
cs:0 min  :0x46 0x44 0x3a 0x36 0x3e 0x34 0x40 ,0x48 0x40 0x3e 0x36 0x3a 0x34 0x42 ,
cs:0 mid  :0x83 0x83 0x77 0x76 0x79 0x73 0x6e ,0x85 0x81 0x79 0x75 0x76 0x74 0x6f ,
cs:0 max  :0xc1 0xc3 0xb4 0xb6 0xb5 0xb3 0x9c ,0xc2 0xc2 0xb5 0xb5 0xb3 0xb5 0x9c ,
cs:0 range:0x7b 0x7f 0x7a 0x80 0x77 0x7f 0x5c ,0x7a 0x82 0x77 0x7f 0x79 0x81 0x5a ,
out
U-Boot SPL board init
U-Boot SPL 2017.09-gaaca6ffec1-211203 #zzz (Dec 03 2021 - 18:42:16)
unknown raw ID phN
unrecognized JEDEC id bytes: 00, 00, 00
Trying to boot from MMC2
MMC error: The cmd index is 1, ret is -110
Card did not respond to voltage select!
mmc_init: -95, time 9
spl: mmc init failed with error: -95
Trying to boot from MMC1
SPL: A/B-slot: _a, successful: 0, tries-remain: 7
Trying fit image at 0x4000 sector
## Verified-boot: 0
## Checking atf-1 0x00040000 ... sha256(fc070f5a40...) + OK
## Checking uboot 0x00a00000 ... sha256(e914f0763a...) + OK
## Checking fdt 0x00b39230 ... sha256(fcfda359c0...) + OK
## Checking atf-2 0xfdcc1000 ... sha256(b7e96f5509...) + OK
## Checking atf-3 0x0006c000 ... sha256(fd59386129...) + OK
## Checking atf-4 0xfdcd0000 ... sha256(415b5d518f...) + OK
## Checking atf-5 0xfdcce000 ... sha256(4d791bf003...) + OK
## Checking atf-6 0x0006a000 ... sha256(6e9d32ba23...) + OK
## Checking optee 0x08400000 ... sha256(af414b9c9f...) + OK
Jumping to U-Boot(0x00a00000) via ARM Trusted Firmware(0x00040000)
Total: 241.570 ms

INFO:    Preloader serial: 2
NOTICE:  BL31: v2.3():v2.3-578-gaef7950e4:huan.he
NOTICE:  BL31: Built : 14:05:25, Apr 19 2023
INFO:    GICv3 without legacy support detected.
INFO:    ARM GICv3 driver initialized in EL3
INFO:    pmu v1 is valid 220114
INFO:    dfs DDR fsp_param[0].freq_mhz= 1560MHz
INFO:    dfs DDR fsp_param[1].freq_mhz= 324MHz
INFO:    dfs DDR fsp_param[2].freq_mhz= 528MHz
INFO:    dfs DDR fsp_param[3].freq_mhz= 780MHz
INFO:    BL31: Initialising Exception Handling Framework
INFO:    BL31: Initializing runtime services
INFO:    BL31: Initializing BL32
I/TC:
I/TC: OP-TEE version: 3.13.0-651-gd84087907 #hisping.lin (gcc version 10.2.1 20201103 (GNU Toolchain for the A-profile Architecture 10.2-2020.11 (arm-10.16))) #5 Fri Sep 16 15:39:33 CST 2022 aarch64
I/TC: Primary CPU initializing
I/TC: Primary CPU switching to normal world boot
INFO:    BL31: Preparing for EL3 exit to normal world
INFO:    Entry point address = 0xa00000
INFO:    SPSR = 0x3c9


U-Boot 2017.09 #gecedu (Aug 17 2025 - 12:43:41 +0800)

Model: Rockchip RK3568 Evaluation Board
PreSerial: 2, raw, 0xfe660000
DRAM:  2 GiB
Sysmem: init
Relocation Offset: 7d23f000
Relocation fdt: 7b9f8f00 - 7b9fecd0
CR: M/C/I
Using default environment

dwmmc@fe2b0000: 1, dwmmc@fe2c0000: 2, sdhci@fe310000: 0
Bootdev(atags): mmc 0
MMC0: HS200, 200Mhz
PartType: EFI
DM: v1
boot mode: None
FIT: no signed, no conf required
DTB: rk-kernel.dtb
HASH(c): OK
I2c0 speed: 100000Hz
vsel-gpios- not found! Error: -2
vdd_cpu init 900000 uV
PMIC:  RK8090 (on=0x10, off=0x00)
vdd_logic init 900000 uV
vdd_gpu init 900000 uV
vdd_npu init 900000 uV
io-domain: OK
INFO:    ddr dmc_fsp already initialized in loader.
Could not find baseparameter partition
Model: Rockchip RK3568 EVB1 DDR4 V10 Board
Rockchip UBOOT DRM driver version: v1.0.1
VOP have 2 active VP
vp0 have layer nr:3[0 2 4 ], primary plane: 4
vp1 have layer nr:3[1 3 5 ], primary plane: 5
vp2 have layer nr:0[], primary plane: 0
Using display timing dts
dsi@fe060000:  detailed mode clock 51200 kHz, flags[8000000a]
    H: 1024 1184 1186 1346
    V: 0600 0612 0614 0637
bus_format: 100e
VOP update mode to: 1024x600p60, type: MIPI0 for VP0
VP0 set crtc_clock to 51000KHz
VOP VP0 enable Smart0[654x270->654x270@185x165] fmt[2] addr[0x7df04000]
final DSI-Link bandwidth: 336 Mbps x 4
xfer: num: 2, addr: 0x50
xfer: num: 2, addr: 0x50
Could not find baseparameter partition
mode:1920x1080
hdmi@fe0a0000:  detailed mode clock 148500 kHz, flags[5]
    H: 1920 2008 2052 2200
    V: 1080 1084 1089 1125
bus_format: 2025
VOP update mode to: 1920x1080p60, type: HDMI0 for VP1
VP1 set crtc_clock to 148400KHz
VOP VP1 enable Smart1[654x270->654x270@633x405] fmt[2] addr[0x7df04000]
CEA mode used vic=16
final pixclk = 148400000 tmdsclk = 148400000
PHY powered down in 0 iterations
PHY PLL locked 1 iterations
PHY powered down in 1 iterations
PHY PLL locked 1 iterations
CLK: (sync kernel. arm: enter 816000 KHz, init 816000 KHz, kernel 0N/A)
  apll 1416000 KHz
  dpll 780000 KHz
  gpll 1188000 KHz
  cpll 1000000 KHz
  npll 1200000 KHz
  vpll 742000 KHz
  hpll 51000 KHz
  ppll 200000 KHz
  armclk 1416000 KHz
  aclk_bus 150000 KHz
  pclk_bus 100000 KHz
  aclk_top_high 500000 KHz
  aclk_top_low 400000 KHz
  hclk_top 150000 KHz
  pclk_top 100000 KHz
  aclk_perimid 300000 KHz
  hclk_perimid 150000 KHz
  pclk_pmu 100000 KHz
Net:   eth1: ethernet@fe010000
Hit key to stop autoboot('CTRL+C'):  0
ANDROID: reboot reason: "(none)"
optee api revision: 2.0
TEEC: Waring: Could not find security partition
Not AVB images, AVB skip
No valid android hdr
Android image load failed
Android boot failed, error -1.
## Booting FIT Image at 0x7a2992c0 with size 0x0155ec00
Fdt Ramdisk skip relocation
## Loading kernel from FIT Image at 7a2992c0 ...
   Using 'conf' configuration
## Verified-boot: 0
   Trying 'kernel' kernel subimage
     Description:  unavailable
     Type:         Kernel Image
     Compression:  uncompressed
     Data Start:   0x7a2bb4c0
     Data Size:    22267912 Bytes = 21.2 MiB
     Architecture: AArch64
     OS:           Linux
     Load Address: 0x00280000
     Entry Point:  0x00280000
     Hash algo:    sha256
     Hash value:   1792bf23cc6f42784157b9740f29f1b41d195676a166de29003a12a3b9df71b3
   Verifying Hash Integrity ... sha256+ OK
## Loading fdt from FIT Image at 7a2992c0 ...
   Using 'conf' configuration
   Trying 'fdt' fdt subimage
     Description:  unavailable
     Type:         Flat Device Tree
     Compression:  uncompressed
     Data Start:   0x7a299ac0
     Data Size:    137367 Bytes = 134.1 KiB
     Architecture: AArch64
     Load Address: 0x08300000
     Hash algo:    sha256
     Hash value:   702405c9728899cc1e3e52529d3755a8ebae747f361f82dfe9a4d2062e3fed7c
   Verifying Hash Integrity ... sha256+ OK
   Loading fdt from 0x08300000 to 0x08300000
   Booting using the fdt blob at 0x08300000
   Loading Kernel Image from 0x7a2bb4c0 to 0x00280000 ... OK
   kernel loaded at 0x00280000, end = 0x017bc808
  'reserved-memory' ramoops@110000: addr=110000 size=f0000
   Using Device Tree in place at 0000000008300000, end 0000000008324896
vp0, plane_mask:0x15, primary-id:4, curser-id:0
vp1, plane_mask:0x2a, primary-id:5, curser-id:1
vp2, plane_mask:0x0, primary-id:0, curser-id:-1
Adding bank: 0x00200000 - 0x08400000 (size: 0x08200000)
Adding bank: 0x09400000 - 0x80000000 (size: 0x76c00000)
Total: 1411.417 ms

Starting kernel ...

[    0.000000] Booting Linux on physical CPU 0x0000000000 [0x412fd050]
[    0.000000] Linux version 4.19.232 (gecedu@Gecedu) (gcc version 10.3.1 20210621 (GNU Toolchain for the A-profile Architecture 10.3-2021.07 (arm-10.29)), GNU ld (GNU Toolchain for the A-profile Architecture 10.3-2021.07 (arm-10.29)) 2.36.1.20210621) #5 SMP Thu Aug 14 19:27:53 CST 2025
[    0.000000] Machine model: Rockchip RK3568 EVB1 DDR4 V10 Board
[    0.000000] earlycon: uart8250 at MMIO32 0x00000000fe660000 (options '')
[    0.000000] bootconsole [uart8250] enabled
[    0.000000] cma: Reserved 16 MiB at 0x000000007ec00000
[    0.000000] psci: probing for conduit method from DT.
[    0.000000] psci: PSCIv1.1 detected in firmware.
[    0.000000] psci: Using standard PSCI v0.2 function IDs
[    0.000000] psci: Trusted OS migration not required
[    0.000000] psci: SMC Calling Convention v1.2
[    0.000000] percpu: Embedded 23 pages/cpu s54184 r8192 d31832 u94208
[    0.000000] Detected VIPT I-cache on CPU0
[    0.000000] CPU features: detected: Virtualization Host Extensions
[    0.000000] CPU features: detected: Speculative Store Bypassing Safe (SSBS)
[    0.000000] Built 1 zonelists, mobility grouping on.  Total pages: 511496
[    0.000000] Kernel command line: storagemedia=emmc androidboot.storagemedia=emmc androidboot.mode=normal  androidboot.verifiedbootstate=orange rw rootwait earlycon=uart8250,mmio32,0xfe660000 console=ttyFIQ0 root=PARTUUID=614e0000-0000
[    0.000000] Dentry cache hash table entries: 262144 (order: 9, 2097152 bytes)
[    0.000000] Inode-cache hash table entries: 131072 (order: 8, 1048576 bytes)
[    0.000000] mem auto-init: stack:off, heap alloc:off, heap free:off
[    0.000000] Memory: 2001212K/2078720K available (13566K kernel code, 1842K rwdata, 4756K rodata, 1536K init, 502K bss, 61124K reserved, 16384K cma-reserved)
[    0.000000] SLUB: HWalign=64, Order=0-3, MinObjects=0, CPUs=4, Nodes=1
[    0.000000] ftrace: allocating 49823 entries in 195 pages
[    0.000000] rcu: Hierarchical RCU implementation.
[    0.000000] rcu:     RCU event tracing is enabled.
[    0.000000] rcu:     RCU restricting CPUs from NR_CPUS=8 to nr_cpu_ids=4.
[    0.000000] rcu: Adjusting geometry for rcu_fanout_leaf=16, nr_cpu_ids=4
[    0.000000] NR_IRQS: 64, nr_irqs: 64, preallocated irqs: 0
[    0.000000] GICv3: GIC: Using split EOI/Deactivate mode
[    0.000000] GICv3: Distributor has no Range Selector support
[    0.000000] GICv3: no VLPI support, no direct LPI support
[    0.000000] ITS [mem 0xfd440000-0xfd45ffff]
[    0.000000] ITS@0x00000000fd440000: allocated 8192 Devices @7e4f0000 (indirect, esz 8, psz 64K, shr 0)
[    0.000000] ITS@0x00000000fd440000: allocated 32768 Interrupt Collections @7e500000 (flat, esz 2, psz 64K, shr 0)
[    0.000000] ITS: using cache flushing for cmd queue
[    0.000000] GIC: using LPI property table @0x000000007e510000
[    0.000000] GICv3: CPU0: found redistributor 0 region 0:0x00000000fd460000
[    0.000000] CPU0: using LPI pending table @0x000000007e520000
[    0.000000] GIC: using cache flushing for LPI property table
[    0.000000] random: random: get_random_bytes called from start_kernel+0x358/0x4e0 with crng_init=0
[    0.000000] arch_timer: cp15 timer(s) running at 24.00MHz (phys).
[    0.000000] clocksource: arch_sys_counter: mask: 0xffffffffffffff max_cycles: 0x588fe9dc0, max_idle_ns: 440795202592 ns
[    0.000004] sched_clock: 56 bits at 24MHz, resolution 41ns, wraps every 4398046511097ns
[    0.001668] Console: colour dummy device 80x25
[    0.002117] Calibrating delay loop (skipped), value calculated using timer frequency.. 48.00 BogoMIPS (lpj=80000)
[    0.003086] pid_max: default: 32768 minimum: 301
[    0.003632] Mount-cache hash table entries: 4096 (order: 3, 32768 bytes)
[    0.004271] Mountpoint-cache hash table entries: 4096 (order: 3, 32768 bytes)
[    0.006062] ASID allocator initialised with 32768 entries
[    0.006672] rcu: Hierarchical SRCU implementation.
[    0.008976] Platform MSI: interrupt-controller@fd440000 domain created
[    0.009930] PCI/MSI: /interrupt-controller@fd400000/interrupt-controller@fd440000 domain created
[    0.011271] smp: Bringing up secondary CPUs ...
I/TC: Secondary CPU 1 initializing
I/TC: Secondary CPU 1 switching to normal world boot
I/TC: Secondary CPU 2 initializing
I/TC: Secondary CPU 2 switching to normal world boot
I/TC: Secondary CPU 3 initializing
I/TC: Secondary CPU 3 switching to normal world boot
[    0.012919] Detected VIPT I-cache on CPU1
[    0.012947] GICv3: CPU1: found redistributor 100 region 0:0x00000000fd480000
[    0.012983] CPU1: using LPI pending table @0x000000007e6b0000
[    0.013025] CPU1: Booted secondary processor 0x0000000100 [0x412fd050]
[    0.014261] Detected VIPT I-cache on CPU2
[    0.014284] GICv3: CPU2: found redistributor 200 region 0:0x00000000fd4a0000
[    0.014319] CPU2: using LPI pending table @0x000000007e700000
[    0.014352] CPU2: Booted secondary processor 0x0000000200 [0x412fd050]
[    0.015553] Detected VIPT I-cache on CPU3
[    0.015574] GICv3: CPU3: found redistributor 300 region 0:0x00000000fd4c0000
[    0.015617] CPU3: using LPI pending table @0x000000007e720000
[    0.015649] CPU3: Booted secondary processor 0x0000000300 [0x412fd050]
[    0.015730] smp: Brought up 1 node, 4 CPUs
[    0.022714] SMP: Total of 4 processors activated.
[    0.023161] CPU features: detected: GIC system register CPU interface
[    0.023768] CPU features: detected: Privileged Access Never
[    0.024293] CPU features: detected: LSE atomic instructions
[    0.024819] CPU features: detected: User Access Override
[    0.025321] CPU features: detected: 32-bit EL0 Support
[    0.025818] CPU features: detected: RAS Extension Support
[    0.026458] CPU: All CPU(s) started at EL2
[    0.026863] alternatives: patching kernel code
[    0.031636] devtmpfs: initialized
[    0.049387] Registered cp15_barrier emulation handler
[    0.049879] Registered setend emulation handler
[    0.050521] clocksource: jiffies: mask: 0xffffffff max_cycles: 0xffffffff, max_idle_ns: 6370867519511994 ns
[    0.051488] futex hash table entries: 1024 (order: 4, 65536 bytes)
[    0.052551] pinctrl core: initialized pinctrl subsystem
[    0.053790] NET: Registered protocol family 16
[    0.057029] cpuidle: using governor menu
[    0.057428] Registered FIQ tty driver
[    0.058168] hw-breakpoint: found 6 breakpoint and 4 watchpoint registers.
[    0.059864] DMA: preallocated 256 KiB pool for atomic allocations
[    0.062671] ramoops: dmesg-0 0x20000@0x0000000000110000
[    0.063179] ramoops: console 0x80000@0x0000000000130000
[    0.063683] ramoops: pmsg    0x50000@0x00000000001b0000
[    0.064451] console [pstore-1] enabled
[    0.064806] pstore: Registered ramoops as persistent store backend
[    0.065418] ramoops: attached 0xf0000@0x110000, ecc: 0/0
[    0.090625] rockchip-gpio fdd60000.gpio: probed gpio0 (fdd60000.gpio)
[    0.091662] rockchip-gpio fe740000.gpio: probed gpio1 (fe740000.gpio)
[    0.092698] rockchip-gpio fe750000.gpio: probed gpio2 (fe750000.gpio)
[    0.093708] rockchip-gpio fe760000.gpio: probed gpio3 (fe760000.gpio)
[    0.094721] rockchip-gpio fe770000.gpio: probed gpio4 (fe770000.gpio)
[    0.095400] rockchip-pinctrl pinctrl: probed pinctrl
[    0.104864] cryptd: max_cpu_qlen set to 1000
[[    0.106561] console [ttyFIQ0] enabled
    0.106561] console [ttyFIQ0] enabled
[    0.107239] bootconsole [uart8250] disabled
[    0.107239] bootconsole [uart8250] disabled
[    0.107800] Registered fiq debugger ttyFIQ0
[    0.108537] vcc3v3_sys: supplied by dc_12v
[    0.108820] vcc5v0_sys: supplied by dc_12v
[    0.109107] vcc5v0_usb: supplied by dc_12v
[    0.109461] vcc5v0_host: supplied by vcc5v0_usb
[    0.109817] vcc5v0_otg: supplied by vcc5v0_usb
[    0.110124] vcc3v3_lcd0_n: supplied by vcc3v3_sys
[    0.110419] vcc3v3_lcd1_n: supplied by vcc3v3_sys
[    0.110707] vcc2v5-sys: supplied by vcc3v3_sys
[    0.111005] vcc3v3_vga: supplied by vcc3v3_sys
[    0.111326] pcie30_avdd0v9: supplied by vcc3v3_sys
[    0.111619] pcie30_avdd1v8: supplied by vcc3v3_sys
[    0.111909] vcc3v3_pcie: supplied by dc_12v
[    0.118150] vcc3v3_bu: supplied by vcc5v0_sys
[    0.119123] rk_iommu fde4b000.iommu: version = 2
[    0.119558] rk_iommu fdea0800.iommu: version = 2
[    0.119854] rk_iommu fded0480.iommu: version = 2
[    0.120190] rk_iommu fdee0800.iommu: version = 2
[    0.120488] rk_iommu fdef0800.iommu: version = 2
[    0.120756] rk_iommu fdf40f00.iommu: version = 2
[    0.121086] rk_iommu fdf80800.iommu: version = 2
[    0.121414] rk_iommu fdff1a00.iommu: version = 2
[    0.121696] rk_iommu fe043e00.iommu: version = 2
[    0.122377] SCSI subsystem initialized
[    0.122593] usbcore: registered new interface driver usbfs
[    0.122646] usbcore: registered new interface driver hub
[    0.122698] usbcore: registered new device driver usb
[    0.122747] media: Linux media interface: v0.10
[    0.122793] videodev: Linux video capture interface: v2.00
[    0.122864] pps_core: LinuxPPS API ver. 1 registered
[    0.122878] pps_core: Software ver. 5.3.6 - Copyright 2005-2007 Rodolfo Giometti <giometti@linux.it>
[    0.122903] PTP clock support registered
[    0.123179] arm-scmi firmware:scmi: SCMI Protocol v2.0 'rockchip:' Firmware version 0x0
[    0.125178] Advanced Linux Sound Architecture Driver Initialized.
[    0.125579] Bluetooth: Core ver 2.22
[    0.125625] NET: Registered protocol family 31
[    0.125640] Bluetooth: HCI device and connection manager initialized
[    0.125657] Bluetooth: HCI socket layer initialized
[    0.125673] Bluetooth: L2CAP socket layer initialized
[    0.125719] Bluetooth: SCO socket layer initialized
[    0.127120] rockchip-cpuinfo cpuinfo: SoC            : 35683000
[    0.127147] rockchip-cpuinfo cpuinfo: Serial         : 92c78ea0124d526e
[    0.127980] clocksource: Switched to clocksource arch_sys_counter
[    0.189695] thermal thermal_zone1: power_allocator: sustainable_power will be estimated
[    0.189979] NET: Registered protocol family 2
[    0.190122] IP idents hash table entries: 32768 (order: 6, 262144 bytes)
[    0.190998] tcp_listen_portaddr_hash hash table entries: 1024 (order: 3, 40960 bytes)
[    0.191054] TCP established hash table entries: 16384 (order: 5, 131072 bytes)
[    0.191146] TCP bind hash table entries: 16384 (order: 7, 524288 bytes)
[    0.191557] TCP: Hash tables configured (established 16384 bind 16384)
[    0.191678] UDP hash table entries: 1024 (order: 4, 98304 bytes)
[    0.191764] UDP-Lite hash table entries: 1024 (order: 4, 98304 bytes)
[    0.191955] NET: Registered protocol family 1
[    0.192422] RPC: Registered named UNIX socket transport module.
[    0.192433] RPC: Registered udp transport module.
[    0.192440] RPC: Registered tcp transport module.
[    0.192454] RPC: Registered tcp NFSv4.1 backchannel transport module.
[    0.194466] hw perfevents: enabled with armv8_pmuv3 PMU driver, 7 counters available
[    0.196269] Initialise system trusted keyrings
[    0.196434] workingset: timestamp_bits=61 max_order=19 bucket_order=0
[    0.201602] squashfs: version 4.0 (2009/01/31) Phillip Lougher
[    0.202288] NFS: Registering the id_resolver key type
[    0.202325] Key type id_resolver registered
[    0.202334] Key type id_legacy registered
[    0.202364] ntfs: driver 2.1.32 [Flags: R/O].
[    0.202528] jffs2: version 2.2. (NAND) ? 2001-2006 Red Hat, Inc.
[    0.202697] fuse init (API version 7.27)
[    0.203008] SGI XFS with security attributes, no debug enabled
[    0.205100] NET: Registered protocol family 38
[    0.205134] Key type asymmetric registered
[    0.205149] Asymmetric key parser 'x509' registered
[    0.205194] Block layer SCSI generic (bsg) driver version 0.4 loaded (major 243)
[    0.205211] io scheduler noop registered
[    0.205223] io scheduler deadline registered
[    0.205322] io scheduler cfq registered (default)
[    0.205338] io scheduler mq-deadline registered
[    0.205351] io scheduler kyber registered
[    0.206326] rockchip-csi2-dphy csi2-dphy0: csi2 dphy0 probe successfully!
[    0.206476] rockchip-csi2-dphy-hw fe870000.csi2-dphy-hw: csi2 dphy hw probe successfully!
[    0.208590] phy phy-fe8a0000.usb2-phy.0: Linked as a consumer to regulator.5
[    0.208825] phy phy-fe8a0000.usb2-phy.1: Linked as a consumer to regulator.6
[    0.210036] extcon extcon1: failed to create extcon usb2-phy link
[    0.210145] phy phy-fe8b0000.usb2-phy.2: Linked as a consumer to regulator.5
[    0.210277] phy phy-fe8b0000.usb2-phy.3: Linked as a consumer to regulator.5
[    0.210386] phy phy-fe8b0000.usb2-phy.3: No vbus specified for otg port
[    0.218041] rk-pcie 3c0800000.pcie: Linked as a consumer to regulator.13
[    0.218454] pwm-backlight backlight: backlight supply power not found, using dummy regulator
[    0.218518] pwm-backlight backlight: Linked as a consumer to regulator.0
[    0.218616] rochchip_p3phy_init: lock failed 0x6890000, check input refclk and power supply
[    0.218639] phy phy-fe8c0000.phy.8: phy init failed --> -110
[    0.218653] rk-pcie 3c0800000.pcie: fail to init phy, err -110
[    0.218665] rk-pcie 3c0800000.pcie: phy init failed
[    0.218730] pwm-backlight backlight1: backlight1 supply power not found, using dummy regulator
[    0.218786] pwm-backlight backlight1: Linked as a consumer to regulator.0
[    0.219008] mpp_service mpp-srv: ddc1c24c52b5 author: Herman Chen 2022-11-16 video: rockchip: mpp: Fix mpp_dev_release crash
[    0.219026] mpp_service mpp-srv: probe start
[    0.220395] iommu: Adding device fdf40000.rkvenc to group 5
[    0.220432] mpp_rkvenc fdf40000.rkvenc: Linked as a consumer to fdf40f00.iommu
[    0.220616] mpp_rkvenc fdf40000.rkvenc: probing start
[    0.220897] mpp_rkvenc fdf40000.rkvenc: venc regulator not ready, retry
[    0.220915] rkvenc_init:1199: failed to add venc devfreq
[    0.222140] iommu: Adding device fdea0400.vdpu to group 1
[    0.222176] mpp_vdpu2 fdea0400.vdpu: Linked as a consumer to fdea0800.iommu
[    0.222324] mpp_vdpu2 fdea0400.vdpu: probe device
[    0.222736] mpp_vdpu2 fdea0400.vdpu: probing finish
[    0.223240] iommu: Adding device fdee0000.vepu to group 3
[    0.223273] mpp_vepu2 fdee0000.vepu: Linked as a consumer to fdee0800.iommu
[    0.223437] mpp_vepu2 fdee0000.vepu: probe device
[    0.223838] mpp_vepu2 fdee0000.vepu: probing finish
[    0.224325] iommu: Adding device fdef0000.iep to group 4
[    0.224358] mpp-iep2 fdef0000.iep: Linked as a consumer to fdef0800.iommu
[    0.224486] mpp-iep2 fdef0000.iep: probe device
[    0.224822] mpp-iep2 fdef0000.iep: allocate roi buffer failed
[    0.224989] mpp-iep2 fdef0000.iep: probing finish
[    0.225460] iommu: Adding device fded0000.jpegd to group 2
[    0.225493] mpp_jpgdec fded0000.jpegd: Linked as a consumer to fded0480.iommu
[    0.225617] mpp_jpgdec fded0000.jpegd: probe device
[    0.226013] mpp_jpgdec fded0000.jpegd: probing finish
[    0.226507] iommu: Adding device fdf80200.rkvdec to group 6
[    0.226540] mpp_rkvdec2 fdf80200.rkvdec: Linked as a consumer to fdf80800.iommu
[    0.226747] mpp_rkvdec2 fdf80200.rkvdec: probing start
[    0.226784] mpp_rkvdec2 fdf80200.rkvdec: 16 task capacity link mode detected
[    0.227070] mpp_rkvdec2 fdf80200.rkvdec: shared_niu_a is not found!
[    0.227080] rkvdec2_init:925: No niu aclk reset resource define
[    0.227098] mpp_rkvdec2 fdf80200.rkvdec: shared_niu_h is not found!
[    0.227111] rkvdec2_init:928: No niu hclk reset resource define
[    0.227168] mpp_rkvdec2 fdf80200.rkvdec: vdec regulator not ready, retry
[    0.227180] rkvdec2_init:942: failed to add vdec devfreq
[    0.227359] mpp_rkvdec2 fdf80200.rkvdec: probe sub driver failed
[    0.227666] mpp_service mpp-srv: probe success
[    0.231511] dma-pl330 fe530000.dmac: Loaded driver for PL330 DMAC-241330
[    0.231538] dma-pl330 fe530000.dmac:         DBUFF-128x8bytes Num_Chans-8 Num_Peri-32 Num_Events-16
[    0.233473] dma-pl330 fe550000.dmac: Loaded driver for PL330 DMAC-241330
[    0.233496] dma-pl330 fe550000.dmac:         DBUFF-128x8bytes Num_Chans-8 Num_Peri-32 Num_Events-16
[    0.234934] rockchip-system-monitor rockchip-system-monitor: system monitor probe
[    0.235803] Serial: 8250/16550 driver, 10 ports, IRQ sharing disabled
[    0.236381] fdd50000.serial: ttyS0 at MMIO 0xfdd50000 (irq = 17, base_baud = 1500000) is a 16550A
[    0.236955] fe650000.serial: ttyS1 at MMIO 0xfe650000 (irq = 66, base_baud = 1500000) is a 16550A
[    0.237337] fe670000.serial: ttyS3 at MMIO 0xfe670000 (irq = 67, base_baud = 1500000) is a 16550A
[    0.237709] fe680000.serial: ttyS4 at MMIO 0xfe680000 (irq = 68, base_baud = 1500000) is a 16550A
[    0.238137] fe6c0000.serial: ttyS8 at MMIO 0xfe6c0000 (irq = 69, base_baud = 1500000) is a 16550A
[    0.240574] random: fast init done
[    0.240923] iommu: Adding device fe040000.vop to group 8
[    0.240951] rockchip-vop2 fe040000.vop: Linked as a consumer to fe043e00.iommu
[    0.241101] random: crng init done
[    0.245467] rockchip-drm display-subsystem: Linked as a consumer to fe040000.vop
[    0.246514] rockchip-drm display-subsystem: Linked as a consumer to fe0a0000.hdmi
[    0.246932] rockchip-drm display-subsystem: Linked as a consumer to fe060000.dsi
[    0.248320] rockchip-drm display-subsystem: defer getting devfreq
[    0.248564] rockchip-vop2 fe040000.vop: [drm:vop2_bind] vp0 assign plane mask: 0x15, primary plane phy id: 4
[    0.248589] rockchip-vop2 fe040000.vop: [drm:vop2_bind] vp1 assign plane mask: 0x2a, primary plane phy id: 5
[    0.248609] rockchip-vop2 fe040000.vop: [drm:vop2_bind] vp2 assign plane mask: 0x0, primary plane phy id: -1
[    0.248694] [drm] unsupported AFBC format[3432564e]
[    0.248750] rockchip-vop2 fe040000.vop: [drm:vop2_bind] Cluster0-win0 as cursor plane for vp0
[    0.248861] rockchip-vop2 fe040000.vop: [drm:vop2_bind] Cluster1-win0 as cursor plane for vp1
[    0.248940] [drm] failed to init overlay plane Cluster0-win1, ret:-13
[    0.248954] [drm] failed to init overlay plane Cluster1-win1, ret:-13
[    0.249086] rockchip-drm display-subsystem: bound fe040000.vop (ops 0xffffff8008e9e1f0)
[    0.249278] dwhdmi-rockchip fe0a0000.hdmi: Detected HDMI TX controller v2.11a with HDCP (DWC HDMI 2.0 TX PHY)
[    0.249808] dwhdmi-rockchip fe0a0000.hdmi: registered DesignWare HDMI I2C bus driver
[    0.250380] rockchip-drm display-subsystem: bound fe0a0000.hdmi (ops 0xffffff8008ea2a20)
[    0.250426] dw-mipi-dsi fe060000.dsi: [drm:dw_mipi_dsi_bind] *ERROR* Failed to find panel or bridge: -517
[    0.255924] panel-simple-dsi fe060000.dsi.0: Linked as a consumer to regulator.7
[    0.255980] panel-simple-dsi fe060000.dsi.0: fe060000.dsi.0 supply vsp not found, using dummy regulator
[    0.256034] panel-simple-dsi fe060000.dsi.0: Linked as a consumer to regulator.0
[    0.256075] panel-simple-dsi fe060000.dsi.0: fe060000.dsi.0 supply vsn not found, using dummy regulator
[    0.257335] mali fde60000.gpu: Kernel DDK version g7p1-01bet0
[    0.257437] mali fde60000.gpu: Device initialization Deferred
[    0.257532] cacheinfo: Unable to detect cache hierarchy for CPU 0
[    0.258215] brd: module loaded
[    0.264142] loop: module loaded
[    0.264510] zram: Added device: zram0
[    0.264683] lkdtm: No crash points registered, enable through debugfs
[    0.265896] ahci fc800000.sata: forcing port_map 0x0 -> 0x1
[    0.265956] ahci fc800000.sata: AHCI 0001.0300 32 slots 1 ports 6 Gbps 0x1 impl platform mode
[    0.265975] ahci fc800000.sata: flags: ncq sntf pm led clo only pmp fbs pio slum part ccc apst
[    0.265999] ahci fc800000.sata: port 0 is not capable of FBS
[    0.266793] scsi host0: ahci
[    0.267142] ata1: SATA max UDMA/133 mmio [mem 0xfc800000-0xfc800fff] port 0x100 irq 11
[    0.268900] CAN device driver interface
[    0.270556] rk_gmac-dwmac fe010000.ethernet: no regulator found
[    0.270582] rk_gmac-dwmac fe010000.ethernet: clock input or output? (input).
[    0.270599] rk_gmac-dwmac fe010000.ethernet: TX delay(0x41).
[    0.270612] rk_gmac-dwmac fe010000.ethernet: RX delay(0x1e).
[    0.270629] rk_gmac-dwmac fe010000.ethernet: integrated PHY? (no).
[    0.270673] rk_gmac-dwmac fe010000.ethernet: clock input from PHY
[    0.270919] rk_gmac-dwmac fe010000.ethernet: init for RGMII
[    0.271151] rk_gmac-dwmac fe010000.ethernet: User ID: 0x30, Synopsys ID: 0x51
[    0.271170] rk_gmac-dwmac fe010000.ethernet:         DWMAC4/5
[    0.271186] rk_gmac-dwmac fe010000.ethernet: DMA HW capability register supported
[    0.271199] rk_gmac-dwmac fe010000.ethernet: RX Checksum Offload Engine supported
[    0.271211] rk_gmac-dwmac fe010000.ethernet: TX Checksum insertion supported
[    0.271222] rk_gmac-dwmac fe010000.ethernet: Wake-Up On Lan supported
[    0.271259] rk_gmac-dwmac fe010000.ethernet: TSO supported
[    0.271273] rk_gmac-dwmac fe010000.ethernet: Enable RX Mitigation via HW Watchdog Timer
[    0.271288] rk_gmac-dwmac fe010000.ethernet: TSO feature enabled
[    0.406674] PPP generic driver version 2.4.2
[    0.406877] PPP BSD Compression module registered
[    0.406895] PPP Deflate Compression module registered
[    0.406927] PPP MPPE Compression module registered
[    0.406941] NET: Registered protocol family 24
[    0.407162] usbcore: registered new interface driver rndis_wlan
[    0.407220] usbcore: registered new interface driver rtl8150
[    0.407274] usbcore: registered new interface driver r8152
[    0.407322] usbcore: registered new interface driver asix
[    0.407367] usbcore: registered new interface driver ax88179_178a
[    0.407411] usbcore: registered new interface driver cdc_ether
[    0.407458] usbcore: registered new interface driver rndis_host
[    0.407509] usbcore: registered new interface driver cdc_ncm
[    0.407554] usbcore: registered new interface driver cdc_mbim
[    0.408677] dwc3 fcc00000.dwc3: Failed to get clk 'ref': -2
[    0.413897] dwc3 fd000000.dwc3: Failed to get clk 'ref': -2
[    0.419453] ehci_hcd: USB 2.0 'Enhanced' Host Controller (EHCI) Driver
[    0.419486] ehci-pci: EHCI PCI platform driver
[    0.419557] ehci-platform: EHCI generic platform driver
[    0.421856] ehci-platform fd800000.usb: EHCI Host Controller
[    0.422049] ehci-platform fd800000.usb: new USB bus registered, assigned bus number 1
[    0.422424] ehci-platform fd800000.usb: irq 12, io mem 0xfd800000
[    0.434674] ehci-platform fd800000.usb: USB 2.0 started, EHCI 1.00
[    0.434888] usb usb1: New USB device found, idVendor=1d6b, idProduct=0002, bcdDevice= 4.19
[    0.434905] usb usb1: New USB device strings: Mfr=3, Product=2, SerialNumber=1
[    0.434925] usb usb1: Product: EHCI Host Controller
[    0.434938] usb usb1: Manufacturer: Linux 4.19.232 ehci_hcd
[    0.434951] usb usb1: SerialNumber: fd800000.usb
[    0.435350] hub 1-0:1.0: USB hub found
[    0.435399] hub 1-0:1.0: 1 port detected
[    0.437917] ehci-platform fd880000.usb: EHCI Host Controller
[    0.438137] ehci-platform fd880000.usb: new USB bus registered, assigned bus number 2
[    0.438411] ehci-platform fd880000.usb: irq 14, io mem 0xfd880000
[    0.451340] ehci-platform fd880000.usb: USB 2.0 started, EHCI 1.00
[    0.451522] usb usb2: New USB device found, idVendor=1d6b, idProduct=0002, bcdDevice= 4.19
[    0.451540] usb usb2: New USB device strings: Mfr=3, Product=2, SerialNumber=1
[    0.451559] usb usb2: Product: EHCI Host Controller
[    0.451572] usb usb2: Manufacturer: Linux 4.19.232 ehci_hcd
[    0.451583] usb usb2: SerialNumber: fd880000.usb
[    0.451958] hub 2-0:1.0: USB hub found
[    0.452002] hub 2-0:1.0: 1 port detected
[    0.452714] ohci_hcd: USB 1.1 'Open' Host Controller (OHCI) Driver
[    0.452745] ohci-platform: OHCI generic platform driver
[    0.452986] ohci-platform fd840000.usb: Generic Platform OHCI controller
[    0.453170] ohci-platform fd840000.usb: new USB bus registered, assigned bus number 3
[    0.453422] ohci-platform fd840000.usb: irq 13, io mem 0xfd840000
[    0.512153] usb usb3: New USB device found, idVendor=1d6b, idProduct=0001, bcdDevice= 4.19
[    0.512172] usb usb3: New USB device strings: Mfr=3, Product=2, SerialNumber=1
[    0.512181] usb usb3: Product: Generic Platform OHCI controller
[    0.512188] usb usb3: Manufacturer: Linux 4.19.232 ohci_hcd
[    0.512196] usb usb3: SerialNumber: fd840000.usb
[    0.512586] hub 3-0:1.0: USB hub found
[    0.512630] hub 3-0:1.0: 1 port detected
[    0.513079] ohci-platform fd8c0000.usb: Generic Platform OHCI controller
[    0.513247] ohci-platform fd8c0000.usb: new USB bus registered, assigned bus number 4
[    0.513466] ohci-platform fd8c0000.usb: irq 15, io mem 0xfd8c0000
[    0.572138] usb usb4: New USB device found, idVendor=1d6b, idProduct=0001, bcdDevice= 4.19
[    0.572157] usb usb4: New USB device strings: Mfr=3, Product=2, SerialNumber=1
[    0.572166] usb usb4: Product: Generic Platform OHCI controller
[    0.572174] usb usb4: Manufacturer: Linux 4.19.232 ohci_hcd
[    0.572182] usb usb4: SerialNumber: fd8c0000.usb
[    0.572567] hub 4-0:1.0: USB hub found
[    0.572612] hub 4-0:1.0: 1 port detected
[    0.574181] xhci-hcd xhci-hcd.0.auto: xHCI Host Controller
[    0.574409] xhci-hcd xhci-hcd.0.auto: new USB bus registered, assigned bus number 5
[    0.574926] xhci-hcd xhci-hcd.0.auto: hcc params 0x0220fe64 hci version 0x110 quirks 0x0000011002010010
[    0.574984] xhci-hcd xhci-hcd.0.auto: irq 84, io mem 0xfd000000
[    0.575290] usb usb5: New USB device found, idVendor=1d6b, idProduct=0002, bcdDevice= 4.19
[    0.575309] usb usb5: New USB device strings: Mfr=3, Product=2, SerialNumber=1
[    0.575323] usb usb5: Product: xHCI Host Controller
[    0.575332] usb usb5: Manufacturer: Linux 4.19.232 xhci-hcd
[    0.575339] usb usb5: SerialNumber: xhci-hcd.0.auto
[    0.575732] hub 5-0:1.0: USB hub found
[    0.575780] hub 5-0:1.0: 1 port detected
[    0.576108] xhci-hcd xhci-hcd.0.auto: xHCI Host Controller
[    0.576260] xhci-hcd xhci-hcd.0.auto: new USB bus registered, assigned bus number 6
[    0.576290] xhci-hcd xhci-hcd.0.auto: Host supports USB 3.0 SuperSpeed
[    0.576360] usb usb6: We don't know the algorithms for LPM for this host, disabling LPM.
[    0.576478] usb usb6: New USB device found, idVendor=1d6b, idProduct=0003, bcdDevice= 4.19
[    0.576495] usb usb6: New USB device strings: Mfr=3, Product=2, SerialNumber=1
[    0.576509] usb usb6: Product: xHCI Host Controller
[    0.576522] usb usb6: Manufacturer: Linux 4.19.232 xhci-hcd
[    0.576534] usb usb6: SerialNumber: xhci-hcd.0.auto
[    0.576898] hub 6-0:1.0: USB hub found
[    0.576940] hub 6-0:1.0: 1 port detected
[    0.577376] usbcore: registered new interface driver cdc_acm
[    0.577393] cdc_acm: USB Abstract Control Model driver for USB modems and ISDN adapters
[    0.577447] usbcore: registered new interface driver cdc_wdm
[    0.577672] usbcore: registered new interface driver uas
[    0.577801] usbcore: registered new interface driver usb-storage
[    0.577897] usbcore: registered new interface driver usbserial_generic
[    0.577932] usbserial: USB Serial support registered for generic
[    0.578024] usbcore: registered new interface driver ch341
[    0.578062] usbserial: USB Serial support registered for ch341-uart
[    0.578115] usbcore: registered new interface driver cp210x
[    0.578148] usbserial: USB Serial support registered for cp210x
[    0.578239] usbcore: registered new interface driver ftdi_sio
[    0.578275] usbserial: USB Serial support registered for FTDI USB Serial Device
[    0.578478] usbcore: registered new interface driver keyspan
[    0.578503] usbserial: USB Serial support registered for Keyspan - (without firmware)
[    0.578535] usbserial: USB Serial support registered for Keyspan 1 port adapter
[    0.578571] usbserial: USB Serial support registered for Keyspan 2 port adapter
[    0.578603] usbserial: USB Serial support registered for Keyspan 4 port adapter
[    0.578659] usbcore: registered new interface driver option
[    0.578690] usbserial: USB Serial support registered for GSM modem (1-port)
[    0.578978] usbcore: registered new interface driver oti6858
[    0.579011] usbserial: USB Serial support registered for oti6858
[    0.579062] usbcore: registered new interface driver pl2303
[    0.579093] usbserial: USB Serial support registered for pl2303
[    0.579161] usbcore: registered new interface driver qcserial
[    0.579198] usbserial: USB Serial support registered for Qualcomm USB modem
[    0.579269] usbcore: registered new interface driver sierra
[    0.579302] usbserial: USB Serial support registered for Sierra USB modem
[    0.580673] input: gpio_keys_polled as /devices/platform/gpio_keys_polled/input/input0
[    0.581084] ata1: SATA link down (SStatus 0 SControl 300)
[    0.581458] .. rk pwm remotectl v2.0 init
[    0.581715] input: fe6f0030.pwm as /devices/platform/fe6f0030.pwm/input/input1
[    0.581994] remotectl-pwm fe6f0030.pwm: pwm version is 0x2130000
[    0.582073] remotectl-pwm fe6f0030.pwm: Controller support pwrkey capture
[    0.582550] i2c /dev entries driver
[    0.584266] fan53555-regulator 0-001c: FAN53555 Option[12] Rev[15] Detected!
[    0.586128] vdd_cpu: supplied by vcc5v0_sys
[    0.591261] rk808 0-0020: chip id: 0x8090
[    0.591331] rk808 0-0020: No cache defaults, reading back from HW
[    0.615007] rk808 0-0020: source: on=0x10, off=0x00
[    0.615030] rk808 0-0020: support dcdc3 fb mode:-22, 63
[    0.615041] rk808 0-0020: support pmic reset mode:0,0
[    0.619929] rk808-regulator rk808-regulator: there is no dvs0 gpio
[    0.619978] rk808-regulator rk808-regulator: there is no dvs1 gpio
[    0.620397] vdd_logic: supplied by vcc3v3_sys
[    0.621100] vdd_gpu: supplied by vcc3v3_sys
[    0.621427] vcc_ddr: supplied by vcc3v3_sys
[    0.621705] vdd_npu: supplied by vcc3v3_sys
[    0.622334] vcc_1v8: supplied by vcc3v3_sys
[    0.622608] vdda0v9_image: supplied by vcc3v3_sys
[    0.623205] vdda_0v9: supplied by vcc3v3_sys
[    0.623481] vdda0v9_pmu: supplied by vcc3v3_sys
[    0.623751] vccio_acodec: supplied by vcc3v3_sys
[    0.624364] vccio_sd: supplied by vcc3v3_sys
[    0.624688] vcc3v3_pmu: supplied by vcc3v3_sys
[    0.625306] vcca_1v8: supplied by vcc3v3_sys
[    0.625591] vcca1v8_pmu: supplied by vcc3v3_sys
[    0.625860] vcca1v8_image: supplied by vcc3v3_sys
[    0.626472] vcc_3v3: supplied by vcc3v3_sys
[    0.627073] vcc3v3_sd: supplied by vcc3v3_sys
[    0.627460] rk817-battery rk817-battery: Failed to find matching dt id
[    0.627683] rk817-charger rk817-charger: Failed to find matching dt id
[    0.630747] input: rk805 pwrkey as /devices/platform/fdd40000.i2c/i2c-0/0-0020/rk805-pwrkey/input/input2
[    0.637245] rtc-pcf8563 0-0051: rtc core: registered rtc-pcf8563 as rtc0
[    0.638471] rtc-pcf8563 0-0051: setting system clock to 1970-01-01 00:04:01 UTC (241)
[    0.641953] at24 2-0050: 256 byte 24c02 EEPROM, writable, 8 bytes/write
[    0.644516] iommu: Adding device fdff0000.rkisp to group 7
[    0.644562] rkisp_hw fdff0000.rkisp: Linked as a consumer to fdff1a00.iommu
[    0.644774] rkisp_hw fdff0000.rkisp: is_thunderboot: 0
[    0.644795] rkisp_hw fdff0000.rkisp: max input:0x0@0fps
[    0.644824] rkisp_hw fdff0000.rkisp: can't request region for resource [mem 0xfdff0000-0xfdffffff]
[    0.645608] rkisp rkisp-vir0: rkisp driver version: v01.08.00
[    0.645868] rkisp rkisp-vir0: Entity type for entity rkisp-isp-subdev was not initialized!
[    0.645893] rkisp rkisp-vir0: Entity type for entity rkisp-csi-subdev was not initialized!
[    0.647616] usbcore: registered new interface driver uvcvideo
[    0.647636] USB Video Class driver (1.1.1)
[    0.647937] rockchip-iodomain fdc20000.syscon:io-domains: Linked as a consumer to regulator.26
[    0.648019] rockchip-iodomain fdc20000.syscon:io-domains: pmuio2(3300000 uV) supplied by vcc3v3_pmu
[    0.648114] rockchip-iodomain fdc20000.syscon:io-domains: Linked as a consumer to regulator.24
[    0.648150] rockchip-iodomain fdc20000.syscon:io-domains: vccio1(3300000 uV) supplied by vccio_acodec
[    0.648261] rockchip-iodomain fdc20000.syscon:io-domains: Linked as a consumer to regulator.25
[    0.648289] rockchip-iodomain fdc20000.syscon:io-domains: vccio3(3300000 uV) supplied by vccio_sd
[    0.648372] rockchip-iodomain fdc20000.syscon:io-domains: Linked as a consumer to regulator.20
[    0.648406] rockchip-iodomain fdc20000.syscon:io-domains: vccio4(1800000 uV) supplied by vcc_1v8
[    0.648501] rockchip-iodomain fdc20000.syscon:io-domains: Linked as a consumer to regulator.30
[    0.648530] rockchip-iodomain fdc20000.syscon:io-domains: vccio5(3300000 uV) supplied by vcc_3v3
[    0.648620] rockchip-iodomain fdc20000.syscon:io-domains: vccio6(1800000 uV) supplied by vcc_1v8
[    0.648719] rockchip-iodomain fdc20000.syscon:io-domains: vccio7(3300000 uV) supplied by vcc_3v3
[    0.651699] rockchip-thermal fe710000.tsadc: tsadc is probed successfully!
[    0.652781] usbcore: registered new interface driver bfusb
[    0.652855] usbcore: registered new interface driver btusb
[    0.653133] cpu cpu0: leakage=33
[    0.653183] cpu cpu0: pvtm = 92120, from nvmem
[    0.653206] cpu cpu0: pvtm-volt-sel=2
[    0.654016] cpu cpu0: Linked as a consumer to regulator.15
[    0.654073] cpu cpu0: Dropping the link to regulator.15
[    0.654705] cpu cpu0: Linked as a consumer to regulator.15
[    0.655421] cpu cpu0: avs=0
[    0.655483] energy_model: pd0: hertz/watts ratio non-monotonically decreasing: em_cap_state 2 >= em_cap_state1
[    0.655697] cpu cpu0: l=0 h=2147483647 hyst=5000 l_limit=0 h_limit=0 h_table=0
[    0.659096] cpu cpu0: failed to find power_model node
[    0.660452] sdhci: Secure Digital Host Controller Interface driver
[    0.660472] sdhci: Copyright(c) Pierre Ossman
[    0.660483] Synopsys Designware Multimedia Card Interface Driver
[    0.661373] dwmmc_rockchip fe2b0000.dwmmc: IDMAC supports 32-bit address mode.
[    0.661623] dwmmc_rockchip fe2b0000.dwmmc: Using internal DMA controller.
[    0.661645] dwmmc_rockchip fe2b0000.dwmmc: Version ID is 270a
[    0.661702] dwmmc_rockchip fe2b0000.dwmmc: DW MMC controller at irq 50,32 bit host data width,256 deep fifo
[    0.661824] dwmmc_rockchip fe2b0000.dwmmc: Linked as a consumer to regulator.31
[    0.661888] dwmmc_rockchip fe2b0000.dwmmc: Linked as a consumer to regulator.25
[    0.675031] mmc_host mmc1: Bus speed (slot 0) = 375000Hz (slot req 400000Hz, actual 375000HZ div = 0)
[    0.684666] usb 1-1: new high-speed USB device number 2 using ehci-platform
[    0.688259] dwmmc_rockchip fe2c0000.dwmmc: IDMAC supports 32-bit address mode.
[    0.688693] dwmmc_rockchip fe2c0000.dwmmc: Using internal DMA controller.
[    0.688716] dwmmc_rockchip fe2c0000.dwmmc: Version ID is 270a
[    0.688784] dwmmc_rockchip fe2c0000.dwmmc: DW MMC controller at irq 51,32 bit host data width,256 deep fifo
[    0.688937] dwmmc_rockchip fe2c0000.dwmmc: allocated mmc-pwrseq
[    0.688957] mmc_host mmc2: card is non-removable.
[    0.832013] usb 1-1: New USB device found, idVendor=1a40, idProduct=0101, bcdDevice= 1.00
[    0.832035] usb 1-1: New USB device strings: Mfr=0, Product=1, SerialNumber=0
[    0.832044] usb 1-1: Product: USB2.0 HUB
[    0.832720] hub 1-1:1.0: USB hub found
[    0.832845] hub 1-1:1.0: 4 ports detected
[    0.908481] mmc_host mmc2: Bus speed (slot 0) = 375000Hz (slot req 400000Hz, actual 375000HZ div = 0)
[    0.921452] sdhci-pltfm: SDHCI platform and OF driver helper
[    0.922817] mmc0: Unknown controller version (5). You may experience problems.
[    0.924017] cryptodev: driver 1.12 loaded.
[    0.924093] hidraw: raw HID events driver (C) Jiri Kosina
[    0.924441] usbcore: registered new interface driver usbhid
[    0.924457] usbhid: USB HID core driver
[    0.925599] rockchip,bus bus-npu: Linked as a consumer to regulator.16
[    0.925627] rockchip,bus bus-npu: Failed to get leakage
[    0.925690] rockchip,bus bus-npu: pvtm = 92120, from nvmem
[    0.925711] rockchip,bus bus-npu: pvtm-volt-sel=2
[    0.925981] rockchip,bus bus-npu: avs=0
[    0.928193] dwmmc_rockchip fe2c0000.dwmmc: card claims to support voltages below defined range
[    0.930270] rockchip-saradc fe720000.saradc: Linked as a consumer to regulator.27
[    0.939482] mmc_host mmc2: Bus speed (slot 0) = 50000000Hz (slot req 50000000Hz, actual 50000000HZ div = 0)
[    0.940526] mmc2: new high speed SDIO card at address 0001
[    0.953980] mmc0: SDHCI controller on fe310000.sdhci [fe310000.sdhci] using ADMA
[    0.991213] mmc0: Host Software Queue enabled
[    0.991240] mmc0: new HS200 MMC card at address 0001
[    0.992152] mmcblk0: mmc0:0001 DA2016 14.7 GiB
[    0.992948] mmcblk0boot0: mmc0:0001 DA2016 partition 1 4.00 MiB
[    0.993730] mmcblk0boot1: mmc0:0001 DA2016 partition 2 4.00 MiB
[    0.994032] mmcblk0rpmb: mmc0:0001 DA2016 partition 3 4.00 MiB, chardev (238:0)
[    0.997342]  mmcblk0: p1 p2 p3 p4 p5 p6 p7 p8 p9
[    1.064602] i2c i2c-2: Added multiplexed i2c bus 6
[    1.066555] optee: probing for conduit method from DT.
[    1.066590] optee: revision 3.13 (d8408790)
[    1.067038] optee: initialized driver
[    1.067062] rksfc_base v1.1 2016-01-08
[    1.067691] rksfc fe300000.sfc: rksfc_probe clk rate = 99000000
[    1.067771] rkflash_dev_init enter
[    1.067794] sfc nor id: 0 0 0
[    1.067806] rkflash[1] is invalid
[    1.067808] rkflash_dev_init enter
[    1.067833] sfc_nand id: 0 0 0
[    1.067839] rkflash[2] is invalid
[    1.068714] usbcore: registered new interface driver snd-usb-audio
[    1.070829] rk817-codec rk817-codec: DMA mask not set
[    1.077491] Initializing XFRM netlink socket
[    1.077918] NET: Registered protocol family 10
[    1.078756] Segment Routing with IPv6
[    1.078817] NET: Registered protocol family 17
[    1.078837] NET: Registered protocol family 15
[    1.078845] can: controller area network core (rev 20170425 abi 9)
[    1.078970] NET: Registered protocol family 29
[    1.078989] can: raw protocol (rev 20170425)
[    1.079004] can: broadcast manager protocol (rev 20170425 t)
[    1.079022] can: netlink gateway (rev 20170425) max_hops=1
[    1.079261] Bluetooth: RFCOMM socket layer initialized
[    1.079300] Bluetooth: RFCOMM ver 1.11
[    1.079321] Bluetooth: HIDP (Human Interface Emulation) ver 1.2
[    1.079334] Bluetooth: HIDP socket layer initialized
[    1.079374] [BT_RFKILL]: Enter rfkill_rk_init
[    1.079388] [WLAN_RFKILL]: Enter rfkill_wlan_init
[    1.079932] [WLAN_RFKILL]: Enter rfkill_wlan_probe
[    1.079985] [WLAN_RFKILL]: wlan_platdata_parse_dt: wifi_chip_type = rtl8723ds
[    1.080000] [WLAN_RFKILL]: wlan_platdata_parse_dt: enable wifi power control.
[    1.080011] [WLAN_RFKILL]: wlan_platdata_parse_dt: wifi power controled by gpio.
[    1.080052] [WLAN_RFKILL]: wlan_platdata_parse_dt: WIFI,host_wake_irq = 83, flags = 0.
[    1.080065] [WLAN_RFKILL]: wlan_platdata_parse_dt: The ref_wifi_clk not found !
[    1.080079] [WLAN_RFKILL]: rfkill_wlan_probe: init gpio
[    1.080091] [WLAN_RFKILL]: rfkill_set_wifi_bt_power: 1
[    1.080103] [WLAN_RFKILL]: Exit rfkill_wlan_probe
[    1.080669] [BT_RFKILL]: bluetooth_platdata_parse_dt: get property: uart_rts_gpios = 73.
[    1.080704] [BT_RFKILL]: bluetooth_platdata_parse_dt: get property: BT,reset_gpio = 79.
[    1.080727] [BT_RFKILL]: bluetooth_platdata_parse_dt: get property: BT,wake_gpio = 82.
[    1.080748] [BT_RFKILL]: bluetooth_platdata_parse_dt: get property: BT,wake_host_irq = 80.
[    1.080821] [BT_RFKILL]: Request irq for bt wakeup host
[    1.080916] [BT_RFKILL]: ** disable irq
[    1.081035] [BT_RFKILL]: bt_default device registered.
[    1.081175] Key type dns_resolver registered
[    1.081576] flash vendor_init_thread!
[    1.081596] flash vendor storage:20170308 ret = -1
[    1.082641] imx327 4-001a: driver version: 00.01.06
[    1.082706] imx327 4-001a: Failed to get reset-gpios
[    1.082802] imx327 4-001a: 4-001a supply avdd not found, using dummy regulator
[    1.082879] imx327 4-001a: Linked as a consumer to regulator.0
[    1.082923] imx327 4-001a: 4-001a supply dovdd not found, using dummy regulator
[    1.082991] imx327 4-001a: 4-001a supply dvdd not found, using dummy regulator
[    1.083056] imx327 4-001a: could not get default pinstate
[    1.083073] imx327 4-001a: could not get sleep pinstate
[    1.083443] imx327 4-001a: xvclk mismatched,based on 24M Hz
[    1.094820] imx327 4-001a: Unexpected sensor id(000000), ret(-5)
[    1.095168] imx327: probe of 4-001a failed with error -22
[    1.096144] Loading compiled-in X.509 certificates
[    1.096702] pstore: Using compression: deflate
[    1.097704] rga2: Driver loaded successfully ver:3.2.63318
[    1.098166] rga2: Module initialized.
[    1.127231] mpp_rkvenc fdf40000.rkvenc: probing start
[    1.127662] mpp_rkvenc fdf40000.rkvenc: Linked as a consumer to regulator.16
[    1.127727] mpp_rkvenc fdf40000.rkvenc: Failed to get leakage
[    1.127806] mpp_rkvenc fdf40000.rkvenc: pvtm = 92120, from nvmem
[    1.127822] mpp_rkvenc fdf40000.rkvenc: pvtm-volt-sel=2
[    1.128161] mpp_rkvenc fdf40000.rkvenc: avs=0
[    1.128353] mpp_rkvenc fdf40000.rkvenc: failed to find power_model node
[    1.128371] mpp_rkvenc fdf40000.rkvenc: failed to initialize power model
[    1.128385] mpp_rkvenc fdf40000.rkvenc: failed to get dynamic-coefficient
[    1.128767] mpp_rkvenc fdf40000.rkvenc: probing finish
[    1.129277] mpp_rkvdec2 fdf80200.rkvdec: probing start
[    1.129333] mpp_rkvdec2 fdf80200.rkvdec: 16 task capacity link mode detected
[    1.129790] mpp_rkvdec2 fdf80200.rkvdec: shared_niu_a is not found!
[    1.129814] rkvdec2_init:925: No niu aclk reset resource define
[    1.129829] mpp_rkvdec2 fdf80200.rkvdec: shared_niu_h is not found!
[    1.129841] rkvdec2_init:928: No niu hclk reset resource define
[    1.130045] mpp_rkvdec2 fdf80200.rkvdec: Linked as a consumer to regulator.16
[    1.130114] mpp_rkvdec2 fdf80200.rkvdec: leakage=58
[    1.130135] mpp_rkvdec2 fdf80200.rkvdec: leakage-volt-sel=0
[    1.130213] mpp_rkvdec2 fdf80200.rkvdec: pvtm = 92120, from nvmem
[    1.130249] mpp_rkvdec2 fdf80200.rkvdec: pvtm-volt-sel=1
[    1.130521] mpp_rkvdec2 fdf80200.rkvdec: avs=0
[    1.130712] mpp_rkvdec2 fdf80200.rkvdec: failed to find power_model node
[    1.130735] mpp_rkvdec2 fdf80200.rkvdec: failed to initialize power model
[    1.130743] mpp_rkvdec2 fdf80200.rkvdec: failed to get dynamic-coefficient
[    1.130832] mpp_rkvdec2 fdf80200.rkvdec: sram_start 0x00000000fdcc0000
[    1.130867] mpp_rkvdec2 fdf80200.rkvdec: rcb_iova 0x0000000010000000
[    1.130882] mpp_rkvdec2 fdf80200.rkvdec: sram_size 45056
[    1.130893] mpp_rkvdec2 fdf80200.rkvdec: rcb_size 65536
[    1.130906] mpp_rkvdec2 fdf80200.rkvdec: min_width 512
[    1.131030] mpp_rkvdec2 fdf80200.rkvdec: link mode probe finish
[    1.131154] mpp_rkvdec2 fdf80200.rkvdec: probing finish
[    1.135197] rockchip-drm display-subsystem: defer getting devfreq
[    1.135501] rockchip-vop2 fe040000.vop: [drm:vop2_bind] vp0 assign plane mask: 0x15, primary plane phy id: 4
[    1.135522] rockchip-vop2 fe040000.vop: [drm:vop2_bind] vp1 assign plane mask: 0x2a, primary plane phy id: 5
[    1.135550] rockchip-vop2 fe040000.vop: [drm:vop2_bind] vp2 assign plane mask: 0x0, primary plane phy id: -1
[    1.135680] rockchip-vop2 fe040000.vop: [drm:vop2_bind] Cluster0-win0 as cursor plane for vp0
[    1.135813] rockchip-vop2 fe040000.vop: [drm:vop2_bind] Cluster1-win0 as cursor plane for vp1
[    1.135880] [drm] failed to init overlay plane Cluster0-win1, ret:-13
[    1.135891] [drm] failed to init overlay plane Cluster1-win1, ret:-13
[    1.136045] rockchip-drm display-subsystem: bound fe040000.vop (ops 0xffffff8008e9e1f0)
[    1.136247] dwhdmi-rockchip fe0a0000.hdmi: Detected HDMI TX controller v2.11a with HDCP (DWC HDMI 2.0 TX PHY)
[    1.136968] dwhdmi-rockchip fe0a0000.hdmi: registered DesignWare HDMI I2C bus driver
[    1.138438] vendor storage:20190527 ret = 0
[    1.138623] rockchip-drm display-subsystem: bound fe0a0000.hdmi (ops 0xffffff8008ea2a20)
[    1.138676] rockchip-drm display-subsystem: bound fe060000.dsi (ops 0xffffff8008ea3500)
[    1.138692] [drm] Supports vblank timestamp caching Rev 2 (21.10.2013).
[    1.138701] [drm] No driver support for vblank timestamp query.
[    1.406455] rockchip-drm display-subsystem: fb0:  frame buffer device
[    1.408403] [drm] Initialized rockchip 2.0.0 20140818 for display-subsystem on minor 0
[    1.410107] mali fde60000.gpu: Kernel DDK version g7p1-01bet0
[    1.410229] input: adc-keys as /devices/platform/adc-keys/input/input3
[    1.410455] mali fde60000.gpu: Linked as a consumer to regulator.17
[    1.410753] mali fde60000.gpu: dev_pm_opp_set_regulators: no regulator (shadercores) found: -19
[    1.410870] mali fde60000.gpu: leakage=8
[    1.410932] mali fde60000.gpu: pvtm = 92120, from nvmem
[    1.410963] mali fde60000.gpu: pvtm-volt-sel=2
[    1.411419] rockchip-dmc dmc: Linked as a consumer to regulator.16
[    1.411521] rockchip-dmc dmc: leakage=58
[    1.411550] rockchip-dmc dmc: leakage-volt-sel=0
[    1.411602] rockchip-dmc dmc: pvtm = 92120, from nvmem
[    1.411628] rockchip-dmc dmc: pvtm-volt-sel=1
[    1.411678] mali fde60000.gpu: avs=0
[    1.411700] W : [File] : drivers/gpu/arm/bifrost/platform/rk/mali_kbase_config_rk.c; [Line] : 112; [Func] : kbase_platform_rk_init(); power-off-delay-ms not available.
[    1.411819] rockchip-dmc dmc: avs=0
[    1.411854] rockchip-dmc dmc: current ATF version 0x102
[    1.412203] mali fde60000.gpu: GPU identified as 0x2 arch 7.4.0 r1p0 status 0
[    1.412307] mali fde60000.gpu: No priority control manager is configured
[    1.412331] mali fde60000.gpu: No memory group manager is configured
[    1.412905] rockchip-dmc dmc: normal_rate = 780000000
[    1.412936] rockchip-dmc dmc: reboot_rate = 1560000000
[    1.412954] rockchip-dmc dmc: suspend_rate = 324000000
[    1.412970] rockchip-dmc dmc: video_4k_rate = 780000000
[    1.412982] rockchip-dmc dmc: video_4k_10b_rate = 780000000
[    1.412993] rockchip-dmc dmc: boost_rate = 1560000000
[    1.413005] mali fde60000.gpu: l=-2147483648 h=2147483647 hyst=0 l_limit=0 h_limit=0 h_table=0
[    1.413019] rockchip-dmc dmc: fixed_rate(isp|cif0|cif1|dualview) = 1560000000
[    1.413045] rockchip-dmc dmc: performance_rate = 1560000000
[    1.413107] rockchip-dmc dmc: failed to get vop pn to msch rl
[    1.413286] rockchip-dmc dmc: l=0 h=2147483647 hyst=5000 l_limit=0 h_limit=0 h_table=0
[    1.413358] rockchip-dmc dmc: could not find power_model node
[    1.413795] mali fde60000.gpu: Probed as mali0
[    1.415599] asoc-simple-card rk809-sound: ASoC: DAPM unknown pin Headphones
[    1.416864] rk817-codec rk817-codec: rk817_probe: chip_name:0x80, chip_ver:0x95
[    1.422146] asoc-simple-card rk809-sound: rk817-hifi <-> fe410000.i2s mapping ok
[    1.422914] input: rockchip,rk809-codec Headphones as /devices/platform/rk809-sound/sound/card0/input4
[    1.424413] asoc-simple-card spdif-sound: dit-hifi <-> fe460000.spdif mapping ok
[    1.426533] rk-hdmi-sound hdmi-sound: i2s-hifi <-> fe400000.i2s mapping ok
[    1.427025] input: rockchip,hdmi rockchip,hdmi as /devices/platform/hdmi-sound/sound/card2/input5
[    1.429901] rockchip-pinctrl pinctrl: pin gpio3-18 already requested by rk817-codec; cannot claim for rk-headset
[    1.429933] rockchip-pinctrl pinctrl: pin-114 (rk-headset) status -22
[    1.429948] rockchip-pinctrl pinctrl: could not request pin 114 (gpio3-18) from group hp-det  on device rockchip-pinctrl
[    1.429957] rockchip_headset rk-headset: Error applying setting, reverse things back
[    1.429979] rockchip_headset: probe of rk-headset failed with error -22
[    1.430272] iommu: Adding device fde40000.npu to group 0
[    1.430307] RKNPU fde40000.npu: Linked as a consumer to fde4b000.iommu
[    1.430793] RKNPU fde40000.npu: RKNPU: rknpu iommu is enabled, using iommu mode
[    1.430938] RKNPU fde40000.npu: Linked as a consumer to regulator.19
[    1.431009] RKNPU fde40000.npu: can't request region for resource [mem 0xfde40000-0xfde4ffff]
[    1.431680] [drm] Initialized rknpu 0.8.2 20220829 for fde40000.npu on minor 1
[    1.431788] RKNPU fde40000.npu: leakage=4
[    1.431836] RKNPU fde40000.npu: pvtm = 92120, from nvmem
[    1.431859] RKNPU fde40000.npu: pvtm-volt-sel=2
[    1.432428] RKNPU fde40000.npu: avs=0
[    1.433076] RKNPU fde40000.npu: l=0 h=2147483647 hyst=5000 l_limit=0 h_limit=0 h_table=0
[    1.433115] RKNPU fde40000.npu: failed to find power_model node
[    1.433133] RKNPU fde40000.npu: RKNPU: failed to initialize power model
[    1.433146] RKNPU fde40000.npu: RKNPU: failed to get dynamic-coefficient
[    1.434425] cfg80211: Loading compiled-in X.509 certificates for regulatory database
[    1.435886] cfg80211: Loaded X.509 cert 'sforshee: 00b28ddf47aef9cea7'
[    1.436534] platform regulatory.0: Direct firmware load for regulatory.db failed with error -2
[    1.436555] cfg80211: failed to load regulatory.db
[    1.437304] rockchip-pm rockchip-suspend: not set pwm-regulator-config
[    1.437329] rockchip-suspend not set sleep-mode-config for mem-lite
[    1.437342] rockchip-suspend not set wakeup-config for mem-lite
[    1.437356] rockchip-suspend not set sleep-mode-config for mem-ultra
[    1.437366] rockchip-suspend not set wakeup-config for mem-ultra
[    1.438136] I : [File] : drivers/gpu/arm/mali400/mali/linux/mali_kernel_linux.c; [Line] : 413; [Func] : mali_module_init(); svn_rev_string_from_arm of this mali_ko is '', rk_ko_ver is '5', built at '15:47:19', on 'Aug  5 2025'.
[    1.438569] Mali:
[    1.438571] Mali device driver loaded
[    1.438597] rkisp rkisp-vir0: clear unready subdev num: 1
[    1.438607] rockchip-csi2-dphy0: No link between dphy and sensor
[    1.439169] rockchip-csi2-dphy0: No link between dphy and sensor
[    1.439187] rkisp-vir0: update sensor failed
[    1.439393] ALSA device list:
[    1.439405]   #0: rockchip,rk809-codec
[    1.439416]   #1: ROCKCHIP,SPDIF
[    1.439428]   #2: rockchip,hdmi
[    1.446109] EXT4-fs (mmcblk0p6): recovery complete
[    1.446144] EXT4-fs (mmcblk0p6): mounted filesystem with ordered data mode. Opts: (null)
[    1.446191] VFS: Mounted root (ext4 filesystem) on device 179:6.
[    1.447758] devtmpfs: mounted
[    1.449970] Freeing unused kernel memory: 1536K
[    1.464799] Run /sbin/init as init process
[    1.512342] EXT4-fs (mmcblk0p6): re-mounted. Opts: (null)
[    1.545653] devfreq fde60000.gpu: Couldn't update frequency transition information.
[    1.571355] asoc-simple-card rk809-sound: ASoC: DAPM unknown pin Headphones
[    1.660239] phy phy-fe8a0000.usb2-phy.1: charger = USB_SDP_CHARGER
NAME=Buildroot
VERSION=2018.02-rc3-gce1bf8b5-dirty
ID=buildroot
VERSION_ID=2018.02-rc3
PRETTY_NAME="Buildroot 2018.02-rc3"
Starting logging: OK
/usr/bin/modetest
Populating /dev using udev: [    2.752997] udevd[139]: starting version 3.2.7
[    2.759602] udevd[139]: specified group 'kvm' unknown
[    2.771223] udevd[140]: starting eudev-3.2.7
done
Initializing random number generator... done.
Will now mount all partitions in /etc/fstab
Note: Create /.skip_fsck to skip fsck
 - The check might take a while if didn't shutdown properly!
Handling rootfs: /dev/mmcblk0p6 / ext2 rw,noauto 1
Checking /dev/mmcblk0p6(ext2)
[    3.196253] EXT4-fs (mmcblk0p6): re-mounted. Opts: (null)
e2fsck 1.43.9 (8-Feb-2018)
rootfs: clean, 8670/393216 files, 180281/1572864 blocks
[    3.223579] EXT4-fs (mmcblk0p6): re-mounted. Opts: (null)
Handling misc: /dev/mmcblk0p2 /misc emmc defaults 0
Unsupported file system emmc for /dev/mmcblk0p2
Handling oem: /dev/mmcblk0p7 /oem ext2 defaults 2
Wrong fs type(ext2) for /dev/mmcblk0p7
Handling userdata: /dev/mmcblk0p9 /userdata ext2 defaults 2
Wrong fs type(ext2) for /dev/mmcblk0p9
Log saved to /tmp/mountall.log
Starting system message bus: done
[    3.540691] goodix: version magic '4.19.219 SMP mod_unload aarch64' should be '4.19.232 SMP mod_unload aarch64'
[    3.541643] goodix: version magic '4.19.219 SMP mod_unload aarch64'insmod: can't insert '/system /lib/modules/goodix.ko': invsalid module format
hould be '4.19.232 SMP mod_unload aarch64'
/etc/init.d/S36load_wifi_modules: line 43: can't create /sys/class/rfkill/rfkill1/state: nonexistent directory
[    3.583359] 8723ds: version magic '4.19.219 SMP mod_unload aarch64' should be '4.19.232 SMP mod_unload aarch64'
[    3.602150] 8723ds: version magic '4.19.219 SMP mod_unload aarch64' should be '4.19.232 SMP mod_unload aarch64'
insmod: can't insert '/system/lib/modules/8723ds.ko': invalid module format
Starting network: OK
Starting dhcpcd...
dev: loaded udev
no interfaces have a carrier
forked to background, child pid 521
[    3.698098] Generic PHY stmmac-1:00: attached PHY driver [Generic PHY] (mii_bus:phy_addr=stmmac-1:00, irq=POLL)
Starting ntpd: [    3.710249] dwmac4: Master AXI performs any burst length
[    3.710309] rk_gmac-dwmac fe010000.ethernet eth0: No Safety Features support found
[    3.710339] rk_gmac-dwmac fe010000.ethernet eth0: IEEE 1588-2008 Advanced Timestamp supported
[    3.710640] rk_gmac-dwmac fe010000.ethernet eth0: registered PTP clock
[    3.711165] IPv6: ADDRCONF(NETDEV_UP): eth0: link is not ready
OK
Starting dropbear sshd: OK
Starting launcher: The framebuffer device was opened successfully.
Debug: configfs_init
[    3.773198] Freeing drm_logo memory: 732K
1024x600, 32bpp
The framebuffer device was mapped to memory successfully.
unable open evdev interface:: No such file or directory
LV_HOR_RES_MAX=1024, LV_VER_RES_MAX=600
mkdir: cannot create directory '/sys/kernel/config/usb_gadget/rockchip/functions/uac1.gs0': No such file or directory
mkdir: cannot create directory '/sys/kernel/config/usb_gadget/rockchip/functions/uac2.gs0': No such file or directory
[    3.808774] file system registered
mkdir: cannot create directory '/sys/kernel/config/usb_gadget/rockchip/functions/mtp.gs0': No such file or directory
mkdir: cannot create directory '/sys/kernel/config/usb_gadget/rockchip/functions/rndis.gs0': No such file or directory
[    3.830171] Mass Storage Function, version: 2009/09/11
[    3.830228] LUN: removable file: (no medium)
mkdir: cannot create directory '/sys/kernel/config/usb_gadget/rockchip/functions/hid.usb0': No such file or directory
[    3.873955] read descriptors
[    3.874002] read strings
Starting linuxptp daemon: OK
Starting linuxptp system clock synchronization: OK
Starting dnsmasq: OK
Trying to reconnect Wifi
Starting input-event-daemon: input-event-daemon: Start parsing /etc/input-event-daemon.conf...
input-event-daemon: Adding device: /dev/input/event0...
input-event-daemon: Adding device: /dev/input/event1...
input-event-daemon: Adding device: /dev/input/event2...
input-event-daemon: Adding device: /dev/input/event3...
input-event-daemon: Adding device: /dev/input/event4...
input-event-daemon: Adding device: /dev/input/event5...
input-event-daemon: Start listening on 6 devices...
done
[root@RK356X:/kf2]# [    5.092271] dwc3 fcc00000.dwc3: device reset
[    5.197774] android_work: sent uevent USB_STATE=CONNECTED
[    5.338508] configfs-gadget gadget: high-speed config #1: b
[    5.339196] android_work: sent uevent USB_STATE=CONFIGURED
Stopping input-event-daemon:
input-event-daemon: Exiting...
done
stop auto-reboot finished
Stopping dnsmasq: OK
Stopping linuxptp system clock synchronization: OK
Stopping linuxptp daemon: OK
[   26.796748] android_work: sent uevent USB_STATE=DISCONNECTED
sh: 630: unknown operand
stop finishedStopping dropbear sshd: OK
Stopping ntpd: OK
Stopping dhcpcd...
stopped /sbin/dhcpcd (pid 521)
killall: rkaiq_3A_server: no process killed
Stopping network: OK
[   26.916661] [BT_RFKILL]: bt shut off power
rmmod: can't unload module 'goodix': No such file or directory
Stopping system message bus: done
Saving random seed... done.
/usr/bin/modetest
Stopping logging: OK
[   27.004808] ffs_data_put(): freeing
[   27.107161] EXT4-fs (mmcblk0p6): re-mounted. Opts: (null)
The system is going down NOW!
Sent SIGTERM to all processes
[   27.112425] udevd[140]: could not touch /run/udev/queue: Read-only file system
[   27.113863] udevd[649]: '/usr/bin/usbdevice /devices/virtual/android_usb/android0 DISCONNECTED' [654] terminated by signal 15 (Terminated)
[   27.114434] udevd[140]: could not unlink /run/udev/queue: Read-only file system
[   27.313897] cpu cpu0: min=816000, max=816000
[   27.314673] rk808 0-0020: reboot: not restore POWER_EN
[   27.315147] rk808 0-0020: reboot: force RK817_RST_FUNC_REG ok!
[   27.335426] dw-mipi-dsi fe060000.dsi: [drm:dw_mipi_dsi_encoder_enable] final DSI-Link bandwidth: 336 x 4 Mbps
[   27.511534] rockchip-vop2 fe040000.vop: [drm:vop2_crtc_atomic_disable] Crtc atomic disable vp0
[   27.523165] rockchip-vop2 fe040000.vop: [drm:vop2_crtc_atomic_disable] Crtc atomic disable vp1
[   27.556371] mpp_rkvdec2 fdf80200.rkvdec: shutdown device
[   27.556863] mpp_rkvenc fdf40000.rkvenc: shutdown device
[   27.557329] mpp_rkvenc fdf40000.rkvenc: shutdown success
[   27.562790] rkisp_hw fdff0000.rkisp: rkisp_hw_shutdown
[   27.570544] fan53555-regulator 0-001c: fan53555..... reset
[   27.572100] fan53555-regulator 0-001c: reset: force fan53555_reset ok!
[   27.573104] mpp_jpgdec fded0000.jpegd: shutdown device
[   27.573577] mpp-iep2 fdef0000.iep: shutdown device
[   27.574013] mpp_vepu2 fdee0000.vepu: shutdown device
[   27.574470] mpp_vdpu2 fdea0400.vdpu: shutdown device
[   27.576302] reboot: Restarting system with command 'loader'
DDR V1.18 f366f69a7d typ 23/07/17-15:48:58
In
LP4/4x derate en, other dram:1x trefi
SRX
ddrconfig:0
LP4 MR14:0x4d
LPDDR4, 324MHz
BW=32 Col=10 Bk=8 CS0 Row=16 CS=1 Die BW=16 Size=2048MB
tdqss: cs0 dqs0: 24ps, dqs1: -96ps, dqs2: -72ps, dqs3: -168ps,

change to: 324MHz
clk skew:0x62

change to: 528MHz
clk skew:0x58

change to: 780MHz
clk skew:0x58

change to: 1560MHz(final freq)
PHY drv:clk:38,ca:38,DQ:30,odt:60
vrefinner:16%, vrefout:29%
dram drv:40,odt:80
vref_ca:00000068
clk skew:0x21
cs 0:
the read training result:
DQS0:0x35, DQS1:0x35, DQS2:0x3a, DQS3:0x32,
min  : 0xf  0xf 0x12  0xf  0x1  0x3  0x9  0x4 , 0xc  0x8  0x3  0x2  0xd  0x9  0xf  0x9 ,
      0x14 0x12  0xf  0xd  0x3  0x0  0x3  0x5 , 0xd  0xa  0x9  0x1  0xd  0xd  0xc  0xf ,
mid  :0x2b 0x2b 0x2d 0x2a 0x1c 0x20 0x24 0x20 ,0x27 0x25 0x1d 0x1f 0x27 0x26 0x28 0x25 ,
      0x30 0x2e 0x2a 0x29 0x20 0x1d 0x1e 0x22 ,0x28 0x26 0x23 0x1d 0x2a 0x2a 0x28 0x2b ,
max  :0x47 0x47 0x49 0x45 0x37 0x3e 0x3f 0x3d ,0x43 0x42 0x38 0x3d 0x42 0x44 0x41 0x42 ,
      0x4c 0x4b 0x45 0x45 0x3d 0x3b 0x3a 0x3f ,0x44 0x42 0x3d 0x3a 0x48 0x47 0x45 0x48 ,
range:0x38 0x38 0x37 0x36 0x36 0x3b 0x36 0x39 ,0x37 0x3a 0x35 0x3b 0x35 0x3b 0x32 0x39 ,
      0x38 0x39 0x36 0x38 0x3a 0x3b 0x37 0x3a ,0x37 0x38 0x34 0x39 0x3b 0x3a 0x39 0x39 ,
the write training result:
DQS0:0x25, DQS1:0xe, DQS2:0x13, DQS3:0x0,
min  :0x72 0x76 0x78 0x75 0x66 0x6b 0x70 0x6e 0x6f ,0x54 0x56 0x4f 0x52 0x5b 0x5a 0x5b 0x57 0x56 ,
      0x5f 0x60 0x5b 0x5b 0x54 0x51 0x53 0x56 0x58 ,0x4c 0x4b 0x48 0x45 0x51 0x51 0x4d 0x52 0x49 ,
mid  :0x8d 0x90 0x91 0x8f 0x7d 0x81 0x88 0x85 0x87 ,0x6f 0x6f 0x68 0x6b 0x73 0x71 0x73 0x70 0x6e ,
      0x7a 0x7b 0x74 0x75 0x6b 0x68 0x6a 0x6f 0x70 ,0x67 0x64 0x61 0x5e 0x69 0x6a 0x67 0x6c 0x62 ,
max  :0xa8 0xaa 0xab 0xaa 0x94 0x97 0xa0 0x9d 0x9f ,0x8b 0x88 0x81 0x84 0x8b 0x88 0x8b 0x8a 0x87 ,
      0x96 0x96 0x8e 0x8f 0x82 0x80 0x82 0x88 0x89 ,0x82 0x7d 0x7a 0x77 0x82 0x84 0x81 0x87 0x7b ,
range:0x36 0x34 0x33 0x35 0x2e 0x2c 0x30 0x2f 0x30 ,0x37 0x32 0x32 0x32 0x30 0x2e 0x30 0x33 0x31 ,
      0x37 0x36 0x33 0x34 0x2e 0x2f 0x2f 0x32 0x31 ,0x36 0x32 0x32 0x32 0x31 0x33 0x34 0x35 0x32 ,
CA Training result:
cs:0 min  :0x46 0x44 0x3b 0x36 0x3e 0x34 0x41 ,0x48 0x40 0x3d 0x37 0x3b 0x33 0x42 ,
cs:0 mid  :0x83 0x83 0x78 0x75 0x7a 0x74 0x6e ,0x85 0x81 0x79 0x76 0x76 0x74 0x6f ,
cs:0 max  :0xc1 0xc2 0xb5 0xb5 0xb6 0xb4 0x9b ,0xc2 0xc2 0xb6 0xb5 0xb2 0xb5 0x9c ,
cs:0 range:0x7b 0x7e 0x7a 0x7f 0x78 0x80 0x5a ,0x7a 0x82 0x79 0x7e 0x77 0x82 0x5a ,
out
U-Boot SPL board init
U-Boot SPL 2017.09-gaaca6ffec1-211203 #zzz (Dec 03 2021 - 18:42:16)
unknown raw ID phN
unrecognized JEDEC id bytes: 00, 00, 00
Trying to boot from MMC2
MMC error: The cmd index is 1, ret is -110
Card did not respond to voltage select!
mmc_init: -95, time 10
spl: mmc init failed with error: -95
Trying to boot from MMC1
SPL: A/B-slot: _a, successful: 0, tries-remain: 7
Trying fit image at 0x4000 sector
## Verified-boot: 0
## Checking atf-1 0x00040000 ... sha256(fc070f5a40...) + OK
## Checking uboot 0x00a00000 ... sha256(e914f0763a...) + OK
## Checking fdt 0x00b39230 ... sha256(fcfda359c0...) + OK
## Checking atf-2 0xfdcc1000 ... sha256(b7e96f5509...) + OK
## Checking atf-3 0x0006c000 ... sha256(fd59386129...) + OK
## Checking atf-4 0xfdcd0000 ... sha256(415b5d518f...) + OK
## Checking atf-5 0xfdcce000 ... sha256(4d791bf003...) + OK
## Checking atf-6 0x0006a000 ... sha256(6e9d32ba23...) + OK
## Checking optee 0x08400000 ... sha256(af414b9c9f...) + OK
Jumping to U-Boot(0x00a00000) via ARM Trusted Firmware(0x00040000)
Total: 242.982 ms

INFO:    Preloader serial: 2
NOTICE:  BL31: v2.3():v2.3-578-gaef7950e4:huan.he
NOTICE:  BL31: Built : 14:05:25, Apr 19 2023
INFO:    GICv3 without legacy support detected.
INFO:    ARM GICv3 driver initialized in EL3
INFO:    pmu v1 is valid 220114
INFO:    dfs DDR fsp_param[0].freq_mhz= 1560MHz
INFO:    dfs DDR fsp_param[1].freq_mhz= 324MHz
INFO:    dfs DDR fsp_param[2].freq_mhz= 528MHz
INFO:    dfs DDR fsp_param[3].freq_mhz= 780MHz
INFO:    BL31: Initialising Exception Handling Framework
INFO:    BL31: Initializing runtime services
INFO:    BL31: Initializing BL32
I/TC:
I/TC: OP-TEE version: 3.13.0-651-gd84087907 #hisping.lin (gcc version 10.2.1 20201103 (GNU Toolchain for the A-profile Architecture 10.2-2020.11 (arm-10.16))) #5 Fri Sep 16 15:39:33 CST 2022 aarch64
I/TC: Primary CPU initializing
I/TC: Primary CPU switching to normal world boot
INFO:    BL31: Preparing for EL3 exit to normal world
INFO:    Entry point address = 0xa00000
INFO:    SPSR = 0x3c9


U-Boot 2017.09 #gecedu (Aug 17 2025 - 12:43:41 +0800)

Model: Rockchip RK3568 Evaluation Board
PreSerial: 2, raw, 0xfe660000
DRAM:  2 GiB
Sysmem: init
Relocation Offset: 7d23f000
Relocation fdt: 7b9f8f00 - 7b9fecd0
CR: M/C/I
Using default environment

dwmmc@fe2b0000: 1, dwmmc@fe2c0000: 2, sdhci@fe310000: 0
Bootdev(atags): mmc 0
MMC0: HS200, 200Mhz
PartType: EFI
DM: v1
boot mode: loader
FIT: no signed, no conf required
DTB: rk-kernel.dtb
HASH(c): OK
I2c0 speed: 100000Hz
vsel-gpios- not found! Error: -2
vdd_cpu init 900000 uV
PMIC:  RK8090 (on=0x10, off=0x00)
vdd_logic init 900000 uV
vdd_gpu init 900000 uV
vdd_npu init 900000 uV
io-domain: OK
INFO:    ddr dmc_fsp already initialized in loader.
Could not find baseparameter partition
Model: Rockchip RK3568 EVB1 DDR4 V10 Board
Rockchip UBOOT DRM driver version: v1.0.1
VOP have 2 active VP
vp0 have layer nr:3[0 2 4 ], primary plane: 4
vp1 have layer nr:3[1 3 5 ], primary plane: 5
vp2 have layer nr:0[], primary plane: 0
Using display timing dts
dsi@fe060000:  detailed mode clock 51200 kHz, flags[8000000a]
    H: 1024 1184 1186 1346
    V: 0600 0612 0614 0637
bus_format: 100e
VOP update mode to: 1024x600p60, type: MIPI0 for VP0
VP0 set crtc_clock to 51000KHz
VOP VP0 enable Smart0[654x270->654x270@185x165] fmt[2] addr[0x7df04000]
final DSI-Link bandwidth: 336 Mbps x 4
xfer: num: 2, addr: 0x50
xfer: num: 2, addr: 0x50
Could not find baseparameter partition
mode:1920x1080
hdmi@fe0a0000:  detailed mode clock 148500 kHz, flags[5]
    H: 1920 2008 2052 2200
    V: 1080 1084 1089 1125
bus_format: 2025
VOP update mode to: 1920x1080p60, type: HDMI0 for VP1
VP1 set crtc_clock to 148400KHz
VOP VP1 enable Smart1[654x270->654x270@633x405] fmt[2] addr[0x7df04000]
CEA mode used vic=16
final pixclk = 148400000 tmdsclk = 148400000
PHY powered down in 0 iterations
PHY PLL locked 1 iterations
PHY powered down in 1 iterations
PHY PLL locked 1 iterations
enter Rockusb!
RKUSB: LUN 0, dev 0, hwpart 0, sector 0x0, count 0x1d5a000
-DDR V1.18 f366f69a7d typ 23/07/17-15:48:58
In
LP4/4x derate en, other dram:1x trefi
ddrconfig:0
LP4 MR14:0x4d
LPDDR4, 324MHz
BW=32 Col=10 Bk=8 CS0 Row=16 CS=1 Die BW=16 Size=2048MB
tdqss: cs0 dqs0: 24ps, dqs1: -72ps, dqs2: -48ps, dqs3: -144ps,

change to: 324MHz
clk skew:0x62

change to: 528MHz
clk skew:0x58

change to: 780MHz
clk skew:0x58

change to: 1560MHz(final freq)
PHY drv:clk:38,ca:38,DQ:30,odt:60
vrefinner:16%, vrefout:29%
dram drv:40,odt:80
vref_ca:00000068
clk skew:0x1c
cs 0:
the read training result:
DQS0:0x36, DQS1:0x36, DQS2:0x3b, DQS3:0x34,
min  : 0xf  0xf 0x12  0xe  0x2  0x3  0x9  0x5 , 0xb  0x7  0x3  0x1  0xd  0x9  0xd  0x8 ,
      0x14 0x13  0xf  0xd  0x3  0x0  0x4  0x6 , 0xd  0xa  0x9  0x1  0xd  0xe  0xd  0xf ,
mid  :0x2a 0x2a 0x2e 0x29 0x1c 0x20 0x24 0x21 ,0x26 0x24 0x1d 0x1e 0x27 0x25 0x26 0x24 ,
      0x30 0x2f 0x2a 0x29 0x20 0x1d 0x1f 0x22 ,0x28 0x26 0x23 0x1d 0x2a 0x2a 0x28 0x2c ,
max  :0x46 0x46 0x4a 0x45 0x37 0x3e 0x3f 0x3d ,0x42 0x42 0x38 0x3c 0x42 0x42 0x40 0x41 ,
      0x4c 0x4c 0x46 0x45 0x3d 0x3b 0x3b 0x3f ,0x44 0x42 0x3d 0x3a 0x48 0x47 0x44 0x49 ,
range:0x37 0x37 0x38 0x37 0x35 0x3b 0x36 0x38 ,0x37 0x3b 0x35 0x3b 0x35 0x39 0x33 0x39 ,
      0x38 0x39 0x37 0x38 0x3a 0x3b 0x37 0x39 ,0x37 0x38 0x34 0x39 0x3b 0x39 0x37 0x3a ,
the write training result:
DQS0:0x20, DQS1:0xe, DQS2:0x13, DQS3:0x0,
min  :0x6c 0x71 0x72 0x6f 0x61 0x65 0x69 0x69 0x69 ,0x53 0x55 0x4f 0x50 0x5a 0x58 0x5a 0x56 0x54 ,
      0x5f 0x60 0x5a 0x5b 0x52 0x50 0x52 0x56 0x58 ,0x4b 0x4b 0x47 0x44 0x50 0x50 0x4c 0x52 0x48 ,
mid  :0x86 0x8a 0x8b 0x89 0x78 0x7c 0x81 0x81 0x81 ,0x6f 0x6f 0x68 0x6a 0x73 0x70 0x73 0x70 0x6e ,
      0x7b 0x7b 0x73 0x74 0x6a 0x68 0x6a 0x6e 0x71 ,0x66 0x64 0x60 0x5d 0x69 0x6a 0x66 0x6c 0x62 ,
max  :0xa1 0xa4 0xa4 0xa3 0x90 0x93 0x9a 0x99 0x99 ,0x8c 0x8a 0x82 0x84 0x8c 0x89 0x8c 0x8a 0x88 ,
      0x97 0x96 0x8d 0x8e 0x83 0x80 0x83 0x87 0x8a ,0x81 0x7d 0x79 0x77 0x82 0x84 0x81 0x87 0x7c ,
range:0x35 0x33 0x32 0x34 0x2f 0x2e 0x31 0x30 0x30 ,0x39 0x35 0x33 0x34 0x32 0x31 0x32 0x34 0x34 ,
      0x38 0x36 0x33 0x33 0x31 0x30 0x31 0x31 0x32 ,0x36 0x32 0x32 0x33 0x32 0x34 0x35 0x35 0x34 ,
CA Training result:
cs:0 min  :0x46 0x44 0x3a 0x36 0x3e 0x34 0x40 ,0x48 0x41 0x3e 0x36 0x3a 0x34 0x42 ,
cs:0 mid  :0x83 0x83 0x77 0x76 0x79 0x73 0x6d ,0x85 0x82 0x7a 0x76 0x76 0x74 0x6f ,
cs:0 max  :0xc1 0xc3 0xb4 0xb6 0xb5 0xb3 0x9b ,0xc2 0xc3 0xb6 0xb6 0xb3 0xb4 0x9c ,
cs:0 range:0x7b 0x7f 0x7a 0x80 0x77 0x7f 0x5b ,0x7a 0x82 0x78 0x80 0x79 0x80 0x5a ,
out
U-Boot SPL board init
U-Boot SPL 2017.09-gaaca6ffec1-211203 #zzz (Dec 03 2021 - 18:42:16)
unknown raw ID phN
unrecognized JEDEC id bytes: 00, 00, 00
Trying to boot from MMC2
MMC error: The cmd index is 1, ret is -110
Card did not respond to voltage select!
mmc_init: -95, time 10
spl: mmc init failed with error: -95
Trying to boot from MMC1
SPL: A/B-slot: _a, successful: 0, tries-remain: 7
Trying fit image at 0x4000 sector
## Verified-boot: 0
## Checking atf-1 0x00040000 ... sha256(fc070f5a40...) + OK
## Checking uboot 0x00a00000 ... sha256(e914f0763a...) + OK
## Checking fdt 0x00b39230 ... sha256(fcfda359c0...) + OK
## Checking atf-2 0xfdcc1000 ... sha256(b7e96f5509...) + OK
## Checking atf-3 0x0006c000 ... sha256(fd59386129...) + OK
## Checking atf-4 0xfdcd0000 ... sha256(415b5d518f...) + OK
## Checking atf-5 0xfdcce000 ... sha256(4d791bf003...) + OK
## Checking atf-6 0x0006a000 ... sha256(6e9d32ba23...) + OK
## Checking optee 0x08400000 ... sha256(af414b9c9f...) + OK
Jumping to U-Boot(0x00a00000) via ARM Trusted Firmware(0x00040000)
Total: 236.310 ms

INFO:    Preloader serial: 2
NOTICE:  BL31: v2.3():v2.3-578-gaef7950e4:huan.he
NOTICE:  BL31: Built : 14:05:25, Apr 19 2023
INFO:    GICv3 without legacy support detected.
INFO:    ARM GICv3 driver initialized in EL3
INFO:    pmu v1 is valid 220114
INFO:    dfs DDR fsp_param[0].freq_mhz= 1560MHz
INFO:    dfs DDR fsp_param[1].freq_mhz= 324MHz
INFO:    dfs DDR fsp_param[2].freq_mhz= 528MHz
INFO:    dfs DDR fsp_param[3].freq_mhz= 780MHz
INFO:    BL31: Initialising Exception Handling Framework
INFO:    BL31: Initializing runtime services
INFO:    BL31: Initializing BL32
I/TC:
I/TC: OP-TEE version: 3.13.0-651-gd84087907 #hisping.lin (gcc version 10.2.1 20201103 (GNU Toolchain for the A-profile Architecture 10.2-2020.11 (arm-10.16))) #5 Fri Sep 16 15:39:33 CST 2022 aarch64
I/TC: Primary CPU initializing
I/TC: Primary CPU switching to normal world boot
INFO:    BL31: Preparing for EL3 exit to normal world
INFO:    Entry point address = 0xa00000
INFO:    SPSR = 0x3c9


U-Boot 2017.09 #gecedu (Aug 17 2025 - 12:43:41 +0800)

Model: Rockchip RK3568 Evaluation Board
PreSerial: 2, raw, 0xfe660000
DRAM:  2 GiB
Sysmem: init
Relocation Offset: 7d23f000
Relocation fdt: 7b9f8f00 - 7b9fecd0
CR: M/C/I
Using default environment

dwmmc@fe2b0000: 1, dwmmc@fe2c0000: 2, sdhci@fe310000: 0
Bootdev(atags): mmc 0
MMC0: HS200, 200Mhz
PartType: EFI
DM: v1
boot mode: None
FIT: no signed, no conf required
DTB: rk-kernel.dtb
HASH(c): OK
I2c0 speed: 100000Hz
vsel-gpios- not found! Error: -2
vdd_cpu init 900000 uV
PMIC:  RK8090 (on=0x10, off=0x00)
vdd_logic init 900000 uV
vdd_gpu init 900000 uV
vdd_npu init 900000 uV
io-domain: OK
INFO:    ddr dmc_fsp already initialized in loader.
Could not find baseparameter partition
Model: Rockchip RK3568 EVB1 DDR4 V10 Board
Rockchip UBOOT DRM driver version: v1.0.1
VOP have 2 active VP
vp0 have layer nr:3[0 2 4 ], primary plane: 4
vp1 have layer nr:3[1 3 5 ], primary plane: 5
vp2 have layer nr:0[], primary plane: 0
Using display timing dts
dsi@fe060000:  detailed mode clock 51200 kHz, flags[8000000a]
    H: 1024 1184 1186 1346
    V: 0600 0612 0614 0637
bus_format: 100e
VOP update mode to: 1024x600p60, type: MIPI0 for VP0
VP0 set crtc_clock to 51000KHz
VOP VP0 enable Smart0[654x270->654x270@185x165] fmt[2] addr[0x7df04000]
final DSI-Link bandwidth: 336 Mbps x 4
xfer: num: 2, addr: 0x50
xfer: num: 2, addr: 0x50
Could not find baseparameter partition
mode:1920x1080
hdmi@fe0a0000:  detailed mode clock 148500 kHz, flags[5]
    H: 1920 2008 2052 2200
    V: 1080 1084 1089 1125
bus_format: 2025
VOP update mode to: 1920x1080p60, type: HDMI0 for VP1
VP1 set crtc_clock to 148400KHz
VOP VP1 enable Smart1[654x270->654x270@633x405] fmt[2] addr[0x7df04000]
CEA mode used vic=16
final pixclk = 148400000 tmdsclk = 148400000
PHY powered down in 0 iterations
PHY PLL locked 1 iterations
PHY powered down in 1 iterations
PHY PLL locked 1 iterations
CLK: (sync kernel. arm: enter 816000 KHz, init 816000 KHz, kernel 0N/A)
  apll 1416000 KHz
  dpll 780000 KHz
  gpll 1188000 KHz
  cpll 1000000 KHz
  npll 1200000 KHz
  vpll 742000 KHz
  hpll 51000 KHz
  ppll 200000 KHz
  armclk 1416000 KHz
  aclk_bus 150000 KHz
  pclk_bus 100000 KHz
  aclk_top_high 500000 KHz
  aclk_top_low 400000 KHz
  hclk_top 150000 KHz
  pclk_top 100000 KHz
  aclk_perimid 300000 KHz
  hclk_perimid 150000 KHz
  pclk_pmu 100000 KHz
Net:   eth1: ethernet@fe010000
Hit key to stop autoboot('CTRL+C'):  0
ANDROID: reboot reason: "(none)"
optee api revision: 2.0
TEEC: Waring: Could not find security partition
Not AVB images, AVB skip
No valid android hdr
Android image load failed
Android boot failed, error -1.
## Booting FIT Image at 0x7a2992c0 with size 0x0155ec00
Fdt Ramdisk skip relocation
## Loading kernel from FIT Image at 7a2992c0 ...
   Using 'conf' configuration
## Verified-boot: 0
   Trying 'kernel' kernel subimage
     Description:  unavailable
     Type:         Kernel Image
     Compression:  uncompressed
     Data Start:   0x7a2bb4c0
     Data Size:    22267912 Bytes = 21.2 MiB
     Architecture: AArch64
     OS:           Linux
     Load Address: 0x00280000
     Entry Point:  0x00280000
     Hash algo:    sha256
     Hash value:   1792bf23cc6f42784157b9740f29f1b41d195676a166de29003a12a3b9df71b3
   Verifying Hash Integrity ... sha256+ OK
## Loading fdt from FIT Image at 7a2992c0 ...
   Using 'conf' configuration
   Trying 'fdt' fdt subimage
     Description:  unavailable
     Type:         Flat Device Tree
     Compression:  uncompressed
     Data Start:   0x7a299ac0
     Data Size:    137367 Bytes = 134.1 KiB
     Architecture: AArch64
     Load Address: 0x08300000
     Hash algo:    sha256
     Hash value:   702405c9728899cc1e3e52529d3755a8ebae747f361f82dfe9a4d2062e3fed7c
   Verifying Hash Integrity ... sha256+ OK
   Loading fdt from 0x08300000 to 0x08300000
   Booting using the fdt blob at 0x08300000
   Loading Kernel Image from 0x7a2bb4c0 to 0x00280000 ... OK
   kernel loaded at 0x00280000, end = 0x017bc808
  'reserved-memory' ramoops@110000: addr=110000 size=f0000
   Using Device Tree in place at 0000000008300000, end 0000000008324896
vp0, plane_mask:0x15, primary-id:4, curser-id:0
vp1, plane_mask:0x2a, primary-id:5, curser-id:1
vp2, plane_mask:0x0, primary-id:0, curser-id:-1
Adding bank: 0x00200000 - 0x08400000 (size: 0x08200000)
Adding bank: 0x09400000 - 0x80000000 (size: 0x76c00000)
Total: 1410.896 ms

Starting kernel ...

[    0.000000] Booting Linux on physical CPU 0x0000000000 [0x412fd050]
[    0.000000] Linux version 4.19.232 (gecedu@Gecedu) (gcc version 10.3.1 20210621 (GNU Toolchain for the A-profile Architecture 10.3-2021.07 (arm-10.29)), GNU ld (GNU Toolchain for the A-profile Architecture 10.3-2021.07 (arm-10.29)) 2.36.1.20210621) #5 SMP Thu Aug 14 19:27:53 CST 2025
[    0.000000] Machine model: Rockchip RK3568 EVB1 DDR4 V10 Board
[    0.000000] earlycon: uart8250 at MMIO32 0x00000000fe660000 (options '')
[    0.000000] bootconsole [uart8250] enabled
[    0.000000] cma: Reserved 16 MiB at 0x000000007ec00000
[    0.000000] psci: probing for conduit method from DT.
[    0.000000] psci: PSCIv1.1 detected in firmware.
[    0.000000] psci: Using standard PSCI v0.2 function IDs
[    0.000000] psci: Trusted OS migration not required
[    0.000000] psci: SMC Calling Convention v1.2
[    0.000000] percpu: Embedded 23 pages/cpu s54184 r8192 d31832 u94208
[    0.000000] Detected VIPT I-cache on CPU0
[    0.000000] CPU features: detected: Virtualization Host Extensions
[    0.000000] CPU features: detected: Speculative Store Bypassing Safe (SSBS)
[    0.000000] Built 1 zonelists, mobility grouping on.  Total pages: 511496
[    0.000000] Kernel command line: storagemedia=emmc androidboot.storagemedia=emmc androidboot.mode=normal  androidboot.verifiedbootstate=orange rw rootwait earlycon=uart8250,mmio32,0xfe660000 console=ttyFIQ0 root=PARTUUID=614e0000-0000
[    0.000000] Dentry cache hash table entries: 262144 (order: 9, 2097152 bytes)
[    0.000000] Inode-cache hash table entries: 131072 (order: 8, 1048576 bytes)
[    0.000000] mem auto-init: stack:off, heap alloc:off, heap free:off
[    0.000000] Memory: 2001212K/2078720K available (13566K kernel code, 1842K rwdata, 4756K rodata, 1536K init, 502K bss, 61124K reserved, 16384K cma-reserved)
[    0.000000] SLUB: HWalign=64, Order=0-3, MinObjects=0, CPUs=4, Nodes=1
[    0.000000] ftrace: allocating 49823 entries in 195 pages
[    0.000000] rcu: Hierarchical RCU implementation.
[    0.000000] rcu:     RCU event tracing is enabled.
[    0.000000] rcu:     RCU restricting CPUs from NR_CPUS=8 to nr_cpu_ids=4.
[    0.000000] rcu: Adjusting geometry for rcu_fanout_leaf=16, nr_cpu_ids=4
[    0.000000] NR_IRQS: 64, nr_irqs: 64, preallocated irqs: 0
[    0.000000] GICv3: GIC: Using split EOI/Deactivate mode
[    0.000000] GICv3: Distributor has no Range Selector support
[    0.000000] GICv3: no VLPI support, no direct LPI support
[    0.000000] ITS [mem 0xfd440000-0xfd45ffff]
[    0.000000] ITS@0x00000000fd440000: allocated 8192 Devices @7e4f0000 (indirect, esz 8, psz 64K, shr 0)
[    0.000000] ITS@0x00000000fd440000: allocated 32768 Interrupt Collections @7e500000 (flat, esz 2, psz 64K, shr 0)
[    0.000000] ITS: using cache flushing for cmd queue
[    0.000000] GIC: using LPI property table @0x000000007e510000
[    0.000000] GICv3: CPU0: found redistributor 0 region 0:0x00000000fd460000
[    0.000000] CPU0: using LPI pending table @0x000000007e520000
[    0.000000] GIC: using cache flushing for LPI property table
[    0.000000] random: random: get_random_bytes called from start_kernel+0x358/0x4e0 with crng_init=0
[    0.000000] arch_timer: cp15 timer(s) running at 24.00MHz (phys).
[    0.000000] clocksource: arch_sys_counter: mask: 0xffffffffffffff max_cycles: 0x588fe9dc0, max_idle_ns: 440795202592 ns
[    0.000004] sched_clock: 56 bits at 24MHz, resolution 41ns, wraps every 4398046511097ns
[    0.001660] Console: colour dummy device 80x25
[    0.002102] Calibrating delay loop (skipped), value calculated using timer frequency.. 48.00 BogoMIPS (lpj=80000)
[    0.003056] pid_max: default: 32768 minimum: 301
[    0.003590] Mount-cache hash table entries: 4096 (order: 3, 32768 bytes)
[    0.004217] Mountpoint-cache hash table entries: 4096 (order: 3, 32768 bytes)
[    0.005988] ASID allocator initialised with 32768 entries
[    0.006587] rcu: Hierarchical SRCU implementation.
[    0.008864] Platform MSI: interrupt-controller@fd440000 domain created
[    0.009815] PCI/MSI: /interrupt-controller@fd400000/interrupt-controller@fd440000 domain created
[    0.011146] smp: Bringing up secondary CPUs ...
I/TC: Secondary CPU 1 initializing
I/TC: Secondary CPU 1 switching to normal world boot
I/TC: Secondary CPU 2 initializing
I/TC: Secondary CPU 2 switching to normal world boot
I/TC: Secondary CPU 3 initializing
I/TC: Secondary CPU 3 switching to normal world boot
[    0.012782] Detected VIPT I-cache on CPU1
[    0.012811] GICv3: CPU1: found redistributor 100 region 0:0x00000000fd480000
[    0.012845] CPU1: using LPI pending table @0x000000007e6b0000
[    0.012886] CPU1: Booted secondary processor 0x0000000100 [0x412fd050]
[    0.014114] Detected VIPT I-cache on CPU2
[    0.014136] GICv3: CPU2: found redistributor 200 region 0:0x00000000fd4a0000
[    0.014171] CPU2: using LPI pending table @0x000000007e700000
[    0.014204] CPU2: Booted secondary processor 0x0000000200 [0x412fd050]
[    0.015400] Detected VIPT I-cache on CPU3
[    0.015420] GICv3: CPU3: found redistributor 300 region 0:0x00000000fd4c0000
[    0.015458] CPU3: using LPI pending table @0x000000007e720000
[    0.015490] CPU3: Booted secondary processor 0x0000000300 [0x412fd050]
[    0.015571] smp: Brought up 1 node, 4 CPUs
[    0.022393] SMP: Total of 4 processors activated.
[    0.022827] CPU features: detected: GIC system register CPU interface
[    0.023419] CPU features: detected: Privileged Access Never
[    0.023932] CPU features: detected: LSE atomic instructions
[    0.024445] CPU features: detected: User Access Override
[    0.024938] CPU features: detected: 32-bit EL0 Support
[    0.025410] CPU features: detected: RAS Extension Support
[    0.026031] CPU: All CPU(s) started at EL2
[    0.026433] alternatives: patching kernel code
[    0.031169] devtmpfs: initialized
[    0.048805] Registered cp15_barrier emulation handler
[    0.049283] Registered setend emulation handler
[    0.049917] clocksource: jiffies: mask: 0xffffffff max_cycles: 0xffffffff, max_idle_ns: 6370867519511994 ns
[    0.050863] futex hash table entries: 1024 (order: 4, 65536 bytes)
[    0.051912] pinctrl core: initialized pinctrl subsystem
[    0.053135] NET: Registered protocol family 16
[    0.056385] cpuidle: using governor menu
[    0.056778] Registered FIQ tty driver
[    0.057508] hw-breakpoint: found 6 breakpoint and 4 watchpoint registers.
[    0.059188] DMA: preallocated 256 KiB pool for atomic allocations
[    0.061985] ramoops: dmesg-0 0x20000@0x0000000000110000
[    0.063382] ramoops: console 0x80000@0x0000000000130000
[    0.063872] ramoops: pmsg    0x50000@0x00000000001b0000
[    0.064653] console [pstore-1] enabled
[    0.065000] pstore: Registered ramoops as persistent store backend
[    0.065570] ramoops: attached 0xf0000@0x110000, ecc: 0/0
[    0.090626] rockchip-gpio fdd60000.gpio: probed gpio0 (fdd60000.gpio)
[    0.091675] rockchip-gpio fe740000.gpio: probed gpio1 (fe740000.gpio)
[    0.092668] rockchip-gpio fe750000.gpio: probed gpio2 (fe750000.gpio)
[    0.093671] rockchip-gpio fe760000.gpio: probed gpio3 (fe760000.gpio)
[    0.094686] rockchip-gpio fe770000.gpio: probed gpio4 (fe770000.gpio)
[    0.095350] rockchip-pinctrl pinctrl: probed pinctrl
[    0.104763] cryptd: max_cpu_qlen set to 1000
[[    0.106397] console [ttyFIQ0] enabled
    0.106397] console [ttyFIQ0] enabled
[    0.107067] bootconsole [uart8250] disabled
[    0.107067] bootconsole [uart8250] disabled
[    0.107632] Registered fiq debugger ttyFIQ0
[    0.108353] vcc3v3_sys: supplied by dc_12v
[    0.108637] vcc5v0_sys: supplied by dc_12v
[    0.108924] vcc5v0_usb: supplied by dc_12v
[    0.109273] vcc5v0_host: supplied by vcc5v0_usb
[    0.109629] vcc5v0_otg: supplied by vcc5v0_usb
[    0.109937] vcc3v3_lcd0_n: supplied by vcc3v3_sys
[    0.110235] vcc3v3_lcd1_n: supplied by vcc3v3_sys
[    0.110521] vcc2v5-sys: supplied by vcc3v3_sys
[    0.110842] vcc3v3_vga: supplied by vcc3v3_sys
[    0.111131] pcie30_avdd0v9: supplied by vcc3v3_sys
[    0.111420] pcie30_avdd1v8: supplied by vcc3v3_sys
[    0.111709] vcc3v3_pcie: supplied by dc_12v
[    0.121094] vcc3v3_bu: supplied by vcc5v0_sys
[    0.122068] rk_iommu fde4b000.iommu: version = 2
[    0.122502] rk_iommu fdea0800.iommu: version = 2
[    0.122793] rk_iommu fded0480.iommu: version = 2
[    0.123128] rk_iommu fdee0800.iommu: version = 2
[    0.123425] rk_iommu fdef0800.iommu: version = 2
[    0.123692] rk_iommu fdf40f00.iommu: version = 2
[    0.124022] rk_iommu fdf80800.iommu: version = 2
[    0.124340] rk_iommu fdff1a00.iommu: version = 2
[    0.124617] rk_iommu fe043e00.iommu: version = 2
[    0.125302] SCSI subsystem initialized
[    0.125520] usbcore: registered new interface driver usbfs
[    0.125572] usbcore: registered new interface driver hub
[    0.125623] usbcore: registered new device driver usb
[    0.125679] media: Linux media interface: v0.10
[    0.125725] videodev: Linux video capture interface: v2.00
[    0.125795] pps_core: LinuxPPS API ver. 1 registered
[    0.125810] pps_core: Software ver. 5.3.6 - Copyright 2005-2007 Rodolfo Giometti <giometti@linux.it>
[    0.125834] PTP clock support registered
[    0.126109] arm-scmi firmware:scmi: SCMI Protocol v2.0 'rockchip:' Firmware version 0x0
[    0.128091] Advanced Linux Sound Architecture Driver Initialized.
[    0.128481] Bluetooth: Core ver 2.22
[    0.128530] NET: Registered protocol family 31
[    0.128544] Bluetooth: HCI device and connection manager initialized
[    0.128563] Bluetooth: HCI socket layer initialized
[    0.128579] Bluetooth: L2CAP socket layer initialized
[    0.128626] Bluetooth: SCO socket layer initialized
[    0.130011] rockchip-cpuinfo cpuinfo: SoC            : 35683000
[    0.130039] rockchip-cpuinfo cpuinfo: Serial         : 92c78ea0124d526e
[    0.130920] clocksource: Switched to clocksource arch_sys_counter
[    0.192413] thermal thermal_zone1: power_allocator: sustainable_power will be estimated
[    0.192699] NET: Registered protocol family 2
[    0.192842] IP idents hash table entries: 32768 (order: 6, 262144 bytes)
[    0.193726] tcp_listen_portaddr_hash hash table entries: 1024 (order: 3, 40960 bytes)
[    0.193776] TCP established hash table entries: 16384 (order: 5, 131072 bytes)
[    0.193868] TCP bind hash table entries: 16384 (order: 7, 524288 bytes)
[    0.194228] TCP: Hash tables configured (established 16384 bind 16384)
[    0.194394] UDP hash table entries: 1024 (order: 4, 98304 bytes)
[    0.194479] UDP-Lite hash table entries: 1024 (order: 4, 98304 bytes)
[    0.194672] NET: Registered protocol family 1
[    0.195142] RPC: Registered named UNIX socket transport module.
[    0.195154] RPC: Registered udp transport module.
[    0.195166] RPC: Registered tcp transport module.
[    0.195179] RPC: Registered tcp NFSv4.1 backchannel transport module.
[    0.197135] hw perfevents: enabled with armv8_pmuv3 PMU driver, 7 counters available
[    0.198852] Initialise system trusted keyrings
[    0.199014] workingset: timestamp_bits=61 max_order=19 bucket_order=0
[    0.204171] squashfs: version 4.0 (2009/01/31) Phillip Lougher
[    0.204878] NFS: Registering the id_resolver key type
[    0.204912] Key type id_resolver registered
[    0.204920] Key type id_legacy registered
[    0.204949] ntfs: driver 2.1.32 [Flags: R/O].
[    0.205116] jffs2: version 2.2. (NAND) ? 2001-2006 Red Hat, Inc.
[    0.205284] fuse init (API version 7.27)
[    0.205602] SGI XFS with security attributes, no debug enabled
[    0.207698] NET: Registered protocol family 38
[    0.207732] Key type asymmetric registered
[    0.207747] Asymmetric key parser 'x509' registered
[    0.207791] Block layer SCSI generic (bsg) driver version 0.4 loaded (major 243)
[    0.207807] io scheduler noop registered
[    0.207815] io scheduler deadline registered
[    0.207911] io scheduler cfq registered (default)
[    0.207928] io scheduler mq-deadline registered
[    0.207941] io scheduler kyber registered
[    0.208878] rockchip-csi2-dphy csi2-dphy0: csi2 dphy0 probe successfully!
[    0.209026] rockchip-csi2-dphy-hw fe870000.csi2-dphy-hw: csi2 dphy hw probe successfully!
[    0.211120] phy phy-fe8a0000.usb2-phy.0: Linked as a consumer to regulator.5
[    0.211353] phy phy-fe8a0000.usb2-phy.1: Linked as a consumer to regulator.6
[    0.212648] extcon extcon1: failed to create extcon usb2-phy link
[    0.212758] phy phy-fe8b0000.usb2-phy.2: Linked as a consumer to regulator.5
[    0.212885] phy phy-fe8b0000.usb2-phy.3: Linked as a consumer to regulator.5
[    0.212995] phy phy-fe8b0000.usb2-phy.3: No vbus specified for otg port
[    0.220599] rk-pcie 3c0800000.pcie: Linked as a consumer to regulator.13
[    0.221030] pwm-backlight backlight: backlight supply power not found, using dummy regulator
[    0.221093] pwm-backlight backlight: Linked as a consumer to regulator.0
[    0.221174] rochchip_p3phy_init: lock failed 0x6890000, check input refclk and power supply
[    0.221198] phy phy-fe8c0000.phy.8: phy init failed --> -110
[    0.221213] rk-pcie 3c0800000.pcie: fail to init phy, err -110
[    0.221225] rk-pcie 3c0800000.pcie: phy init failed
[    0.221307] pwm-backlight backlight1: backlight1 supply power not found, using dummy regulator
[    0.221364] pwm-backlight backlight1: Linked as a consumer to regulator.0
[    0.221588] mpp_service mpp-srv: ddc1c24c52b5 author: Herman Chen 2022-11-16 video: rockchip: mpp: Fix mpp_dev_release crash
[    0.221606] mpp_service mpp-srv: probe start
[    0.222976] iommu: Adding device fdf40000.rkvenc to group 5
[    0.223014] mpp_rkvenc fdf40000.rkvenc: Linked as a consumer to fdf40f00.iommu
[    0.223194] mpp_rkvenc fdf40000.rkvenc: probing start
[    0.223475] mpp_rkvenc fdf40000.rkvenc: venc regulator not ready, retry
[    0.223492] rkvenc_init:1199: failed to add venc devfreq
[    0.224699] iommu: Adding device fdea0400.vdpu to group 1
[    0.224734] mpp_vdpu2 fdea0400.vdpu: Linked as a consumer to fdea0800.iommu
[    0.224882] mpp_vdpu2 fdea0400.vdpu: probe device
[    0.225306] mpp_vdpu2 fdea0400.vdpu: probing finish
[    0.225803] iommu: Adding device fdee0000.vepu to group 3
[    0.225830] mpp_vepu2 fdee0000.vepu: Linked as a consumer to fdee0800.iommu
[    0.225998] mpp_vepu2 fdee0000.vepu: probe device
[    0.226410] mpp_vepu2 fdee0000.vepu: probing finish
[    0.226896] iommu: Adding device fdef0000.iep to group 4
[    0.226928] mpp-iep2 fdef0000.iep: Linked as a consumer to fdef0800.iommu
[    0.227054] mpp-iep2 fdef0000.iep: probe device
[    0.227355] mpp-iep2 fdef0000.iep: allocate roi buffer failed
[    0.227516] mpp-iep2 fdef0000.iep: probing finish
[    0.228020] iommu: Adding device fded0000.jpegd to group 2
[    0.228052] mpp_jpgdec fded0000.jpegd: Linked as a consumer to fded0480.iommu
[    0.228174] mpp_jpgdec fded0000.jpegd: probe device
[    0.228591] mpp_jpgdec fded0000.jpegd: probing finish
[    0.229085] iommu: Adding device fdf80200.rkvdec to group 6
[    0.229117] mpp_rkvdec2 fdf80200.rkvdec: Linked as a consumer to fdf80800.iommu
[    0.229322] mpp_rkvdec2 fdf80200.rkvdec: probing start
[    0.229358] mpp_rkvdec2 fdf80200.rkvdec: 16 task capacity link mode detected
[    0.229645] mpp_rkvdec2 fdf80200.rkvdec: shared_niu_a is not found!
[    0.229655] rkvdec2_init:925: No niu aclk reset resource define
[    0.229673] mpp_rkvdec2 fdf80200.rkvdec: shared_niu_h is not found!
[    0.229685] rkvdec2_init:928: No niu hclk reset resource define
[    0.229737] mpp_rkvdec2 fdf80200.rkvdec: vdec regulator not ready, retry
[    0.229750] rkvdec2_init:942: failed to add vdec devfreq
[    0.229928] mpp_rkvdec2 fdf80200.rkvdec: probe sub driver failed
[    0.230239] mpp_service mpp-srv: probe success
[    0.234012] dma-pl330 fe530000.dmac: Loaded driver for PL330 DMAC-241330
[    0.234038] dma-pl330 fe530000.dmac:         DBUFF-128x8bytes Num_Chans-8 Num_Peri-32 Num_Events-16
[    0.236000] dma-pl330 fe550000.dmac: Loaded driver for PL330 DMAC-241330
[    0.236023] dma-pl330 fe550000.dmac:         DBUFF-128x8bytes Num_Chans-8 Num_Peri-32 Num_Events-16
[    0.237395] rockchip-system-monitor rockchip-system-monitor: system monitor probe
[    0.238267] Serial: 8250/16550 driver, 10 ports, IRQ sharing disabled
[    0.238852] fdd50000.serial: ttyS0 at MMIO 0xfdd50000 (irq = 17, base_baud = 1500000) is a 16550A
[    0.239418] fe650000.serial: ttyS1 at MMIO 0xfe650000 (irq = 66, base_baud = 1500000) is a 16550A
[    0.239785] fe670000.serial: ttyS3 at MMIO 0xfe670000 (irq = 67, base_baud = 1500000) is a 16550A
[    0.240150] fe680000.serial: ttyS4 at MMIO 0xfe680000 (irq = 68, base_baud = 1500000) is a 16550A
[    0.240544] fe6c0000.serial: ttyS8 at MMIO 0xfe6c0000 (irq = 69, base_baud = 1500000) is a 16550A
[    0.243023] random: fast init done
[    0.243369] iommu: Adding device fe040000.vop to group 8
[    0.243406] rockchip-vop2 fe040000.vop: Linked as a consumer to fe043e00.iommu
[    0.243543] random: crng init done
[    0.247862] rockchip-drm display-subsystem: Linked as a consumer to fe040000.vop
[    0.248886] rockchip-drm display-subsystem: Linked as a consumer to fe0a0000.hdmi
[    0.249290] rockchip-drm display-subsystem: Linked as a consumer to fe060000.dsi
[    0.250627] rockchip-drm display-subsystem: defer getting devfreq
[    0.250857] rockchip-vop2 fe040000.vop: [drm:vop2_bind] vp0 assign plane mask: 0x15, primary plane phy id: 4
[    0.250883] rockchip-vop2 fe040000.vop: [drm:vop2_bind] vp1 assign plane mask: 0x2a, primary plane phy id: 5
[    0.250898] rockchip-vop2 fe040000.vop: [drm:vop2_bind] vp2 assign plane mask: 0x0, primary plane phy id: -1
[    0.251009] [drm] unsupported AFBC format[3432564e]
[    0.251065] rockchip-vop2 fe040000.vop: [drm:vop2_bind] Cluster0-win0 as cursor plane for vp0
[    0.251175] rockchip-vop2 fe040000.vop: [drm:vop2_bind] Cluster1-win0 as cursor plane for vp1
[    0.251253] [drm] failed to init overlay plane Cluster0-win1, ret:-13
[    0.251267] [drm] failed to init overlay plane Cluster1-win1, ret:-13
[    0.251399] rockchip-drm display-subsystem: bound fe040000.vop (ops 0xffffff8008e9e1f0)
[    0.251591] dwhdmi-rockchip fe0a0000.hdmi: Detected HDMI TX controller v2.11a with HDCP (DWC HDMI 2.0 TX PHY)
[    0.252121] dwhdmi-rockchip fe0a0000.hdmi: registered DesignWare HDMI I2C bus driver
